/Users/al/git/Starbase2/assets-production/scripts/build_remaining_structures.py:159: DeprecationWarning: 'Material.use_nodes' is expected to be removed in Blender 6.0
  mat.use_nodes = True
Info: Saved as "command-polished.blend"
INFO Draco is available, use library at /Applications/Blender.app/Contents/Resources/5.2/scripts/addons_core/io_scene_gltf2/libbf_intern_draco_bridge.dylib
INFO MeshOptimizer is available, use library at /Applications/Blender.app/Contents/Resources/5.2/scripts/addons_core/io_scene_gltf2/libbf_intern_meshopt_bridge.dylib
14:37:42 | INFO: Starting glTF 2.0 export
14:37:42 | INFO: Extracting primitive: Cube.354
14:37:42 | INFO: Primitives created: 1
14:37:42 | INFO: Extracting primitive: Text
14:37:42 | INFO: Primitives created: 1
14:37:42 | INFO: Extracting primitive: Cube.353
14:37:42 | INFO: Primitives created: 1
14:37:42 | INFO: Extracting primitive: Cube.361
14:37:42 | INFO: Primitives created: 1
14:37:42 | INFO: Extracting primitive: Cube.360
14:37:42 | INFO: Primitives created: 1
14:37:42 | INFO: Extracting primitive: Cube.359
14:37:42 | INFO: Primitives created: 1
14:37:42 | INFO: Extracting primitive: Cube.358
14:37:42 | INFO: Primitives created: 1
14:37:42 | INFO: Extracting primitive: Cube.365
14:37:42 | INFO: Primitives created: 1
14:37:42 | INFO: Extracting primitive: Cube.364
14:37:42 | INFO: Primitives created: 1
14:37:42 | INFO: Extracting primitive: Cube.363
14:37:42 | INFO: Primitives created: 1
14:37:42 | INFO: Extracting primitive: Cube.362
14:37:42 | INFO: Primitives created: 1
14:37:42 | INFO: Extracting primitive: Cube.194
14:37:42 | INFO: Primitives created: 1
14:37:42 | INFO: Extracting primitive: Cube.002
14:37:42 | INFO: Primitives created: 1
14:37:42 | INFO: Extracting primitive: Cube.001
14:37:42 | INFO: Primitives created: 1
14:37:42 | INFO: Extracting primitive: Cube.431
14:37:42 | INFO: Primitives created: 1
14:37:42 | INFO: Extracting primitive: Cylinder.004
14:37:42 | INFO: Primitives created: 1
14:37:42 | INFO: Extracting primitive: Text.001
14:37:42 | INFO: Primitives created: 1
14:37:42 | INFO: Extracting primitive: Cube.196
14:37:42 | INFO: Primitives created: 1
14:37:42 | INFO: Extracting primitive: Cube.199
14:37:42 | INFO: Primitives created: 1
14:37:42 | INFO: Extracting primitive: Cube.200
14:37:42 | INFO: Primitives created: 1
14:37:42 | INFO: Extracting primitive: Cube.201
14:37:42 | INFO: Primitives created: 1
14:37:42 | INFO: Finished glTF 2.0 export in 0.0368039608001709 s

14:37:42 | INFO: Starting glTF 2.0 export
14:37:42 | INFO: Extracting primitive: Cube.378
14:37:42 | INFO: Primitives created: 1
14:37:42 | INFO: Extracting primitive: Cube.383
14:37:42 | INFO: Primitives created: 1
14:37:42 | INFO: Extracting primitive: Cube.413
14:37:42 | INFO: Primitives created: 1
14:37:42 | INFO: Extracting primitive: Cube.377
14:37:42 | INFO: Primitives created: 1
14:37:42 | INFO: Extracting primitive: Cube.375
14:37:42 | INFO: Primitives created: 1
14:37:42 | INFO: Extracting primitive: Cube.376
14:37:42 | INFO: Primitives created: 1
14:37:42 | INFO: Extracting primitive: Cube.382
14:37:42 | INFO: Primitives created: 1
14:37:42 | INFO: Finished glTF 2.0 export in 0.00736689567565918 s

STRUCTURE_AUTHORED command
Blender 5.2.1 LTS (hash 9e2066aef7ef built 2026-08-25 01:35:57)

Blender quit
