/Users/al/git/Starbase2/art/engineering-polish/build_engineering.py:34: DeprecationWarning: 'Material.use_nodes' is expected to be removed in Blender 6.0
  mat.use_nodes = True
Info: Saved as "engineering-architecture.blend"
INFO Draco is available, use library at /Applications/Blender.app/Contents/Resources/5.2/scripts/addons_core/io_scene_gltf2/libbf_intern_draco_bridge.dylib
INFO MeshOptimizer is available, use library at /Applications/Blender.app/Contents/Resources/5.2/scripts/addons_core/io_scene_gltf2/libbf_intern_meshopt_bridge.dylib
12:12:48 | INFO: Starting glTF 2.0 export
12:12:48 | INFO: Extracting primitive: Cube.249
12:12:48 | INFO: Primitives created: 1
12:12:48 | INFO: Extracting primitive: Cylinder.001
12:12:48 | INFO: Primitives created: 1
12:12:48 | INFO: Extracting primitive: Cube.250
12:12:48 | INFO: Primitives created: 1
12:12:48 | INFO: Extracting primitive: Cube.244
12:12:48 | INFO: Primitives created: 1
12:12:48 | INFO: Extracting primitive: Cube.247
12:12:48 | INFO: Primitives created: 1
12:12:48 | INFO: Extracting primitive: Cube.337
12:12:48 | INFO: Primitives created: 1
12:12:48 | INFO: Extracting primitive: Cylinder.002
12:12:48 | INFO: Primitives created: 1
12:12:48 | INFO: Extracting primitive: Cube.338
12:12:48 | INFO: Primitives created: 1
12:12:48 | INFO: Extracting primitive: Cube.245
12:12:48 | INFO: Primitives created: 1
12:12:48 | INFO: Extracting primitive: Cube.335
12:12:48 | INFO: Primitives created: 1
12:12:48 | INFO: Extracting primitive: Cube.398
12:12:48 | INFO: Primitives created: 1
12:12:48 | INFO: Extracting primitive: Cube.395
12:12:48 | INFO: Primitives created: 1
12:12:48 | INFO: Extracting primitive: Cube.396
12:12:48 | INFO: Primitives created: 1
12:12:48 | INFO: Extracting primitive: Cube.397
12:12:48 | INFO: Primitives created: 1
12:12:48 | INFO: Extracting primitive: Cube.402
12:12:48 | INFO: Primitives created: 1
12:12:48 | INFO: Extracting primitive: Cube.399
12:12:48 | INFO: Primitives created: 1
12:12:48 | INFO: Extracting primitive: Cube.400
12:12:48 | INFO: Primitives created: 1
12:12:48 | INFO: Extracting primitive: Cube.401
12:12:48 | INFO: Primitives created: 1
12:12:48 | INFO: Extracting primitive: Cube.242
12:12:48 | INFO: Primitives created: 1
12:12:48 | INFO: Extracting primitive: Cube.003
12:12:48 | INFO: Primitives created: 1
12:12:48 | INFO: Extracting primitive: Cube.002
12:12:48 | INFO: Primitives created: 1
12:12:48 | INFO: Extracting primitive: Cube.001
12:12:48 | INFO: Primitives created: 1
12:12:48 | INFO: Extracting primitive: Cube.492
12:12:48 | INFO: Primitives created: 1
12:12:48 | INFO: Extracting primitive: Cube.405
12:12:48 | INFO: Primitives created: 1
12:12:48 | INFO: Extracting primitive: Cube.403
12:12:48 | INFO: Primitives created: 1
12:12:48 | INFO: Extracting primitive: Cube.404
12:12:48 | INFO: Primitives created: 1
12:12:48 | INFO: Finished glTF 2.0 export in 0.03926229476928711 s

12:12:48 | INFO: Starting glTF 2.0 export
12:12:48 | INFO: Extracting primitive: Cube.512
12:12:48 | INFO: Primitives created: 1
12:12:48 | INFO: Extracting primitive: Cylinder.007
12:12:48 | INFO: Primitives created: 1
12:12:48 | INFO: Extracting primitive: Cube.507
12:12:48 | INFO: Primitives created: 1
12:12:48 | INFO: Extracting primitive: Cube.506
12:12:48 | INFO: Primitives created: 1
12:12:48 | INFO: Extracting primitive: Cylinder.009
12:12:48 | INFO: Primitives created: 1
12:12:48 | INFO: Extracting primitive: Cube.505
12:12:48 | INFO: Primitives created: 1
12:12:48 | INFO: Finished glTF 2.0 export in 0.007942914962768555 s

ENGINEERING_ARCHITECTURE_EXPORTED
Blender 5.2.1 LTS (hash 9e2066aef7ef built 2026-08-25 01:35:57)

Blender quit
