python3 scripts/check_world.py
Godot Engine v4.7.2.stable.official.ed1daf0bf - https://godotengine.org

[   0% ] [90m[1mfirst_scan_filesystem[22m | Started Project initialization (5 steps)[39m[0m
[   0% ] [90m[1mfirst_scan_filesystem[22m | Scanning file structure...[39m[0m
[  16% ] [90m[1mfirst_scan_filesystem[22m | Loading global class names...[39m[0m
[  33% ] [90m[1mfirst_scan_filesystem[22m | Verifying GDExtensions...[39m[0m
[  50% ] [90m[1mfirst_scan_filesystem[22m | Creating autoload scripts...[39m[0m
[  66% ] [90m[1mfirst_scan_filesystem[22m | Initializing plugins...[39m[0m
[  83% ] [90m[1mfirst_scan_filesystem[22m | Starting file scan...[39m[0m
[92m[ DONE ][39m [1mfirst_scan_filesystem[22m
[0m
[   0% ] [90m[1mupdate_scripts_classes[22m | Started Registering global classes... (5 steps)[39m[0m
[   0% ] [90m[1mupdate_scripts_classes[22m | [39m[0m
[  16% ] [90m[1mupdate_scripts_classes[22m | [39m[0m
[  33% ] [90m[1mupdate_scripts_classes[22m | [39m[0m
[  50% ] [90m[1mupdate_scripts_classes[22m | [39m[0m
[  66% ] [90m[1mupdate_scripts_classes[22m | [39m[0m
[92m[ DONE ][39m [1mupdate_scripts_classes[22m
[0m
[   0% ] [90m[1mloading_editor_layout[22m | Started Loading editor (5 steps)[39m[0m
[   0% ] [90m[1mloading_editor_layout[22m | Loading editor layout...[39m[0m
[  16% ] [90m[1mloading_editor_layout[22m | Loading docks...[39m[0m
[92m[ DONE ][39m [1mloading_editor_layout[22m
[0m

Godot Engine v4.7.2.stable.official.ed1daf0bf - https://godotengine.org

Godot state checks passed: disconnected, empty, stale, missing evidence, terminal and pending states

Godot Engine v4.7.2.stable.official.ed1daf0bf - https://godotengine.org

Command board checks passed: fixture/offline command fences, findings, coverage and compact bounds

Godot Engine v4.7.2.stable.official.ed1daf0bf - https://godotengine.org

SCRIPT ERROR: Invalid access to property or key 'watchkeeper' on a base object of type 'Dictionary'.
          at: _physics_process (res://world.gd:519)
          GDScript backtrace (most recent call first):
              [0] _physics_process (res://world.gd:519)
SCRIPT ERROR: Invalid access to property or key 'watchkeeper' on a base object of type 'Dictionary'.
          at: _physics_process (res://world.gd:519)
          GDScript backtrace (most recent call first):
              [0] _physics_process (res://world.gd:519)
SCRIPT ERROR: Invalid access to property or key 'watchkeeper' on a base object of type 'Dictionary'.
          at: _physics_process (res://world.gd:519)
          GDScript backtrace (most recent call first):
              [0] _physics_process (res://world.gd:519)
SCRIPT ERROR: Invalid access to property or key 'watchkeeper' on a base object of type 'Dictionary'.
          at: _physics_process (res://world.gd:519)
          GDScript backtrace (most recent call first):
              [0] _physics_process (res://world.gd:519)
SCRIPT ERROR: Invalid access to property or key 'watchkeeper' on a base object of type 'Dictionary'.
          at: _physics_process (res://world.gd:519)
          GDScript backtrace (most recent call first):
              [0] _physics_process (res://world.gd:519)
SCRIPT ERROR: Invalid access to property or key 'watchkeeper' on a base object of type 'Dictionary'.
          at: _physics_process (res://world.gd:519)
          GDScript backtrace (most recent call first):
              [0] _physics_process (res://world.gd:519)
SCRIPT ERROR: Invalid access to property or key 'watchkeeper' on a base object of type 'Dictionary'.
          at: _physics_process (res://world.gd:519)
          GDScript backtrace (most recent call first):
              [0] _physics_process (res://world.gd:519)
SCRIPT ERROR: Invalid access to property or key 'watchkeeper' on a base object of type 'Dictionary'.
          at: _physics_process (res://world.gd:519)
          GDScript backtrace (most recent call first):
              [0] _physics_process (res://world.gd:519)
SCRIPT ERROR: Invalid access to property or key 'watchkeeper' on a base object of type 'Dictionary'.
          at: _physics_process (res://world.gd:519)
          GDScript backtrace (most recent call first):
              [0] _physics_process (res://world.gd:519)
Visual fixture cannot open a live operational Command board or dispatch work

Godot validation failed; inspect the retained command output.
error: recipe `check-world` failed on line 62 with exit code 1
