00:00.300  blend            | Read blend: "/Users/al/git/Starbase2/art/engineering-polish/engineer.blend"
Hips (0.004249530844390392, 0.005846523679792881, 1.0384962558746338) (0.009466010145843029, 0.02308030053973198, 1.1776686906814575)
LeftUpLeg (0.10753645747900009, -0.0001225953019456938, 0.9436836242675781) (0.15131165087223053, -0.023999124765396118, 0.5644328594207764)
LeftLeg (0.1513117551803589, -0.02399919182062149, 0.5644329190254211) (0.1625213623046875, 0.07094083726406097, 0.14085884392261505)
LeftFoot (0.1625213921070099, 0.07094080746173859, 0.14085881412029266) (0.17995712161064148, -0.04804674908518791, 0.043270912021398544)
LeftToeBase (0.17995701730251312, -0.048046763986349106, 0.04327089339494705) (2.425377130508423, -15.371644973754883, 0.04327227547764778)
RightUpLeg (-0.1012977883219719, -0.0001342363393632695, 0.9433398246765137) (-0.14579766988754272, -0.02405794896185398, 0.562713086605072)
RightLeg (-0.14579768478870392, -0.024057898670434952, 0.562713086605072) (-0.1625843048095703, 0.06781236082315445, 0.13497088849544525)
RightFoot (-0.1625843644142151, 0.0678124949336052, 0.13497090339660645) (-0.1780790537595749, -0.050166353583335876, 0.043051280081272125)
RightToeBase (-0.17807914316654205, -0.05016636848449707, 0.04305136203765869) (-2.1359949111938477, -14.958206176757812, 0.04301506280899048)
Spine02 (0.0035412812139838934, 0.007988848723471165, 1.149263620376587) (0.002833027159795165, 0.010131165385246277, 1.26003098487854)
Spine01 (0.002833025762811303, 0.01013115607202053, 1.2600308656692505) (0.0021247726399451494, 0.012273470871150494, 1.370798110961914)
Spine (0.0021247747354209423, 0.01227348018437624, 1.370798110961914) (0.0013692405773326755, 0.022794784978032112, 1.484937310218811)
LeftShoulder (0.037820737808942795, 0.024433771148324013, 1.479042887687683) (0.1806046962738037, 0.036594048142433167, 1.479042887687683)
LeftArm (0.18060453236103058, 0.03659415990114212, 1.4790427684783936) (0.2111682891845703, -0.1496610939502716, 1.2983779907226562)
LeftForeArm (-0.003910827450454235, -0.14808878302574158, 1.4895901679992676) (-0.19529308378696442, -0.3382223844528198, 1.5021194219589233)
LeftHand (-0.4222322702407837, -0.08057963848114014, 1.740041732788086) (-26.63895034790039, 0.9233614802360535, 8.145221710205078)
RightShoulder (-0.034394219517707825, 0.024465426802635193, 1.4726747274398804) (-0.18047015368938446, 0.03665735572576523, 1.4726747274398804)
RightArm (-0.1804700493812561, 0.03665726259350777, 1.47267484664917) (-0.21029815077781677, -0.14431223273277283, 1.2920382022857666)
RightForeArm (0.005150318145751953, -0.1416330337524414, 1.477856993675232) (0.20964638888835907, -0.33651137351989746, 1.4853259325027466)
RightHand (0.43938711285591125, -0.0754161849617958, 1.718080759048462) (28.18741226196289, -0.5195215344429016, 7.044536113739014)
neck (0.001104053808376193, 0.013596679084002972, 1.4392130374908447) (1.043081288010228e-09, 0.015027886256575584, 1.5132132768630981)
Head (1.3485153438352881e-08, 0.015027848072350025, 1.5132132768630981) (-0.004503636620938778, -0.15623481571674347, 1.818933367729187)
head_end (-0.005039830692112446, -0.060772333294153214, 1.8553317785263062) (-0.17164646089076996, -2.5665698051452637, 13.165111541748047)
headfront (1.4677634219140145e-08, -0.10082457959651947, 1.5132132768630981) (-8.782357241443606e-08, -11.68606948852539, 1.513213038444519)
Blender 5.2.1 LTS (hash 9e2066aef7ef built 2026-08-25 01:35:57)

Blender quit
