00:00.231  blend            | Read blend: "/Users/al/git/Starbase2/art/engineering-polish/engineer.blend"
Hips (0.004249530844390392, 0.005846523679792881, 1.0384962558746338) (0.009466010145843029, 0.02308030053973198, 1.1776686906814575)
LeftUpLeg (0.1075364276766777, -0.00012261388474144042, 0.9436835050582886) (0.15131162106990814, -0.02399914525449276, 0.5644327998161316)
LeftLeg (0.15131168067455292, -0.023999210447072983, 0.5644329190254211) (0.16252128779888153, 0.07094080001115799, 0.14085884392261505)
LeftFoot (0.1625213623046875, 0.0709407776594162, 0.14085882902145386) (0.1799570769071579, -0.048046816140413284, 0.04327089339494705)
LeftToeBase (0.17995701730251312, -0.048046816140413284, 0.04327086731791496) (2.425377368927002, -15.371648788452148, 0.043272022157907486)
RightUpLeg (-0.1012977734208107, -0.00013423159543890506, 0.9433398842811584) (-0.14579766988754272, -0.024057941511273384, 0.562713086605072)
RightLeg (-0.14579768478870392, -0.024057893082499504, 0.562713086605072) (-0.1625843048095703, 0.06781236827373505, 0.13497081398963928)
RightFoot (-0.16258437931537628, 0.06781250238418579, 0.1349707841873169) (-0.17807906866073608, -0.05016634240746498, 0.043051157146692276)
RightToeBase (-0.17807914316654205, -0.050166357308626175, 0.04305122420191765) (-2.1359941959381104, -14.958205223083496, 0.043015822768211365)
Spine02 (0.0035412805154919624, 0.00798884592950344, 1.149263620376587) (0.0028330266941338778, 0.010131163522601128, 1.2600311040878296)
Spine01 (0.002833025762811303, 0.010131148621439934, 1.2600308656692505) (0.0021247724071145058, 0.012273464351892471, 1.370798110961914)
Spine (0.0021247747354209423, 0.012273473665118217, 1.370798110961914) (0.0013692405773326755, 0.022794775664806366, 1.484937310218811)
LeftShoulder (0.0378207303583622, 0.024433765560388565, 1.479042887687683) (0.18060465157032013, 0.03659404069185257, 1.479042887687683)
LeftArm (0.18060442805290222, 0.03659409284591675, 1.4790427684783936) (0.21116818487644196, -0.149661123752594, 1.2983779907226562)
LeftForeArm (0.2111673504114151, -0.1496610790491104, 1.2983777523040771) (0.24149250984191895, -0.34327834844589233, 1.112561821937561)
LeftHand (0.2414931058883667, -0.34327879548072815, 1.1125624179840088) (-3.7430474758148193, -20.273983001708984, -16.670562744140625)
RightShoulder (-0.03439420834183693, 0.02446541003882885, 1.4726744890213013) (-0.18047009408473969, 0.03665733337402344, 1.4726744890213013)
RightArm (-0.18046998977661133, 0.036657314747571945, 1.4726743698120117) (-0.210298091173172, -0.14431218802928925, 1.2920377254486084)
RightForeArm (-0.21029789745807648, -0.14431211352348328, 1.2920379638671875) (-0.24161158502101898, -0.3441576361656189, 1.094722867012024)
RightHand (-0.24161052703857422, -0.34415680170059204, 1.0947221517562866) (2.040079355239868, -20.693939208984375, -18.378347396850586)
neck (0.0011040536919608712, 0.013596665114164352, 1.4392129182815552) (1.1175870229251927e-09, 0.015027872286736965, 1.5132131576538086)
Head (1.6712528250195646e-08, 0.015027908608317375, 1.513213038444519) (-0.004503633826971054, -0.15623480081558228, 1.8189328908920288)
head_end (-0.005039828829467297, -0.06077227368950844, 1.855331540107727) (-0.17164649069309235, -2.566570281982422, 13.165111541748047)
headfront (1.691282136562222e-08, -0.10082446038722992, 1.51321280002594) (-9.0983192535532e-08, -11.68606948852539, 1.5132120847702026)
Blender 5.2.1 LTS (hash 9e2066aef7ef built 2026-08-25 01:35:57)

Blender quit
