12:28:26 | INFO: Data are loaded, start creating Blender stuff
12:28:26 | INFO: Blender create Mesh node mesh
12:28:26 | INFO: glTF import finished in 0.05s
Info: Saved as "containment-reactor.blend"
INFO Draco is available, use library at /Applications/Blender.app/Contents/Resources/5.2/scripts/addons_core/io_scene_gltf2/libbf_intern_draco_bridge.dylib
INFO MeshOptimizer is available, use library at /Applications/Blender.app/Contents/Resources/5.2/scripts/addons_core/io_scene_gltf2/libbf_intern_meshopt_bridge.dylib
12:28:26 | INFO: Starting glTF 2.0 export
12:28:26 | INFO: Extracting primitive: mesh
12:28:26 | WARNING: More than one shader node tex image used for a texture. The resulting glTF sampler will behave like the first shader node tex image.
12:28:26 | INFO: Primitives created: 1
12:28:26 | INFO: Finished glTF 2.0 export in 0.21540307998657227 s

12:28:26 | INFO: Data are loaded, start creating Blender stuff
12:28:26 | INFO: Blender create Mesh node mesh
12:28:27 | INFO: glTF import finished in 0.06s
Info: Saved as "cooling-service-module.blend"
12:28:27 | INFO: Starting glTF 2.0 export
12:28:27 | INFO: Extracting primitive: mesh.001
12:28:27 | WARNING: More than one shader node tex image used for a texture. The resulting glTF sampler will behave like the first shader node tex image.
12:28:27 | INFO: Primitives created: 1
12:28:27 | INFO: Finished glTF 2.0 export in 0.21396422386169434 s

Blender 5.2.1 LTS (hash 9e2066aef7ef built 2026-08-25 01:35:57)

Blender quit
