00:00.275  blend            | Read blend: "/Users/al/git/Starbase2/art/engineering-polish/engineer.blend"
Hips (0.006900590378791094, -0.003549865446984768, 1.117783546447754) (2.0816256999969482, 1.506417989730835, 13.896845817565918)
LeftUpLeg (0.0851234495639801, -0.0978504940867424, 1.0071243047714233) (-4.462810039520264, -27.808982849121094, -34.157737731933594)
LeftLeg (0.03964259475469589, -0.3749698996543884, 0.6554644703865051) (16.158092498779297, 4.587478160858154, -47.56603240966797)
LeftFoot (0.2008289098739624, -0.3253456950187683, 0.17324359714984894) (-8.170759201049805, -11.753433227539062, -11.28510856628418)
LeftToeBase (0.11711461842060089, -0.4396248459815979, 0.05865826457738876) (-11.414884567260742, -14.523622512817383, 0.8536598086357117)
RightUpLeg (-0.09371749311685562, 0.070607028901577, 1.0065289735794067) (-15.961812019348145, 7.933690547943115, -40.549739837646484)
RightLeg (-0.2524009943008423, 0.14923934638500214, 0.5909614562988281) (20.904857635498047, 24.217941284179688, -39.735130310058594)
RightFoot (-0.040827278047800064, 0.3899253010749817, 0.18770185112953186) (-13.727806091308594, -2.0903453826904297, -10.741037368774414)
RightToeBase (-0.17769837379455566, 0.3651224672794342, 0.07841616123914719) (-17.543888092041016, -2.8899965286254883, 0.9440051913261414)
Spine02 (0.014340479858219624, 0.005709454882889986, 1.2475838661193848) (0.05517910420894623, -0.22833846509456635, 14.279586791992188)
Spine01 (0.014748851768672466, 0.003368950914591551, 1.3779020309448242) (-1.028619408607483, -2.6227331161499023, 14.10205078125)
Spine (0.004315076861530542, -0.0228923000395298, 1.5051445960998535) (-0.8663159608840942, -2.608661651611328, 9.080001831054688)
LeftShoulder (0.03165037930011749, -0.07608473300933838, 1.626011610031128) (16.43333625793457, -3.558818817138672, -0.12860824167728424)
LeftArm (0.1956670731306076, -0.11091228574514389, 1.6084660291671753) (15.257390022277832, 8.062061309814453, -23.909976959228516)
LeftForeArm (0.34628403186798096, -0.029183704406023026, 1.3532825708389282) (-1.013279676437378, -24.404626846313477, -18.980648040771484)
LeftHand (0.33268997073173523, -0.27293914556503296, 1.1499422788619995) (-4.381188869476318, -26.85012435913086, -15.610471725463867)
RightShoulder (-0.04743247479200363, -0.04465830698609352, 1.6203185319900513) (-15.995707511901855, 5.777407646179199, -1.4047847986221313)
RightArm (-0.20691603422164917, 0.01356267649680376, 1.590067744255066) (-4.014718532562256, 24.085195541381836, -16.389862060546875)
RightForeArm (-0.24499371647834778, 0.25427743792533875, 1.410268783569336) (-17.689075469970703, -5.863300800323486, -26.221168518066406)
RightHand (-0.41943854093551636, 0.19310300052165985, 1.1339502334594727) (-7.298369407653809, -19.119295120239258, -25.03717803955078)
neck (-0.00685862684622407, -0.05362410843372345, 1.5787179470062256) (-1.0140444040298462, -2.8290083408355713, 9.77144718170166)
Head (-0.016930516809225082, -0.08137794584035873, 1.6606450080871582) (-0.9757426381111145, -9.471742630004883, 11.492765426635742)
head_end (-0.04930996894836426, -0.2672097682952881, 2.0272598266601562) (-1.087375283241272, -6.288554668426514, 14.210638046264648)
headfront (-0.017008095979690552, -0.21342100203037262, 1.6268610954284668) (-0.02476264350116253, -13.417769432067871, -1.7515757083892822)
Blender 5.2.1 LTS (hash 9e2066aef7ef built 2026-08-25 01:35:57)

Blender quit
