cargo fmt --all --check
cargo clippy --locked --all-targets -- -D warnings
    Checking starbase-core v0.1.0 (/Users/al/git/Starbase2/services/core)
    Finished `dev` profile [unoptimized + debuginfo] target(s) in 1.11s
.venv/bin/ruff format --check services/runtime scripts
unformatted: File would be reformatted
  --> scripts/check_characters.py:55:14
   |
54 |         run(
   -             [blender, "--background", "--factory-startup", "--python", "assets-production/scripts/render.py"],
55 +             [
56 +                 blender,
57 +                 "--background",
58 +                 "--factory-startup",
59 +                 "--python",
60 +                 "assets-production/scripts/render.py",
61 +             ],
62 |             300,
   |

1 file would be reformatted, 64 files already formatted
error: recipe `lint` failed on line 48 with exit code 1
