"/Applications/Blender.app/Contents/MacOS/Blender" --background --factory-startup --python assets-production/scripts/build_colony.py
/Users/al/git/Starbase2/assets-production/scripts/build_colony.py:34: DeprecationWarning: 'Material.use_nodes' is expected to be removed in Blender 6.0
  mat.use_nodes = True
Info: Saved as "repair-building.blend"
INFO Draco is available, use library at /Applications/Blender.app/Contents/Resources/5.2/scripts/addons_core/io_scene_gltf2/libbf_intern_draco_bridge.dylib
INFO MeshOptimizer is available, use library at /Applications/Blender.app/Contents/Resources/5.2/scripts/addons_core/io_scene_gltf2/libbf_intern_meshopt_bridge.dylib
13:38:46 | INFO: Starting glTF 2.0 export
13:38:46 | INFO: Extracting primitive: Cube.117
13:38:46 | INFO: Primitives created: 1
13:38:46 | INFO: Extracting primitive: Cube.118
13:38:46 | INFO: Primitives created: 1
13:38:46 | INFO: Extracting primitive: Cube.101
13:38:46 | INFO: Primitives created: 1
13:38:46 | INFO: Extracting primitive: Cube.119
13:38:46 | INFO: Primitives created: 1
13:38:46 | INFO: Extracting primitive: Cube.108
13:38:46 | INFO: Primitives created: 1
13:38:46 | INFO: Extracting primitive: Cube.107
13:38:46 | INFO: Primitives created: 1
13:38:46 | INFO: Extracting primitive: Cube.177
13:38:46 | INFO: Primitives created: 1
13:38:46 | INFO: Extracting primitive: Cube.102
13:38:46 | INFO: Primitives created: 1
13:38:46 | INFO: Extracting primitive: Cube.113
13:38:46 | INFO: Primitives created: 1
13:38:46 | INFO: Extracting primitive: Cube.112
13:38:46 | INFO: Primitives created: 1
13:38:46 | INFO: Extracting primitive: Cube.111
13:38:46 | INFO: Primitives created: 1
13:38:46 | INFO: Extracting primitive: Cube.116
13:38:46 | INFO: Primitives created: 1
13:38:46 | INFO: Extracting primitive: Cube.115
13:38:46 | INFO: Primitives created: 1
13:38:46 | INFO: Extracting primitive: Cube.114
13:38:46 | INFO: Primitives created: 1
13:38:46 | INFO: Extracting primitive: Cube.001
13:38:46 | INFO: Primitives created: 1
13:38:46 | INFO: Extracting primitive: Cube.002
13:38:46 | INFO: Primitives created: 1
13:38:46 | INFO: Extracting primitive: Cube.191
13:38:46 | INFO: Primitives created: 1
13:38:46 | INFO: Extracting primitive: Cube.189
13:38:46 | INFO: Primitives created: 1
13:38:46 | INFO: Extracting primitive: Cube.190
13:38:46 | INFO: Primitives created: 1
13:38:46 | INFO: Extracting primitive: Cube.193
13:38:46 | INFO: Primitives created: 1
13:38:46 | INFO: Finished glTF 2.0 export in 0.02346205711364746 s

13:38:46 | INFO: Starting glTF 2.0 export
13:38:46 | INFO: Extracting primitive: Cube.219
13:38:46 | INFO: Primitives created: 1
13:38:46 | INFO: Extracting primitive: Cube.215
13:38:46 | INFO: Primitives created: 1
13:38:46 | INFO: Extracting primitive: Cube.218
13:38:46 | INFO: Primitives created: 1
13:38:46 | INFO: Extracting primitive: Cube.216
13:38:46 | INFO: Primitives created: 1
13:38:46 | INFO: Finished glTF 2.0 export in 0.0042612552642822266 s
/Users/al/git/Starbase2/assets-production/scripts/build_colony.py:34: DeprecationWarning: 'Material.use_nodes' is expected to be removed in Blender 6.0
  mat.use_nodes = True

Info: Saved as "review-building.blend"
13:38:47 | INFO: Starting glTF 2.0 export
13:38:47 | INFO: Extracting primitive: Cube.398
13:38:47 | INFO: Primitives created: 1
13:38:47 | INFO: Extracting primitive: Cube.399
13:38:47 | INFO: Primitives created: 1
13:38:47 | INFO: Extracting primitive: Cube.382
13:38:47 | INFO: Primitives created: 1
13:38:47 | INFO: Extracting primitive: Cube.400
13:38:47 | INFO: Primitives created: 1
13:38:47 | INFO: Extracting primitive: Cube.389
13:38:47 | INFO: Primitives created: 1
13:38:47 | INFO: Extracting primitive: Cube.388
13:38:47 | INFO: Primitives created: 1
13:38:47 | INFO: Extracting primitive: Cube.482
13:38:47 | INFO: Primitives created: 1
13:38:47 | INFO: Extracting primitive: Cube.383
13:38:47 | INFO: Primitives created: 1
13:38:47 | INFO: Extracting primitive: Cube.394
13:38:47 | INFO: Primitives created: 1
13:38:47 | INFO: Extracting primitive: Cube.393
13:38:47 | INFO: Primitives created: 1
13:38:47 | INFO: Extracting primitive: Cube.392
13:38:47 | INFO: Primitives created: 1
13:38:47 | INFO: Extracting primitive: Cube.397
13:38:47 | INFO: Primitives created: 1
13:38:47 | INFO: Extracting primitive: Cube.396
13:38:47 | INFO: Primitives created: 1
13:38:47 | INFO: Extracting primitive: Cube.395
13:38:47 | INFO: Primitives created: 1
13:38:47 | INFO: Extracting primitive: Cube.255
13:38:47 | INFO: Primitives created: 1
13:38:47 | INFO: Extracting primitive: Cube.256
13:38:47 | INFO: Primitives created: 1
13:38:47 | INFO: Extracting primitive: Cube.496
13:38:47 | INFO: Primitives created: 1
13:38:47 | INFO: Extracting primitive: Cube.494
13:38:47 | INFO: Primitives created: 1
13:38:47 | INFO: Extracting primitive: Cube.499
13:38:47 | INFO: Primitives created: 1
13:38:47 | INFO: Extracting primitive: Cube.495
13:38:47 | INFO: Primitives created: 1
13:38:47 | INFO: Extracting primitive: Cube.498
13:38:47 | INFO: Primitives created: 1
13:38:47 | INFO: Finished glTF 2.0 export in 0.026196956634521484 s

13:38:47 | INFO: Starting glTF 2.0 export
13:38:47 | INFO: Extracting primitive: Cube.502
13:38:47 | INFO: Primitives created: 1
13:38:47 | INFO: Extracting primitive: Cube.500
13:38:47 | INFO: Primitives created: 1
13:38:47 | INFO: Extracting primitive: Cube.501
13:38:47 | INFO: Primitives created: 1
13:38:47 | INFO: Extracting primitive: Cube.507
13:38:47 | INFO: Primitives created: 1
13:38:47 | INFO: Finished glTF 2.0 export in 0.004808902740478516 s

Info: Saved as "gym-building.blend"
13:38:49 | INFO: Starting glTF 2.0 export
13:38:49 | INFO: Extracting primitive: Cube.698
13:38:49 | INFO: Primitives created: 1
13:38:49 | INFO: Extracting primitive: Cube.699
13:38:49 | INFO: Primitives created: 1
13:38:49 | INFO: Extracting primitive: Cube.682
13:38:49 | INFO: Primitives created: 1
13:38:49 | INFO: Extracting primitive: Cube.700
13:38:49 | INFO: Primitives created: 1
13:38:49 | INFO: Extracting primitive: Cube.689
13:38:49 | INFO: Primitives created: 1
13:38:49 | INFO: Extracting primitive: Cube.688
13:38:49 | INFO: Primitives created: 1
13:38:49 | INFO: Extracting primitive: Cube.788
13:38:49 | INFO: Primitives created: 1
13:38:49 | INFO: Extracting primitive: Cube.683
13:38:49 | INFO: Primitives created: 1
13:38:49 | INFO: Extracting primitive: Cube.694
13:38:49 | INFO: Primitives created: 1
13:38:49 | INFO: Extracting primitive: Cube.693
13:38:49 | INFO: Primitives created: 1
13:38:49 | INFO: Extracting primitive: Cube.692
13:38:49 | INFO: Primitives created: 1
13:38:49 | INFO: Extracting primitive: Cube.697
13:38:49 | INFO: Primitives created: 1
13:38:49 | INFO: Extracting primitive: Cube.696
13:38:49 | INFO: Primitives created: 1
13:38:49 | INFO: Extracting primitive: Cube.695
13:38:49 | INFO: Primitives created: 1
13:38:49 | INFO: Extracting primitive: Cube.546
13:38:49 | INFO: Primitives created: 1
13:38:49 | INFO: Extracting primitive: Cube.547
13:38:49 | INFO: Primitives created: 1
13:38:49 | INFO: Extracting primitive: Cube.802
13:38:49 | INFO: Primitives created: 1
13:38:49 | INFO: Extracting primitive: Cube.800
13:38:49 | INFO: Primitives created: 1
13:38:49 | INFO: Extracting primitive: Cube.801
13:38:49 | INFO: Primitives created: 1
13:38:49 | INFO: Extracting primitive: Cube.804
13:38:49 | INFO: Primitives created: 1
13:38:49 | INFO: Finished glTF 2.0 export in 0.022484302520751953 s

13:38:49 | INFO: Starting glTF 2.0 export
13:38:49 | INFO: Extracting primitive: Cube.807
13:38:49 | INFO: Primitives created: 1
13:38:49 | INFO: Extracting primitive: Cylinder.002
13:38:49 | INFO: Primitives created: 1
13:38:49 | INFO: Extracting primitive: Cube.818
13:38:49 | INFO: Primitives created: 1
13:38:49 | INFO: Extracting primitive: Cube.816
13:38:49 | INFO: Primitives created: 1
13:38:49 | INFO: Extracting primitive: Cube.806
13:38:49 | INFO: Primitives created: 1
13:38:49 | INFO: Finished glTF 2.0 export in 0.00638270378112793 s

Info: Saved as "habitat-building.blend"
13:38:52 | INFO: Starting glTF 2.0 export
13:38:52 | INFO: Extracting primitive: Cube.1070
13:38:52 | INFO: Primitives created: 1
13:38:52 | INFO: Extracting primitive: Cube.1071
13:38:52 | INFO: Primitives created: 1
13:38:52 | INFO: Extracting primitive: Cube.1054
13:38:52 | INFO: Primitives created: 1
13:38:52 | INFO: Extracting primitive: Cube.1072
13:38:52 | INFO: Primitives created: 1
13:38:52 | INFO: Extracting primitive: Cube.1061
13:38:52 | INFO: Primitives created: 1
13:38:52 | INFO: Extracting primitive: Cube.1060
13:38:52 | INFO: Primitives created: 1
13:38:52 | INFO: Extracting primitive: Cube.1172
13:38:52 | INFO: Primitives created: 1
13:38:52 | INFO: Extracting primitive: Cube.1055
13:38:52 | INFO: Primitives created: 1
13:38:52 | INFO: Extracting primitive: Cube.1066
13:38:52 | INFO: Primitives created: 1
13:38:52 | INFO: Extracting primitive: Cube.1065
13:38:52 | INFO: Primitives created: 1
13:38:52 | INFO: Extracting primitive: Cube.1064
13:38:52 | INFO: Primitives created: 1
13:38:52 | INFO: Extracting primitive: Cube.1069
13:38:52 | INFO: Primitives created: 1
13:38:52 | INFO: Extracting primitive: Cube.1068
13:38:52 | INFO: Primitives created: 1
13:38:52 | INFO: Extracting primitive: Cube.1067
13:38:52 | INFO: Primitives created: 1
13:38:52 | INFO: Extracting primitive: Cube.855
13:38:52 | INFO: Primitives created: 1
13:38:52 | INFO: Extracting primitive: Cube.856
13:38:52 | INFO: Primitives created: 1
13:38:52 | INFO: Extracting primitive: Cube.1190
13:38:52 | INFO: Primitives created: 1
13:38:52 | INFO: Extracting primitive: Cube.1188
13:38:52 | INFO: Primitives created: 1
13:38:52 | INFO: Extracting primitive: Cube.1189
13:38:52 | INFO: Primitives created: 1
13:38:52 | INFO: Finished glTF 2.0 export in 0.02483820915222168 s

13:38:52 | INFO: Starting glTF 2.0 export
13:38:52 | INFO: Extracting primitive: Cube.1195
13:38:52 | INFO: Primitives created: 1
13:38:52 | INFO: Extracting primitive: Cube.1205
13:38:52 | INFO: Primitives created: 1
13:38:52 | INFO: Extracting primitive: Cube.1206
13:38:52 | INFO: Primitives created: 1
13:38:52 | INFO: Extracting primitive: Cube.1194
13:38:52 | INFO: Primitives created: 1
13:38:52 | INFO: Extracting primitive: Cube.1193
13:38:52 | INFO: Primitives created: 1
13:38:52 | INFO: Finished glTF 2.0 export in 0.005205869674682617 s

Info: Saved as "greenhouse-building.blend"
13:38:53 | INFO: Starting glTF 2.0 export
13:38:53 | INFO: Extracting primitive: Cube.1362
13:38:53 | INFO: Primitives created: 1
13:38:53 | INFO: Extracting primitive: Cube.1363
13:38:53 | INFO: Primitives created: 1
13:38:53 | INFO: Extracting primitive: Cube.1346
13:38:53 | INFO: Primitives created: 1
13:38:53 | INFO: Extracting primitive: Cube.1364
13:38:53 | INFO: Primitives created: 1
13:38:53 | INFO: Extracting primitive: Cube.1353
13:38:53 | INFO: Primitives created: 1
13:38:53 | INFO: Extracting primitive: Cube.1352
13:38:53 | INFO: Primitives created: 1
13:38:53 | INFO: Extracting primitive: Cube.1452
13:38:53 | INFO: Primitives created: 1
13:38:53 | INFO: Extracting primitive: Cube.1347
13:38:53 | INFO: Primitives created: 1
13:38:53 | INFO: Extracting primitive: Cube.1358
13:38:53 | INFO: Primitives created: 1
13:38:53 | INFO: Extracting primitive: Cube.1357
13:38:53 | INFO: Primitives created: 1
13:38:53 | INFO: Extracting primitive: Cube.1356
13:38:53 | INFO: Primitives created: 1
13:38:53 | INFO: Extracting primitive: Cube.1361
13:38:53 | INFO: Primitives created: 1
13:38:53 | INFO: Extracting primitive: Cube.1360
13:38:53 | INFO: Primitives created: 1
13:38:53 | INFO: Extracting primitive: Cube.1359
13:38:53 | INFO: Primitives created: 1
13:38:53 | INFO: Extracting primitive: Cube.1217
13:38:53 | INFO: Primitives created: 1
13:38:53 | INFO: Extracting primitive: Cube.1218
13:38:53 | INFO: Primitives created: 1
13:38:53 | INFO: Extracting primitive: Cube.1464
13:38:53 | INFO: Primitives created: 1
13:38:53 | INFO: Extracting primitive: Cube.1462
13:38:53 | INFO: Primitives created: 1
13:38:53 | INFO: Extracting primitive: Cube.1466
13:38:53 | INFO: Primitives created: 1
13:38:53 | INFO: Extracting primitive: Cube.1463
13:38:53 | INFO: Primitives created: 1
13:38:53 | INFO: Finished glTF 2.0 export in 0.02234196662902832 s

13:38:53 | INFO: Starting glTF 2.0 export
13:38:53 | INFO: Extracting primitive: Cube.1486
13:38:53 | INFO: Primitives created: 1
13:38:53 | INFO: Extracting primitive: Cube.1484
13:38:53 | INFO: Primitives created: 1
13:38:53 | INFO: Extracting primitive: Cube.1485
13:38:53 | INFO: Primitives created: 1
13:38:53 | INFO: Extracting primitive: Cube.1483
13:38:53 | INFO: Primitives created: 1
13:38:53 | INFO: Extracting primitive: Cylinder.004
13:38:53 | INFO: Primitives created: 1
13:38:53 | INFO: Extracting primitive: Cube.1481
13:38:53 | INFO: Primitives created: 1
13:38:53 | INFO: Finished glTF 2.0 export in 0.006082057952880859 s

COLONY_AUTHORED ['repair', 'review', 'gym', 'habitat', 'greenhouse']
Blender 5.2.1 LTS (hash 9e2066aef7ef built 2026-08-25 01:35:57)

Blender quit
python3 assets-production/scripts/connect_colony.py
python3 assets-production/scripts/connect_engineering.py
godot --headless --path apps/world --editor --import --quit
Godot Engine v4.7.2.stable.official.ed1daf0bf - https://godotengine.org

[   0% ] [90m[1mfirst_scan_filesystem[22m | Started Project initialization (5 steps)[39m[0m
[   0% ] [90m[1mfirst_scan_filesystem[22m | Scanning file structure...[39m[0m
[  16% ] [90m[1mfirst_scan_filesystem[22m | Loading global class names...[39m[0m
[  33% ] [90m[1mfirst_scan_filesystem[22m | Verifying GDExtensions...[39m[0m
[  50% ] [90m[1mfirst_scan_filesystem[22m | Creating autoload scripts...[39m[0m
[  66% ] [90m[1mfirst_scan_filesystem[22m | Initializing plugins...[39m[0m
[  83% ] [90m[1mfirst_scan_filesystem[22m | Starting file scan...[39m[0m
[92m[ DONE ][39m [1mfirst_scan_filesystem[22m
[0m
[   0% ] [90m[1m_update_scan_actions[22m | Started Scanning actions... (10 steps)[39m[0m
[   0% ] [90m[1m_update_scan_actions[22m | greenhouse-interior.glb[39m[0m
[   9% ] [90m[1m_update_scan_actions[22m | greenhouse-shell.glb[39m[0m
[  18% ] [90m[1m_update_scan_actions[22m | review-interior.glb[39m[0m
[  27% ] [90m[1m_update_scan_actions[22m | review-shell.glb[39m[0m
[  36% ] [90m[1m_update_scan_actions[22m | repair-interior.glb[39m[0m
[  45% ] [90m[1m_update_scan_actions[22m | repair-shell.glb[39m[0m
[  54% ] [90m[1m_update_scan_actions[22m | habitat-interior.glb[39m[0m
[  63% ] [90m[1m_update_scan_actions[22m | habitat-shell.glb[39m[0m
[  72% ] [90m[1m_update_scan_actions[22m | gym-interior.glb[39m[0m
[  81% ] [90m[1m_update_scan_actions[22m | gym-shell.glb[39m[0m
[92m[ DONE ][39m [1m_update_scan_actions[22m
[0m
[   0% ] [90m[1mreimport[22m | Started (Re)Importing Assets (3 steps)[39m[0m
[   0% ] [90m[1mreimport[22m | Preparing files to reimport...[39m[0m
[  25% ] [90m[1mreimport[22m | Preparing files to reimport...[39m[0m
[  50% ] [90m[1mreimport[22m | Preparing files to reimport...[39m[0m
[   0% ] [90m[1mreimport[22m | Executing pre-reimport operations...[39m[0m
[   0% ] [90m[1mpreload_reimporting_scene[22m | Started Preparing scenes for reload (1 steps)[39m[0m
[   0% ] [90m[1mpreload_reimporting_scene[22m | Analyzing scene [empty][39m[0m
[  50% ] [90m[1mpreload_reimporting_scene[22m | Preparation done.[39m[0m
[92m[ DONE ][39m [1mpreload_reimporting_scene[22m
[0m
[   0% ] [90m[1mreimport[22m | greenhouse-shell.glb[39m[0m
[   0% ] [90m[1mimport[22m | Started Import Scene (104 steps)[39m[0m
[   0% ] [90m[1mimport[22m | Importing Scene...[39m[0m
[   1% ] [90m[1mimport[22m | Running Custom Script...[39m[0m
[  99% ] [90m[1mimport[22m | Saving...[39m[0m
[92m[ DONE ][39m [1mimport[22m
[0m
[  25% ] [90m[1mreimport[22m | habitat-interior.glb[39m[0m
[   0% ] [90m[1mimport[22m | Started Import Scene (104 steps)[39m[0m
[   0% ] [90m[1mimport[22m | Importing Scene...[39m[0m
[   1% ] [90m[1mimport[22m | Running Custom Script...[39m[0m
[  99% ] [90m[1mimport[22m | Saving...[39m[0m
[92m[ DONE ][39m [1mimport[22m
[0m
[  50% ] [90m[1mreimport[22m | habitat-shell.glb[39m[0m
[   0% ] [90m[1mimport[22m | Started Import Scene (104 steps)[39m[0m
[   0% ] [90m[1mimport[22m | Importing Scene...[39m[0m
[   1% ] [90m[1mimport[22m | Running Custom Script...[39m[0m
[  99% ] [90m[1mimport[22m | Saving...[39m[0m
[92m[ DONE ][39m [1mimport[22m
[0m
[  75% ] [90m[1mreimport[22m | Finalizing Asset Import...[39m[0m
[92m[ DONE ][39m [1mreimport[22m
[0m
[   0% ] [90m[1mreimport[22m | Started (Re)Importing Assets (3 steps)[39m[0m
[   0% ] [90m[1mreimport[22m | Executing post-reimport operations...[39m[0m
[92m[ DONE ][39m [1mreimport[22m
[0m
[   0% ] [90m[1mloading_editor_layout[22m | Started Loading editor (5 steps)[39m[0m
[   0% ] [90m[1mloading_editor_layout[22m | Loading editor layout...[39m[0m
[  16% ] [90m[1mloading_editor_layout[22m | Loading docks...[39m[0m
[92m[ DONE ][39m [1mloading_editor_layout[22m
[0m
