20:06:52 | INFO: Data are loaded, start creating Blender stuff
20:06:52 | INFO: Blender create Mesh node char1
20:06:52 | INFO: glTF import finished in 0.05s
Info: Saved as "sentinel-social.blend"
INFO Draco is available, use library at /Applications/Blender.app/Contents/Resources/5.2/scripts/addons_core/io_scene_gltf2/libbf_intern_draco_bridge.dylib
INFO MeshOptimizer is available, use library at /Applications/Blender.app/Contents/Resources/5.2/scripts/addons_core/io_scene_gltf2/libbf_intern_meshopt_bridge.dylib
20:06:53 | INFO: Starting glTF 2.0 export
20:06:53 | INFO: Extracting primitive: AnimationCarrier
20:06:53 | INFO: Primitives created: 1
20:06:53 | INFO: Finished glTF 2.0 export in 0.1628739833831787 s

20:06:53 | INFO: Data are loaded, start creating Blender stuff
20:06:53 | INFO: Blender create Mesh node char1
20:06:53 | INFO: glTF import finished in 0.13s
Info: Saved as "engineer-social.blend"
20:06:53 | INFO: Starting glTF 2.0 export
20:06:53 | INFO: Extracting primitive: AnimationCarrier
20:06:53 | INFO: Primitives created: 1
20:06:54 | INFO: Finished glTF 2.0 export in 0.2559330463409424 s

20:06:54 | INFO: Data are loaded, start creating Blender stuff
20:06:54 | INFO: Blender create Mesh node char1
20:06:54 | INFO: glTF import finished in 0.25s
Info: Saved as "vanguard-social.blend"
20:06:54 | INFO: Starting glTF 2.0 export
20:06:54 | INFO: Extracting primitive: AnimationCarrier
20:06:54 | INFO: Primitives created: 1
20:06:55 | INFO: Finished glTF 2.0 export in 0.3087608814239502 s

SOCIAL_ANIMATIONS_BAKED
Blender 5.2.1 LTS (hash 9e2066aef7ef built 2026-08-25 01:35:57)

Blender quit
