20:19:10 | INFO: Data are loaded, start creating Blender stuff
20:19:10 | INFO: Blender create Mesh node char1
20:19:10 | INFO: glTF import finished in 0.04s
Info: Saved as "sentinel-social.blend"
INFO Draco is available, use library at /Applications/Blender.app/Contents/Resources/5.2/scripts/addons_core/io_scene_gltf2/libbf_intern_draco_bridge.dylib
INFO MeshOptimizer is available, use library at /Applications/Blender.app/Contents/Resources/5.2/scripts/addons_core/io_scene_gltf2/libbf_intern_meshopt_bridge.dylib
20:19:10 | INFO: Starting glTF 2.0 export
20:19:10 | INFO: Extracting primitive: AnimationCarrier
20:19:10 | INFO: Primitives created: 1
20:19:10 | INFO: Finished glTF 2.0 export in 0.10437798500061035 s

20:19:10 | INFO: Data are loaded, start creating Blender stuff
20:19:10 | INFO: Blender create Mesh node char1
20:19:10 | INFO: glTF import finished in 0.07s
Info: Saved as "engineer-social.blend"
20:19:10 | INFO: Starting glTF 2.0 export
20:19:10 | INFO: Extracting primitive: AnimationCarrier
20:19:10 | INFO: Primitives created: 1
20:19:10 | INFO: Finished glTF 2.0 export in 0.10669112205505371 s

20:19:10 | INFO: Data are loaded, start creating Blender stuff
20:19:10 | INFO: Blender create Mesh node char1
20:19:10 | INFO: glTF import finished in 0.11s
Info: Saved as "vanguard-social.blend"
20:19:11 | INFO: Starting glTF 2.0 export
20:19:11 | INFO: Extracting primitive: AnimationCarrier
20:19:11 | INFO: Primitives created: 1
20:19:11 | INFO: Finished glTF 2.0 export in 0.12901997566223145 s

SOCIAL_ANIMATIONS_BAKED
Blender 5.2.1 LTS (hash 9e2066aef7ef built 2026-08-25 01:35:57)

Blender quit
