Godot Engine v4.7.2.stable.official.ed1daf0bf - https://godotengine.org

ERROR: Duplicate stride pose in walk_front
   at: push_error (core/variant/variant_utility.cpp:1023)
   GDScript backtrace (most recent call first):
       [0] _initialize (res://test_character_pipeline.gd:33)
ERROR: Duplicate stride pose in walk_front
   at: push_error (core/variant/variant_utility.cpp:1023)
   GDScript backtrace (most recent call first):
       [0] _initialize (res://test_character_pipeline.gd:33)
ERROR: Duplicate stride pose in walk_front
   at: push_error (core/variant/variant_utility.cpp:1023)
   GDScript backtrace (most recent call first):
       [0] _initialize (res://test_character_pipeline.gd:33)
ERROR: Duplicate stride pose in walk_front
   at: push_error (core/variant/variant_utility.cpp:1023)
   GDScript backtrace (most recent call first):
       [0] _initialize (res://test_character_pipeline.gd:33)
ERROR: Duplicate stride pose in walk_front
   at: push_error (core/variant/variant_utility.cpp:1023)
   GDScript backtrace (most recent call first):
       [0] _initialize (res://test_character_pipeline.gd:33)
ERROR: Duplicate stride pose in walk_front
   at: push_error (core/variant/variant_utility.cpp:1023)
   GDScript backtrace (most recent call first):
       [0] _initialize (res://test_character_pipeline.gd:33)
ERROR: Duplicate stride pose in walk_front
   at: push_error (core/variant/variant_utility.cpp:1023)
   GDScript backtrace (most recent call first):
       [0] _initialize (res://test_character_pipeline.gd:33)
ERROR: Duplicate stride pose in walk_back
   at: push_error (core/variant/variant_utility.cpp:1023)
   GDScript backtrace (most recent call first):
       [0] _initialize (res://test_character_pipeline.gd:33)
ERROR: Duplicate stride pose in walk_back
   at: push_error (core/variant/variant_utility.cpp:1023)
   GDScript backtrace (most recent call first):
       [0] _initialize (res://test_character_pipeline.gd:33)
ERROR: Duplicate stride pose in walk_back
   at: push_error (core/variant/variant_utility.cpp:1023)
   GDScript backtrace (most recent call first):
       [0] _initialize (res://test_character_pipeline.gd:33)
ERROR: Duplicate stride pose in walk_back
   at: push_error (core/variant/variant_utility.cpp:1023)
   GDScript backtrace (most recent call first):
       [0] _initialize (res://test_character_pipeline.gd:33)
ERROR: Duplicate stride pose in walk_back
   at: push_error (core/variant/variant_utility.cpp:1023)
   GDScript backtrace (most recent call first):
       [0] _initialize (res://test_character_pipeline.gd:33)
ERROR: Duplicate stride pose in walk_back
   at: push_error (core/variant/variant_utility.cpp:1023)
   GDScript backtrace (most recent call first):
       [0] _initialize (res://test_character_pipeline.gd:33)
ERROR: Duplicate stride pose in walk_back
   at: push_error (core/variant/variant_utility.cpp:1023)
   GDScript backtrace (most recent call first):
       [0] _initialize (res://test_character_pipeline.gd:33)
ERROR: Duplicate stride pose in walk_left
   at: push_error (core/variant/variant_utility.cpp:1023)
   GDScript backtrace (most recent call first):
       [0] _initialize (res://test_character_pipeline.gd:33)
ERROR: Duplicate stride pose in walk_left
   at: push_error (core/variant/variant_utility.cpp:1023)
   GDScript backtrace (most recent call first):
       [0] _initialize (res://test_character_pipeline.gd:33)
ERROR: Duplicate stride pose in walk_left
   at: push_error (core/variant/variant_utility.cpp:1023)
   GDScript backtrace (most recent call first):
       [0] _initialize (res://test_character_pipeline.gd:33)
ERROR: Duplicate stride pose in walk_left
   at: push_error (core/variant/variant_utility.cpp:1023)
   GDScript backtrace (most recent call first):
       [0] _initialize (res://test_character_pipeline.gd:33)
ERROR: Duplicate stride pose in walk_left
   at: push_error (core/variant/variant_utility.cpp:1023)
   GDScript backtrace (most recent call first):
       [0] _initialize (res://test_character_pipeline.gd:33)
ERROR: Duplicate stride pose in walk_left
   at: push_error (core/variant/variant_utility.cpp:1023)
   GDScript backtrace (most recent call first):
       [0] _initialize (res://test_character_pipeline.gd:33)
ERROR: Duplicate stride pose in walk_left
   at: push_error (core/variant/variant_utility.cpp:1023)
   GDScript backtrace (most recent call first):
       [0] _initialize (res://test_character_pipeline.gd:33)
ERROR: Duplicate stride pose in walk_right
   at: push_error (core/variant/variant_utility.cpp:1023)
   GDScript backtrace (most recent call first):
       [0] _initialize (res://test_character_pipeline.gd:33)
ERROR: Duplicate stride pose in walk_right
   at: push_error (core/variant/variant_utility.cpp:1023)
   GDScript backtrace (most recent call first):
       [0] _initialize (res://test_character_pipeline.gd:33)
ERROR: Duplicate stride pose in walk_right
   at: push_error (core/variant/variant_utility.cpp:1023)
   GDScript backtrace (most recent call first):
       [0] _initialize (res://test_character_pipeline.gd:33)
ERROR: Duplicate stride pose in walk_right
   at: push_error (core/variant/variant_utility.cpp:1023)
   GDScript backtrace (most recent call first):
       [0] _initialize (res://test_character_pipeline.gd:33)
ERROR: Duplicate stride pose in walk_right
   at: push_error (core/variant/variant_utility.cpp:1023)
   GDScript backtrace (most recent call first):
       [0] _initialize (res://test_character_pipeline.gd:33)
ERROR: Duplicate stride pose in walk_right
   at: push_error (core/variant/variant_utility.cpp:1023)
   GDScript backtrace (most recent call first):
       [0] _initialize (res://test_character_pipeline.gd:33)
ERROR: Duplicate stride pose in walk_right
   at: push_error (core/variant/variant_utility.cpp:1023)
   GDScript backtrace (most recent call first):
       [0] _initialize (res://test_character_pipeline.gd:33)
ERROR: Duplicate stride pose in walk_front
   at: push_error (core/variant/variant_utility.cpp:1023)
   GDScript backtrace (most recent call first):
       [0] _initialize (res://test_character_pipeline.gd:33)
ERROR: Duplicate stride pose in walk_front
   at: push_error (core/variant/variant_utility.cpp:1023)
   GDScript backtrace (most recent call first):
       [0] _initialize (res://test_character_pipeline.gd:33)
ERROR: Duplicate stride pose in walk_front
   at: push_error (core/variant/variant_utility.cpp:1023)
   GDScript backtrace (most recent call first):
       [0] _initialize (res://test_character_pipeline.gd:33)
ERROR: Duplicate stride pose in walk_front
   at: push_error (core/variant/variant_utility.cpp:1023)
   GDScript backtrace (most recent call first):
       [0] _initialize (res://test_character_pipeline.gd:33)
ERROR: Duplicate stride pose in walk_front
   at: push_error (core/variant/variant_utility.cpp:1023)
   GDScript backtrace (most recent call first):
       [0] _initialize (res://test_character_pipeline.gd:33)
ERROR: Duplicate stride pose in walk_front
   at: push_error (core/variant/variant_utility.cpp:1023)
   GDScript backtrace (most recent call first):
       [0] _initialize (res://test_character_pipeline.gd:33)
ERROR: Duplicate stride pose in walk_front
   at: push_error (core/variant/variant_utility.cpp:1023)
   GDScript backtrace (most recent call first):
       [0] _initialize (res://test_character_pipeline.gd:33)
ERROR: Duplicate stride pose in walk_back
   at: push_error (core/variant/variant_utility.cpp:1023)
   GDScript backtrace (most recent call first):
       [0] _initialize (res://test_character_pipeline.gd:33)
ERROR: Duplicate stride pose in walk_back
   at: push_error (core/variant/variant_utility.cpp:1023)
   GDScript backtrace (most recent call first):
       [0] _initialize (res://test_character_pipeline.gd:33)
ERROR: Duplicate stride pose in walk_back
   at: push_error (core/variant/variant_utility.cpp:1023)
   GDScript backtrace (most recent call first):
       [0] _initialize (res://test_character_pipeline.gd:33)
ERROR: Duplicate stride pose in walk_back
   at: push_error (core/variant/variant_utility.cpp:1023)
   GDScript backtrace (most recent call first):
       [0] _initialize (res://test_character_pipeline.gd:33)
ERROR: Duplicate stride pose in walk_back
   at: push_error (core/variant/variant_utility.cpp:1023)
   GDScript backtrace (most recent call first):
       [0] _initialize (res://test_character_pipeline.gd:33)
ERROR: Duplicate stride pose in walk_back
   at: push_error (core/variant/variant_utility.cpp:1023)
   GDScript backtrace (most recent call first):
       [0] _initialize (res://test_character_pipeline.gd:33)
ERROR: Duplicate stride pose in walk_back
   at: push_error (core/variant/variant_utility.cpp:1023)
   GDScript backtrace (most recent call first):
       [0] _initialize (res://test_character_pipeline.gd:33)
ERROR: Duplicate stride pose in walk_left
   at: push_error (core/variant/variant_utility.cpp:1023)
   GDScript backtrace (most recent call first):
       [0] _initialize (res://test_character_pipeline.gd:33)
ERROR: Duplicate stride pose in walk_left
   at: push_error (core/variant/variant_utility.cpp:1023)
   GDScript backtrace (most recent call first):
       [0] _initialize (res://test_character_pipeline.gd:33)
ERROR: Duplicate stride pose in walk_left
   at: push_error (core/variant/variant_utility.cpp:1023)
   GDScript backtrace (most recent call first):
       [0] _initialize (res://test_character_pipeline.gd:33)
ERROR: Duplicate stride pose in walk_left
   at: push_error (core/variant/variant_utility.cpp:1023)
   GDScript backtrace (most recent call first):
       [0] _initialize (res://test_character_pipeline.gd:33)
ERROR: Duplicate stride pose in walk_left
   at: push_error (core/variant/variant_utility.cpp:1023)
   GDScript backtrace (most recent call first):
       [0] _initialize (res://test_character_pipeline.gd:33)
ERROR: Duplicate stride pose in walk_left
   at: push_error (core/variant/variant_utility.cpp:1023)
   GDScript backtrace (most recent call first):
       [0] _initialize (res://test_character_pipeline.gd:33)
ERROR: Duplicate stride pose in walk_left
   at: push_error (core/variant/variant_utility.cpp:1023)
   GDScript backtrace (most recent call first):
       [0] _initialize (res://test_character_pipeline.gd:33)
ERROR: Duplicate stride pose in walk_right
   at: push_error (core/variant/variant_utility.cpp:1023)
   GDScript backtrace (most recent call first):
       [0] _initialize (res://test_character_pipeline.gd:33)
ERROR: Duplicate stride pose in walk_right
   at: push_error (core/variant/variant_utility.cpp:1023)
   GDScript backtrace (most recent call first):
       [0] _initialize (res://test_character_pipeline.gd:33)
ERROR: Duplicate stride pose in walk_right
   at: push_error (core/variant/variant_utility.cpp:1023)
   GDScript backtrace (most recent call first):
       [0] _initialize (res://test_character_pipeline.gd:33)
ERROR: Duplicate stride pose in walk_right
   at: push_error (core/variant/variant_utility.cpp:1023)
   GDScript backtrace (most recent call first):
       [0] _initialize (res://test_character_pipeline.gd:33)
ERROR: Duplicate stride pose in walk_right
   at: push_error (core/variant/variant_utility.cpp:1023)
   GDScript backtrace (most recent call first):
       [0] _initialize (res://test_character_pipeline.gd:33)
ERROR: Duplicate stride pose in walk_right
   at: push_error (core/variant/variant_utility.cpp:1023)
   GDScript backtrace (most recent call first):
       [0] _initialize (res://test_character_pipeline.gd:33)
ERROR: Duplicate stride pose in walk_right
   at: push_error (core/variant/variant_utility.cpp:1023)
   GDScript backtrace (most recent call first):
       [0] _initialize (res://test_character_pipeline.gd:33)
