F..                                                                      [100%]
=================================== FAILURES ===================================
________ test_capture_uses_provider_specific_accept_headers[kubernetes] ________

kind = 'kubernetes'
monkeypatch = <_pytest.monkeypatch.MonkeyPatch object at 0x10aac1e20>
tmp_path = PosixPath('/private/var/folders/sl/2t3mlgwj7bq2c4qj1x2csfx00000gn/T/pytest-of-al/pytest-708/test_capture_uses_provider_spe0')

    @pytest.mark.parametrize("kind", ["kubernetes", "github", "github_repository"])
    def test_capture_uses_provider_specific_accept_headers(kind, monkeypatch, tmp_path):
        from starbase_runtime import field_sources
    
        token = tmp_path / "token"
        token.write_text("synthetic-observer-token")
        target = {"id": "scoped", "kind": kind, "token_file": str(token)}
        if kind == "kubernetes":
            target.update(agent="watchkeeper", api="https://cluster", namespaces=["test"])
        else:
            target.update(agent="reviewer", repository="owner/repo")
            if kind == "github":
                target["pull"] = 1
        requests = []
    
        def handler(request):
            requests.append(request)
            assert request.method == "GET"
            assert request.headers["authorization"] == "Bearer synthetic-observer-token"
            if kind == "kubernetes":
                # Kubernetes rejects GitHub's vendor media type with HTTP 406.
                if request.headers["accept"] != "application/json":
                    return httpx.Response(406)
                assert "x-github-api-version" not in request.headers
                assert request.url.host == "cluster"
                assert request.url.path in {
                    "/api/v1/namespaces/test/pods",
                    "/apis/apps/v1/namespaces/test/deployments",
                }
                return httpx.Response(200, json={"items": [], "metadata": {}})
            assert request.url.host == "api.github.com"
            assert request.headers["accept"] == "application/vnd.github+json"
            assert request.headers["x-github-api-version"] == "2026-03-10"
            if request.url.path.endswith(("/files", "/pulls")):
                return httpx.Response(200, json=[])
            return httpx.Response(
                200,
                json={"head": {"sha": "a" * 40}, "base": {"sha": "b" * 40}, "changed_files": 0},
            )
    
        client = httpx.AsyncClient
    
        def controlled_client(**kwargs):
            assert isinstance(kwargs["verify"], ssl.SSLContext)
            assert kwargs["verify"].verify_mode == ssl.CERT_REQUIRED
            assert kwargs["verify"].check_hostname
            assert kwargs["follow_redirects"] is False
            assert kwargs["trust_env"] is False
            assert kwargs["timeout"] == 15
            return client(**kwargs, transport=httpx.MockTransport(handler))
    
        monkeypatch.setattr(field_sources.httpx, "AsyncClient", controlled_client)
>       result = asyncio.run(field_sources.capture(target))
                 ^^^^^^^^^^^^^^^^^^^^^^^^^^^^^^^^^^^^^^^^^^

services/runtime/tests/test_field.py:186: 
_ _ _ _ _ _ _ _ _ _ _ _ _ _ _ _ _ _ _ _ _ _ _ _ _ _ _ _ _ _ _ _ _ _ _ _ _ _ _ _ 
../../.local/share/mise/installs/python/3.12.13/lib/python3.12/asyncio/runners.py:195: in run
    return runner.run(main)
           ^^^^^^^^^^^^^^^^
../../.local/share/mise/installs/python/3.12.13/lib/python3.12/asyncio/runners.py:118: in run
    return self._loop.run_until_complete(task)
           ^^^^^^^^^^^^^^^^^^^^^^^^^^^^^^^^^^^
../../.local/share/mise/installs/python/3.12.13/lib/python3.12/asyncio/base_events.py:691: in run_until_complete
    return future.result()
           ^^^^^^^^^^^^^^^
services/runtime/starbase_runtime/field_sources.py:261: in capture
    await cluster(target, client)
services/runtime/starbase_runtime/field_sources.py:109: in cluster
    payload = await get_json(
_ _ _ _ _ _ _ _ _ _ _ _ _ _ _ _ _ _ _ _ _ _ _ _ _ _ _ _ _ _ _ _ _ _ _ _ _ _ _ _ 

client = <httpx.AsyncClient object at 0x10aac2bd0>
path = '/api/v1/namespaces/test/pods', params = {'limit': 100, 'continue': ''}

    async def get_json(client: httpx.AsyncClient, path: str, params: dict | None = None):
        async with client.stream("GET", path, params=params) as response:
            if response.status_code != 200:
                # Provider error bodies can contain tokens, source or private messages.
>               raise ValueError(f"Provider returned HTTP {response.status_code}")
E               ValueError: Provider returned HTTP 406

services/runtime/starbase_runtime/field_sources.py:89: ValueError
=============================== warnings summary ===============================
.venv/lib/python3.12/site-packages/graphiti_core/driver/search_interface/search_interface.py:22
  /Users/al/git/Starbase2/.venv/lib/python3.12/site-packages/graphiti_core/driver/search_interface/search_interface.py:22: PydanticDeprecatedSince20: Support for class-based `config` is deprecated, use ConfigDict instead. Deprecated in Pydantic V2.0 to be removed in V3.0. See Pydantic V2 Migration Guide at https://errors.pydantic.dev/2.13/migration/
    class SearchInterface(BaseModel):

-- Docs: https://docs.pytest.org/en/stable/how-to/capture-warnings.html
=========================== short test summary info ============================
FAILED services/runtime/tests/test_field.py::test_capture_uses_provider_specific_accept_headers[kubernetes]
1 failed, 2 passed, 9 deselected, 1 warning in 0.59s
