python3 scripts/check_world_export.py --output .local/reviews/autonomous-duty-ui/20260910-final-02
Traceback (most recent call last):
  File "/Users/al/git/Starbase2/scripts/check_world_export.py", line 371, in <module>
    main()
  File "/Users/al/git/Starbase2/scripts/check_world_export.py", line 204, in main
    run(
  File "/Users/al/git/Starbase2/scripts/check_world_export.py", line 42, in run
    result = subprocess.run(
             ^^^^^^^^^^^^^^^
  File "/Users/al/.local/share/mise/installs/python/3.12.13/lib/python3.12/subprocess.py", line 550, in run
    stdout, stderr = process.communicate(input, timeout=timeout)
                     ^^^^^^^^^^^^^^^^^^^^^^^^^^^^^^^^^^^^^^^^^^^
  File "/Users/al/.local/share/mise/installs/python/3.12.13/lib/python3.12/subprocess.py", line 1209, in communicate
    stdout, stderr = self._communicate(input, endtime, timeout)
                     ^^^^^^^^^^^^^^^^^^^^^^^^^^^^^^^^^^^^^^^^^^
  File "/Users/al/.local/share/mise/installs/python/3.12.13/lib/python3.12/subprocess.py", line 2115, in _communicate
    ready = selector.select(timeout)
            ^^^^^^^^^^^^^^^^^^^^^^^^
  File "/Users/al/.local/share/mise/installs/python/3.12.13/lib/python3.12/selectors.py", line 415, in select
    fd_event_list = self._selector.poll(timeout)
                    ^^^^^^^^^^^^^^^^^^^^^^^^^^^^
KeyboardInterrupt
error: recipe `check-world-export` was terminated on line 28 by signal 2
