Godot Engine v4.7.2.stable.official.ed1daf0bf - https://godotengine.org

CREW_ARRIVAL repair distance=0.10655443370342 traveled=2.16667341068387 path=0 stalled=0.0
CREW_ARRIVAL review distance=0.10490787774324 traveled=2.03665362857282 path=0 stalled=0.0
CREW_ARRIVAL gym distance=0.1199604049325 traveled=2.25333389081061 path=0 stalled=0.0
CREW_ARRIVAL watchkeeper distance=8.85376358032227 traveled=16.0193812744983 path=0 stalled=2.01666666666666
CREW_ARRIVAL reviewer distance=9.03562450408936 traveled=8.45268007822233 path=0 stalled=2.01666666666666
ERROR: watchkeeper reached authored workstation
   at: push_error (core/variant/variant_utility.cpp:1023)
   GDScript backtrace (most recent call first):
       [0] run (res://test_live_crew.gd:61)
ERROR: watchkeeper arrived stopped in work pose
   at: push_error (core/variant/variant_utility.cpp:1023)
   GDScript backtrace (most recent call first):
       [0] run (res://test_live_crew.gd:61)
ERROR: reviewer reached authored workstation
   at: push_error (core/variant/variant_utility.cpp:1023)
   GDScript backtrace (most recent call first):
       [0] run (res://test_live_crew.gd:61)
ERROR: reviewer arrived stopped in work pose
   at: push_error (core/variant/variant_utility.cpp:1023)
   GDScript backtrace (most recent call first):
       [0] run (res://test_live_crew.gd:61)
