ffmpeg version 7.1 Copyright (c) 2000-2024 the FFmpeg developers
  built with Apple clang version 13.1.6 (clang-1316.0.21.2.5)
  configuration: --prefix=/Volumes/tempdisk/sw --extra-cflags=-fno-stack-check --arch=arm64 --cc=/usr/bin/clang --enable-gpl --enable-libvmaf --enable-libopenjpeg --enable-libopus --enable-libmp3lame --enable-libx264 --enable-libx265 --enable-libvpx --enable-libwebp --enable-libass --enable-libfreetype --enable-fontconfig --enable-libtheora --enable-libvorbis --enable-libsnappy --enable-libaom --enable-libvidstab --enable-libzimg --enable-libsvtav1 --enable-libharfbuzz --enable-libkvazaar --pkg-config-flags=--static --enable-ffplay --enable-postproc --enable-neon --enable-runtime-cpudetect --disable-indev=qtkit --disable-indev=x11grab_xcb
  libavutil      59. 39.100 / 59. 39.100
  libavcodec     61. 19.100 / 61. 19.100
  libavformat    61.  7.100 / 61.  7.100
  libavdevice    61.  3.100 / 61.  3.100
  libavfilter    10.  4.100 / 10.  4.100
  libswscale      8.  3.100 /  8.  3.100
  libswresample   5.  3.100 /  5.  3.100
  libpostproc    58.  3.100 / 58.  3.100
[aist#0:1/pcm_s16le @ 0x147704fa0] Guessed Channel Layout: stereo
Input #0, avi, from '.local/release-world/directions-final.avi':
  Duration: 00:00:15.00, start: 0.000000, bitrate: 24053 kb/s
  Stream #0:0: Video: mjpeg (Baseline) (MJPG / 0x47504A4D), yuvj420p(pc, bt470bg/unknown/unknown), 1280x800 [SAR 1:1 DAR 8:5], 22555 kb/s, 30 fps, 30 tbr, 30 tbn
  Stream #0:1: Audio: pcm_s16le ([1][0][0][0] / 0x0001), 48000 Hz, stereo, s16, 1536 kb/s
Stream mapping:
  Stream #0:0 -> #0:0 (mjpeg (native) -> h264 (libx264))
  Stream #0:1 -> #0:1 (pcm_s16le (native) -> aac (native))
Press [q] to stop, [?] for help
[swscaler @ 0x128100000] deprecated pixel format used, make sure you did set range correctly
[libx264 @ 0x147706bc0] using SAR=1/1
[libx264 @ 0x147706bc0] using cpu capabilities: ARMv8 NEON
[libx264 @ 0x147706bc0] profile High, level 3.2, 4:2:0, 8-bit
[libx264 @ 0x147706bc0] 264 - core 164 r3190 7ed753b - H.264/MPEG-4 AVC codec - Copyleft 2003-2024 - http://www.videolan.org/x264.html - options: cabac=1 ref=3 deblock=1:0:0 analyse=0x3:0x113 me=hex subme=7 psy=1 psy_rd=1.00:0.00 mixed_ref=1 me_range=16 chroma_me=1 trellis=1 8x8dct=1 cqm=0 deadzone=21,11 fast_pskip=1 chroma_qp_offset=-2 threads=15 lookahead_threads=2 sliced_threads=0 nr=0 decimate=1 interlaced=0 bluray_compat=0 constrained_intra=0 bframes=3 b_pyramid=2 b_adapt=1 b_bias=0 direct=1 weightb=1 open_gop=0 weightp=2 keyint=250 keyint_min=25 scenecut=40 intra_refresh=0 rc_lookahead=40 rc=crf mbtree=1 crf=19.0 qcomp=0.60 qpmin=0 qpmax=69 qpstep=4 ip_ratio=1.40 aq=1:1.00
Output #0, mp4, to 'evidence/illustrated-walk/release/directions.mp4':
  Metadata:
    encoder         : Lavf61.7.100
  Stream #0:0: Video: h264 (avc1 / 0x31637661), yuv420p(pc, bt470bg/unknown/unknown, progressive), 1280x800 [SAR 1:1 DAR 8:5], q=2-31, 30 fps, 15360 tbn
      Metadata:
        encoder         : Lavc61.19.100 libx264
      Side data:
        cpb: bitrate max/min/avg: 0/0/0 buffer size: 0 vbv_delay: N/A
  Stream #0:1: Audio: aac (LC) (mp4a / 0x6134706D), 48000 Hz, stereo, fltp, 128 kb/s
      Metadata:
        encoder         : Lavc61.19.100 aac
frame=  151 fps=0.0 q=25.0 size=    1536KiB time=00:00:04.96 bitrate=2533.5kbits/s speed=9.78x    frame=  328 fps=322 q=25.0 size=    3840KiB time=00:00:10.86 bitrate=2894.9kbits/s speed=10.7x    [mp4 @ 0x1477055f0] Starting second pass: moving the moov atom to the beginning of the file
[out#0/mp4 @ 0x1477054e0] video:5392KiB audio:52KiB subtitle:0KiB other streams:0KiB global headers:0KiB muxing overhead: 0.320898%
frame=  450 fps=347 q=-1.0 Lsize=    5461KiB time=00:00:14.93 bitrate=2996.0kbits/s speed=11.5x    
[libx264 @ 0x147706bc0] frame I:3     Avg QP:13.56  size:111199
[libx264 @ 0x147706bc0] frame P:115   Avg QP:19.47  size: 18689
[libx264 @ 0x147706bc0] frame B:332   Avg QP:21.13  size:  9152
[libx264 @ 0x147706bc0] consecutive B-frames:  0.7%  0.4%  7.3% 91.6%
[libx264 @ 0x147706bc0] mb I  I16..4: 26.5% 63.3% 10.3%
[libx264 @ 0x147706bc0] mb P  I16..4:  1.5% 11.1%  0.7%  P16..4: 18.5%  6.7%  3.6%  0.0%  0.0%    skip:57.9%
[libx264 @ 0x147706bc0] mb B  I16..4:  0.5%  2.7%  0.0%  B16..8: 25.9%  8.8%  2.5%  direct: 1.0%  skip:58.7%  L0:53.2% L1:42.1% BI: 4.8%
[libx264 @ 0x147706bc0] 8x8 transform intra:81.2% inter:60.2%
[libx264 @ 0x147706bc0] coded y,uvDC,uvAC intra: 17.0% 8.4% 4.4% inter: 7.2% 1.5% 0.4%
[libx264 @ 0x147706bc0] i16 v,h,dc,p: 33% 46% 21%  0%
[libx264 @ 0x147706bc0] i8 v,h,dc,ddl,ddr,vr,hd,vl,hu:  5%  9% 77%  1%  0%  0%  1%  6%  1%
[libx264 @ 0x147706bc0] i4 v,h,dc,ddl,ddr,vr,hd,vl,hu: 13% 26% 38%  3%  3%  3%  4%  5%  4%
[libx264 @ 0x147706bc0] i8c dc,h,v,p: 82% 12%  5%  1%
[libx264 @ 0x147706bc0] Weighted P-Frames: Y:0.0% UV:0.0%
[libx264 @ 0x147706bc0] ref P L0: 58.2%  2.0% 20.7% 19.1%
[libx264 @ 0x147706bc0] ref B L0: 70.9% 24.2%  4.8%
[libx264 @ 0x147706bc0] ref B L1: 88.7% 11.3%
[libx264 @ 0x147706bc0] kb/s:2944.63
[aac @ 0x14761cdd0] Qavg: 56413.055
