python3 scripts/check_world.py
Godot Engine v4.7.2.stable.official.ed1daf0bf - https://godotengine.org

[   0% ] [90m[1mfirst_scan_filesystem[22m | Started Project initialization (5 steps)[39m[0m
[   0% ] [90m[1mfirst_scan_filesystem[22m | Scanning file structure...[39m[0m
[  16% ] [90m[1mfirst_scan_filesystem[22m | Loading global class names...[39m[0m
[  33% ] [90m[1mfirst_scan_filesystem[22m | Verifying GDExtensions...[39m[0m
[  50% ] [90m[1mfirst_scan_filesystem[22m | Creating autoload scripts...[39m[0m
[  66% ] [90m[1mfirst_scan_filesystem[22m | Initializing plugins...[39m[0m
[  83% ] [90m[1mfirst_scan_filesystem[22m | Starting file scan...[39m[0m
[92m[ DONE ][39m [1mfirst_scan_filesystem[22m
[0m
[   0% ] [90m[1mloading_editor_layout[22m | Started Loading editor (5 steps)[39m[0m
[   0% ] [90m[1mloading_editor_layout[22m | Loading editor layout...[39m[0m
[  16% ] [90m[1mloading_editor_layout[22m | Loading docks...[39m[0m
[92m[ DONE ][39m [1mloading_editor_layout[22m
[0m

Godot Engine v4.7.2.stable.official.ed1daf0bf - https://godotengine.org

Godot state checks passed: disconnected, empty, stale, missing evidence, terminal and pending states

Godot Engine v4.7.2.stable.official.ed1daf0bf - https://godotengine.org

Command board checks passed: fixture/offline command fences, findings, coverage and compact bounds

Godot Engine v4.7.2.stable.official.ed1daf0bf - https://godotengine.org

HUD_BOUNDS (1280, 800) @PanelContainer@17 [P: (848.0, 112.0), S: (410.0, 608.0)]
HUD_BOUNDS (1280, 800) @PanelContainer@100 [P: (22.0, 112.0), S: (410.0, 608.0)]
HUD_BOUNDS (1280, 800) @PanelContainer@174 [P: (848.0, 112.0), S: (410.0, 608.0)]
HUD_BOUNDS (800, 640) @PanelContainer@17 [P: (368.0, 154.0), S: (410.0, 406.0)]
HUD_BOUNDS (800, 640) @PanelContainer@100 [P: (22.0, 154.0), S: (410.0, 406.0)]
HUD_BOUNDS (800, 640) @PanelContainer@174 [P: (368.0, 154.0), S: (410.0, 406.0)]
CONTEXTUAL_HUD_PASSED: compact chrome, truthful optional roster, location, zoom signals, keyboard focus and responsive large text

Godot Engine v4.7.2.stable.official.ed1daf0bf - https://godotengine.org

LIVING_ROOM review
LIVING_ROOM gym
LIVING_ROOM habitat
LIVING_ROOM greenhouse
LIVING_COLONY_PASSED: commons contacts, physical primary-console access, authored cameras, quiet truthful HUD, reduced motion and identical non-spatial Command

Godot Engine v4.7.2.stable.official.ed1daf0bf - https://godotengine.org

Visual fixture cannot open a live operational Command board or dispatch work

Godot Engine v4.7.2.stable.official.ed1daf0bf - https://godotengine.org

Navigation checks passed: all crew, route around habitat, walls, colony boundary

Godot Engine v4.7.2.stable.official.ed1daf0bf - https://godotengine.org

Exploration passed: faster travel, buttons in all camera modes, expanded navigable land, no dispatch

Godot Engine v4.7.2.stable.official.ed1daf0bf - https://godotengine.org

Shelf shape checks passed: broken long edges, eroded corner and reachable headlands

Godot Engine v4.7.2.stable.official.ed1daf0bf - https://godotengine.org

Path checks passed: every orthogonal centerline stays on shelf, clears obstacles and ends at a reachable destination

Godot Engine v4.7.2.stable.official.ed1daf0bf - https://godotengine.org

Paving checks passed: 1252 unique tiles, rectangular pads, two-tile corridors, separate pad/road materials, yellow dashes, four batched meshes, connected door/landing walks, terrain clearance

Godot Engine v4.7.2.stable.official.ed1daf0bf - https://godotengine.org

Paving light checks passed: all pad borders, exposed road edges, inset fixtures, three-metre spacing, reduced-motion settings, five meshes, no collision or CPU polling

Godot Engine v4.7.2.stable.official.ed1daf0bf - https://godotengine.org

Surface scatter checks passed: shelf/path/landmark clearance, blocked outcrop routes and physics, traversable craters

Godot Engine v4.7.2.stable.official.ed1daf0bf - https://godotengine.org

Environment checks passed: animated/frozen/resumed spring and canyon water, room visibility, shore footprint

Godot Engine v4.7.2.stable.official.ed1daf0bf - https://godotengine.org

Coast checks passed: continuous backdrop extent, shelf clearance, fixed collision count, excluded mainland routes, seven boundary contacts and returns

Godot Engine v4.7.2.stable.official.ed1daf0bf - https://godotengine.org

Upland seam checks passed: every northern boundary vertex matches the plateau position and elevation

Godot Engine v4.7.2.stable.official.ed1daf0bf - https://godotengine.org

Colony routes reach landing, habitat, expansion and survey districts

Godot Engine v4.7.2.stable.official.ed1daf0bf - https://godotengine.org

16 accepted sprite poses verified: alpha, nonempty content, atlas bounds, no clipped opaque pixels

Godot Engine v4.7.2.stable.official.ed1daf0bf - https://godotengine.org

Character contract, alpha rejection, frame bounds, distinct poses, displacement gait, stop, contact and teleport checks passed

Godot Engine v4.7.2.stable.official.ed1daf0bf - https://godotengine.org

Illustrated character passed: alpha, provenance, all four directions live, contacts, stop layout, wall and reduced motion

Godot Engine v4.7.2.stable.official.ed1daf0bf - https://godotengine.org

wall sample: 0.48431404866278 -> 0.48431404866278; contacts 0 -> 0; position (0.619847, 0.0, 0.0)
Actual CharacterBody3D wall collision, turns, reduced motion and teleport passed

Godot Engine v4.7.2.stable.official.ed1daf0bf - https://godotengine.org

MESHY_CHARACTER_CHECKS_COMPLETE failed=false

Godot Engine v4.7.2.stable.official.ed1daf0bf - https://godotengine.org

RUN_CADENCE_PASSED: 6 m/s uses 2.8 m stride, physical contacts and stop-to-idle

Godot Engine v4.7.2.stable.official.ed1daf0bf - https://godotengine.org

ENGINEERING_POLISH_PASSED: PBR, route, cutaway, muted audio, reduced effects, four clips, run selection, no dispatch

Godot Engine v4.7.2.stable.official.ed1daf0bf - https://godotengine.org

STRUCTURE_CONTACT review
STRUCTURE_CONTACT gym
STRUCTURE_CONTACT habitat
STRUCTURE_CONTACT greenhouse
REMAINING_STRUCTURES_PASSED: all-four furniture contact, side walls, direct visits, cutaways, scenery and no dispatch

Godot Engine v4.7.2.stable.official.ed1daf0bf - https://godotengine.org

JOURNEY Workshop
JOURNEY Commons
JOURNEY Gym
JOURNEY Habitat
JOURNEY Greenhouse
Seamless colony passed: five continuous journeys, console routes, airlocks, cutaways, direct visits, reduced motion, no dispatch

Godot Engine v4.7.2.stable.official.ed1daf0bf - https://godotengine.org

Character showroom controls, default mute, and sprite anchoring passed

Traceback (most recent call last):
  File "/Users/al/git/Starbase2/scripts/check_world.py", line 39, in <module>
    result = subprocess.run(
             ^^^^^^^^^^^^^^^
  File "/Users/al/.local/share/mise/installs/python/3.12.13/lib/python3.12/subprocess.py", line 550, in run
    stdout, stderr = process.communicate(input, timeout=timeout)
                     ^^^^^^^^^^^^^^^^^^^^^^^^^^^^^^^^^^^^^^^^^^^
  File "/Users/al/.local/share/mise/installs/python/3.12.13/lib/python3.12/subprocess.py", line 1209, in communicate
    stdout, stderr = self._communicate(input, endtime, timeout)
                     ^^^^^^^^^^^^^^^^^^^^^^^^^^^^^^^^^^^^^^^^^^
  File "/Users/al/.local/share/mise/installs/python/3.12.13/lib/python3.12/subprocess.py", line 2116, in _communicate
    self._check_timeout(endtime, orig_timeout, stdout, stderr)
  File "/Users/al/.local/share/mise/installs/python/3.12.13/lib/python3.12/subprocess.py", line 1253, in _check_timeout
    raise TimeoutExpired(
subprocess.TimeoutExpired: Command '['godot', '--headless', '--path', 'apps/world', '--script', 'test_field_crew.gd', '--', '--api=http://127.0.0.1:1']' timed out after 60 seconds
error: recipe `check-world` failed on line 62 with exit code 1
