Godot Engine v4.7.2.stable.official.ed1daf0bf - https://godotengine.org

[   0% ] [90m[1mfirst_scan_filesystem[22m | Started Project initialization (5 steps)[39m[0m
[   0% ] [90m[1mfirst_scan_filesystem[22m | Scanning file structure...[39m[0m
[  16% ] [90m[1mfirst_scan_filesystem[22m | Loading global class names...[39m[0m
[  33% ] [90m[1mfirst_scan_filesystem[22m | Verifying GDExtensions...[39m[0m
[  50% ] [90m[1mfirst_scan_filesystem[22m | Creating autoload scripts...[39m[0m
[  66% ] [90m[1mfirst_scan_filesystem[22m | Initializing plugins...[39m[0m
[  83% ] [90m[1mfirst_scan_filesystem[22m | Starting file scan...[39m[0m
[92m[ DONE ][39m [1mfirst_scan_filesystem[22m
[0m
[   0% ] [90m[1mupdate_scripts_classes[22m | Started Registering global classes... (17 steps)[39m[0m
[   0% ] [90m[1mupdate_scripts_classes[22m | [39m[0m
[   5% ] [90m[1mupdate_scripts_classes[22m | [39m[0m
[  11% ] [90m[1mupdate_scripts_classes[22m | [39m[0m
[  16% ] [90m[1mupdate_scripts_classes[22m | [39m[0m
[  22% ] [90m[1mupdate_scripts_classes[22m | [39m[0m
[  27% ] [90m[1mupdate_scripts_classes[22m | [39m[0m
[  33% ] [90m[1mupdate_scripts_classes[22m | [39m[0m
[  38% ] [90m[1mupdate_scripts_classes[22m | [39m[0m
[  44% ] [90m[1mupdate_scripts_classes[22m | [39m[0m
[  50% ] [90m[1mupdate_scripts_classes[22m | [39m[0m
[  55% ] [90m[1mupdate_scripts_classes[22m | [39m[0m
[  61% ] [90m[1mupdate_scripts_classes[22m | [39m[0m
[  66% ] [90m[1mupdate_scripts_classes[22m | [39m[0m
[  72% ] [90m[1mupdate_scripts_classes[22m | [39m[0m
[  77% ] [90m[1mupdate_scripts_classes[22m | [39m[0m
[  83% ] [90m[1mupdate_scripts_classes[22m | [39m[0m
[  88% ] [90m[1mupdate_scripts_classes[22m | [39m[0m
[92m[ DONE ][39m [1mupdate_scripts_classes[22m
[0m
[   0% ] [90m[1m_update_scan_actions[22m | Started Scanning actions... (74 steps)[39m[0m
[   0% ] [90m[1m_update_scan_actions[22m | living-commons.glb[39m[0m
[   1% ] [90m[1m_update_scan_actions[22m | analysis-console.glb[39m[0m
[   2% ] [90m[1m_update_scan_actions[22m | analysis-console_Image_0.jpg[39m[0m
[   4% ] [90m[1m_update_scan_actions[22m | analysis-console_Image_1.jpg[39m[0m
[   5% ] [90m[1m_update_scan_actions[22m | analysis-console_Image_2.jpg[39m[0m
[   6% ] [90m[1m_update_scan_actions[22m | analysis-console_Image_3.jpg[39m[0m
[   8% ] [90m[1m_update_scan_actions[22m | botany-lab-bench.glb[39m[0m
[   9% ] [90m[1m_update_scan_actions[22m | botany-lab-bench_Image_0.jpg[39m[0m
[  10% ] [90m[1m_update_scan_actions[22m | botany-lab-bench_Image_1.jpg[39m[0m
[  12% ] [90m[1m_update_scan_actions[22m | botany-lab-bench_Image_2.jpg[39m[0m
[  13% ] [90m[1m_update_scan_actions[22m | botany-lab-bench_Image_3.jpg[39m[0m
[  14% ] [90m[1m_update_scan_actions[22m | communications-array.glb[39m[0m
[  16% ] [90m[1m_update_scan_actions[22m | communications-array_Image_0.jpg[39m[0m
[  17% ] [90m[1m_update_scan_actions[22m | communications-array_Image_1.jpg[39m[0m
[  18% ] [90m[1m_update_scan_actions[22m | communications-array_Image_2.jpg[39m[0m
[  20% ] [90m[1m_update_scan_actions[22m | communications-array_Image_3.jpg[39m[0m
[  21% ] [90m[1m_update_scan_actions[22m | frontier-galley.glb[39m[0m
[  22% ] [90m[1m_update_scan_actions[22m | frontier-galley_Image_0.jpg[39m[0m
[  24% ] [90m[1m_update_scan_actions[22m | frontier-galley_Image_1.jpg[39m[0m
[  25% ] [90m[1m_update_scan_actions[22m | frontier-galley_Image_2.jpg[39m[0m
[  26% ] [90m[1m_update_scan_actions[22m | frontier-galley_Image_3.jpg[39m[0m
[  28% ] [90m[1m_update_scan_actions[22m | hydroponic-rack.glb[39m[0m
[  29% ] [90m[1m_update_scan_actions[22m | hydroponic-rack_Image_0.jpg[39m[0m
[  30% ] [90m[1m_update_scan_actions[22m | hydroponic-rack_Image_1.jpg[39m[0m
[  32% ] [90m[1m_update_scan_actions[22m | hydroponic-rack_Image_2.jpg[39m[0m
[  33% ] [90m[1m_update_scan_actions[22m | hydroponic-rack_Image_3.jpg[39m[0m
[  34% ] [90m[1m_update_scan_actions[22m | mission-table.glb[39m[0m
[  36% ] [90m[1m_update_scan_actions[22m | mission-table_Image_0.jpg[39m[0m
[  37% ] [90m[1m_update_scan_actions[22m | mission-table_Image_1.jpg[39m[0m
[  38% ] [90m[1m_update_scan_actions[22m | mission-table_Image_2.jpg[39m[0m
[  40% ] [90m[1m_update_scan_actions[22m | mission-table_Image_3.jpg[39m[0m
[  41% ] [90m[1m_update_scan_actions[22m | resistance-bench.glb[39m[0m
[  42% ] [90m[1m_update_scan_actions[22m | resistance-bench_Image_0.jpg[39m[0m
[  44% ] [90m[1m_update_scan_actions[22m | resistance-bench_Image_1.jpg[39m[0m
[  45% ] [90m[1m_update_scan_actions[22m | resistance-bench_Image_2.jpg[39m[0m
[  46% ] [90m[1m_update_scan_actions[22m | resistance-bench_Image_3.jpg[39m[0m
[  48% ] [90m[1m_update_scan_actions[22m | simulation-station.glb[39m[0m
[  49% ] [90m[1m_update_scan_actions[22m | simulation-station_Image_0.jpg[39m[0m
[  50% ] [90m[1m_update_scan_actions[22m | simulation-station_Image_1.jpg[39m[0m
[  52% ] [90m[1m_update_scan_actions[22m | simulation-station_Image_2.jpg[39m[0m
[  53% ] [90m[1m_update_scan_actions[22m | simulation-station_Image_3.jpg[39m[0m
[  54% ] [90m[1m_update_scan_actions[22m | sleep-capsule.glb[39m[0m
[  56% ] [90m[1m_update_scan_actions[22m | sleep-capsule_Image_0.jpg[39m[0m
[  57% ] [90m[1m_update_scan_actions[22m | sleep-capsule_Image_1.jpg[39m[0m
[  58% ] [90m[1m_update_scan_actions[22m | sleep-capsule_Image_2.jpg[39m[0m
[  60% ] [90m[1m_update_scan_actions[22m | sleep-capsule_Image_3.jpg[39m[0m
[  61% ] [90m[1m_update_scan_actions[22m | greenhouse-interior.glb[39m[0m
[  62% ] [90m[1m_update_scan_actions[22m | greenhouse-shell.glb[39m[0m
[  64% ] [90m[1m_update_scan_actions[22m | hull.glb[39m[0m
[  65% ] [90m[1m_update_scan_actions[22m | hull_Image_0.jpg[39m[0m
[  66% ] [90m[1m_update_scan_actions[22m | hull_Image_1.jpg[39m[0m
[  68% ] [90m[1m_update_scan_actions[22m | hull_Image_2.jpg[39m[0m
[  69% ] [90m[1m_update_scan_actions[22m | hull_Image_3.jpg[39m[0m
[  70% ] [90m[1m_update_scan_actions[22m | hull.glb[39m[0m
[  72% ] [90m[1m_update_scan_actions[22m | hull_Image_0.jpg[39m[0m
[  73% ] [90m[1m_update_scan_actions[22m | hull_Image_1.jpg[39m[0m
[  74% ] [90m[1m_update_scan_actions[22m | hull_Image_2.jpg[39m[0m
[  76% ] [90m[1m_update_scan_actions[22m | hull_Image_3.jpg[39m[0m
[  77% ] [90m[1m_update_scan_actions[22m | review-interior.glb[39m[0m
[  78% ] [90m[1m_update_scan_actions[22m | review-shell.glb[39m[0m
[  80% ] [90m[1m_update_scan_actions[22m | habitat-interior.glb[39m[0m
[  81% ] [90m[1m_update_scan_actions[22m | habitat-shell.glb[39m[0m
[  82% ] [90m[1m_update_scan_actions[22m | hull.glb[39m[0m
[  84% ] [90m[1m_update_scan_actions[22m | hull_Image_0.jpg[39m[0m
[  85% ] [90m[1m_update_scan_actions[22m | hull_Image_1.jpg[39m[0m
[  86% ] [90m[1m_update_scan_actions[22m | hull_Image_2.jpg[39m[0m
[  88% ] [90m[1m_update_scan_actions[22m | hull_Image_3.jpg[39m[0m
[  89% ] [90m[1m_update_scan_actions[22m | gym-interior.glb[39m[0m
[  90% ] [90m[1m_update_scan_actions[22m | gym-shell.glb[39m[0m
[  92% ] [90m[1m_update_scan_actions[22m | hull.glb[39m[0m
[  93% ] [90m[1m_update_scan_actions[22m | hull_Image_0.jpg[39m[0m
[  94% ] [90m[1m_update_scan_actions[22m | hull_Image_1.jpg[39m[0m
[  96% ] [90m[1m_update_scan_actions[22m | hull_Image_2.jpg[39m[0m
[  97% ] [90m[1m_update_scan_actions[22m | hull_Image_3.jpg[39m[0m
[92m[ DONE ][39m [1m_update_scan_actions[22m
[0m
[   0% ] [90m[1mreimport[22m | Started (Re)Importing Assets (3 steps)[39m[0m
[   0% ] [90m[1mreimport[22m | Preparing files to reimport...[39m[0m
[  25% ] [90m[1mreimport[22m | Preparing files to reimport...[39m[0m
[  50% ] [90m[1mreimport[22m | Preparing files to reimport...[39m[0m
[   0% ] [90m[1mreimport[22m | Executing pre-reimport operations...[39m[0m
[   0% ] [90m[1mpreload_reimporting_scene[22m | Started Preparing scenes for reload (1 steps)[39m[0m
[   0% ] [90m[1mpreload_reimporting_scene[22m | Analyzing scene [empty][39m[0m
[  50% ] [90m[1mpreload_reimporting_scene[22m | Preparation done.[39m[0m
[92m[ DONE ][39m [1mpreload_reimporting_scene[22m
[0m
[   0% ] [90m[1mreimport[22m | living-commons.glb[39m[0m
[   0% ] [90m[1mimport[22m | Started Import Scene (104 steps)[39m[0m
[   0% ] [90m[1mimport[22m | Importing Scene...[39m[0m
[   1% ] [90m[1mimport[22m | Running Custom Script...[39m[0m
[  99% ] [90m[1mimport[22m | Saving...[39m[0m
[92m[ DONE ][39m [1mimport[22m
[0m
[  25% ] [90m[1mreimport[22m | review-interior.glb[39m[0m
[   0% ] [90m[1mimport[22m | Started Import Scene (104 steps)[39m[0m
[   0% ] [90m[1mimport[22m | Importing Scene...[39m[0m
[   1% ] [90m[1mimport[22m | Running Custom Script...[39m[0m
[  99% ] [90m[1mimport[22m | Saving...[39m[0m
[92m[ DONE ][39m [1mimport[22m
[0m
[  50% ] [90m[1mreimport[22m | review-shell.glb[39m[0m
[   0% ] [90m[1mimport[22m | Started Import Scene (104 steps)[39m[0m
[   0% ] [90m[1mimport[22m | Importing Scene...[39m[0m
[   1% ] [90m[1mimport[22m | Running Custom Script...[39m[0m
[  99% ] [90m[1mimport[22m | Saving...[39m[0m
[92m[ DONE ][39m [1mimport[22m
[0m
[  75% ] [90m[1mreimport[22m | Finalizing Asset Import...[39m[0m
[92m[ DONE ][39m [1mreimport[22m
[0m
[   0% ] [90m[1mreimport[22m | Started (Re)Importing Assets (3 steps)[39m[0m
[   0% ] [90m[1mreimport[22m | Executing post-reimport operations...[39m[0m
[92m[ DONE ][39m [1mreimport[22m
[0m
[   0% ] [90m[1mloading_editor_layout[22m | Started Loading editor (5 steps)[39m[0m
[   0% ] [90m[1mloading_editor_layout[22m | Loading editor layout...[39m[0m
[  16% ] [90m[1mloading_editor_layout[22m | Loading docks...[39m[0m
[92m[ DONE ][39m [1mloading_editor_layout[22m
[0m
