Godot Engine v4.7.2.stable.official.ed1daf0bf - https://godotengine.org
OpenGL API 4.1 Metal - 90.5 - Compatibility - Using Device: Apple - Apple M5

NATIVE_JOURNEY_RESULT {"actual":"(-5.99081, 0.0, -25.41727)","context":"Commons:<Node3D#49207576124>","distance":0.0678969547152519,"panel_open":false,"remaining_route":"[]","start":"(-3.0, 0.0, -14.9)","target":"(-6.0, 0.0, -25.35)"}
NATIVE_JOURNEY_RESULT {"actual":"(-3.10894, 0.0, -23.50002)","context":"Commons:<Node3D#49207576124>","distance":0.119875185191631,"panel_open":false,"remaining_route":"[]","start":"(-5.99081, 0.0, -25.41727)","target":"(-3.0, 0.0, -23.45)"}
NATIVE_JOURNEY_RESULT {"actual":"(-3.0, 0.0, -15.10955)","context":"<null>","distance":0.209552764892578,"panel_open":false,"remaining_route":"[]","start":"(-3.10894, 0.0, -23.50002)","target":"(-3.0, 0.0, -14.9)"}
NATIVE_EXPORTED_JOURNEY review
NATIVE_JOURNEY_RESULT {"actual":"(1.5, 0.0, -2.899998)","context":"Gym:<Node3D#49224353341>","distance":0.150002479553223,"panel_open":false,"remaining_route":"[]","start":"(1.5, 0.0, 9.1)","target":"(1.5, 0.0, -3.05)"}
NATIVE_JOURNEY_RESULT {"actual":"(-1.826165, 0.0, 0.482006)","context":"Gym:<Node3D#49224353341>","distance":0.0804734826087952,"panel_open":false,"remaining_route":"[]","start":"(1.5, 0.0, -2.899998)","target":"(-1.9, 0.0, 0.45)"}
NATIVE_JOURNEY_RESULT {"actual":"(1.483122, 0.0, 8.829414)","context":"<null>","distance":0.271111845970154,"panel_open":false,"remaining_route":"[]","start":"(-1.826165, 0.0, 0.482006)","target":"(1.5, 0.0, 9.1)"}
NATIVE_EXPORTED_JOURNEY gym
NATIVE_JOURNEY_RESULT {"actual":"(34.02523, 0.0, -19.861)","context":"Habitat:<Node3D#49241130558>","distance":0.0275239236652851,"panel_open":false,"remaining_route":"[]","start":"(36.0, 0.0, -8.9)","target":"(34.0, 0.0, -19.85)"}
NATIVE_JOURNEY_RESULT {"actual":"(35.4808, 0.0, -17.62697)","context":"Habitat:<Node3D#49241130558>","distance":0.182258605957031,"panel_open":false,"remaining_route":"[]","start":"(34.02523, 0.0, -19.861)","target":"(35.3, 0.0, -17.65)"}
NATIVE_JOURNEY_RESULT {"actual":"(35.99091, 0.0, -9.082825)","context":"<null>","distance":0.183050945401192,"panel_open":false,"remaining_route":"[]","start":"(35.4808, 0.0, -17.62697)","target":"(36.0, 0.0, -8.9)"}
NATIVE_EXPORTED_JOURNEY habitat
NATIVE_JOURNEY_RESULT {"actual":"(30.0, 0.0, 25.60004)","context":"Greenhouse:<Node3D#49257907775>","distance":0.0500373840332031,"panel_open":false,"remaining_route":"[]","start":"(30.0, 0.0, 36.1)","target":"(30.0, 0.0, 25.55)"}
NATIVE_JOURNEY_RESULT {"actual":"(30.0, 0.0, 22.10002)","context":"Greenhouse:<Node3D#49257907775>","distance":0.150022506713867,"panel_open":false,"remaining_route":"[]","start":"(30.0, 0.0, 25.60004)","target":"(30.0, 0.0, 21.95)"}
NATIVE_JOURNEY_RESULT {"actual":"(30.0, 0.0, 35.9)","context":"<null>","distance":0.199996948242188,"panel_open":false,"remaining_route":"[]","start":"(30.0, 0.0, 22.10002)","target":"(30.0, 0.0, 36.1)"}
NATIVE_EXPORTED_JOURNEY greenhouse
NATIVE_JOURNEY_RESULT {"actual":"(-4.0, 0.0, 23.1119)","context":"<null>","distance":0.111896514892578,"panel_open":false,"remaining_route":"[]","start":"(30.0, 0.0, 35.9)","target":"(-4.0, 0.0, 23.0)"}
NATIVE_JOURNEY_RESULT {"actual":"(53.97415, 0.0, -26.85881)","context":"<null>","distance":0.143540620803833,"panel_open":false,"remaining_route":"[]","start":"(-4.0, 0.0, 23.1119)","target":"(54.0, 0.0, -27.0)"}
EXPORTED_STRUCTURES_CAPTURE_PASSED
