........................................................................ [ 72%]
........................FF.                                              [100%]
=================================== FAILURES ===================================
____________ test_native_launcher_success_does_not_hide_app_errors _____________

executable = PosixPath('/private/var/folders/sl/2t3mlgwj7bq2c4qj1x2csfx00000gn/T/pytest-of-al/pytest-699/test_native_launcher_success_d0/Review.app/Contents/MacOS/Review')
arguments = []
output = PosixPath('/private/var/folders/sl/2t3mlgwj7bq2c4qj1x2csfx00000gn/T/pytest-of-al/pytest-699/test_native_launcher_success_d0')
name = 'interior'
cwd = PosixPath('/private/var/folders/sl/2t3mlgwj7bq2c4qj1x2csfx00000gn/T/pytest-of-al/pytest-699/test_native_launcher_success_d0')

    def native_capture(
        executable: Path, arguments: list[str], output: Path, name: str, cwd: Path
    ) -> None:
        """Launch and activate an exact owned GUI instance within a bounded review."""
        stdout = output / f"{name}.log"
        stderr = output / f"{name}-stderr.log"
        app = str(executable.parents[2])
        command = [
            "open",
            "-n",
            "-W",
            "-a",
            app,
            "--stdout",
            str(stdout),
            "--stderr",
            str(stderr),
            "--args",
            "--max-fps",
            "60",
            "--",
            *arguments,
        ]
        deadline = time.monotonic() + 180
        launcher = subprocess.Popen(
            command, cwd=cwd, text=True, stdout=subprocess.PIPE, stderr=subprocess.STDOUT
        )
        try:
            # A Launch Services process can exist behind the app on its splash screen.
            # Activate only after this exact executable exists, avoiding a second launch.
            while launcher.poll() is None:
>               listing = subprocess.check_output(["ps", "-axo", "pid=,command="], text=True)
                          ^^^^^^^^^^^^^^^^^^^^^^^^^^^^^^^^^^^^^^^^^^^^^^^^^^^^^^^^^^^^^^^^^^^

scripts/check_world_export.py:111: 
_ _ _ _ _ _ _ _ _ _ _ _ _ _ _ _ _ _ _ _ _ _ _ _ _ _ _ _ _ _ _ _ _ _ _ _ _ _ _ _ 
../../.local/share/mise/installs/python/3.12.13/lib/python3.12/subprocess.py:466: in check_output
    return run(*popenargs, stdout=PIPE, timeout=timeout, check=True,
../../.local/share/mise/installs/python/3.12.13/lib/python3.12/subprocess.py:548: in run
    with Popen(*popenargs, **kwargs) as process:
         ^^^^^^^^^^^^^^^^^^^^^^^^^^^
../../.local/share/mise/installs/python/3.12.13/lib/python3.12/subprocess.py:1026: in __init__
    self._execute_child(args, executable, preexec_fn, close_fds,
_ _ _ _ _ _ _ _ _ _ _ _ _ _ _ _ _ _ _ _ _ _ _ _ _ _ _ _ _ _ _ _ _ _ _ _ _ _ _ _ 

self = <Popen: returncode: 255 args: ['ps', '-axo', 'pid=,command=']>
args = ['ps', '-axo', 'pid=,command='], executable = b'ps', preexec_fn = None
close_fds = True, pass_fds = (), cwd = None, env = None, startupinfo = None
creationflags = 0, shell = False, p2cread = -1, p2cwrite = -1, c2pread = 12
c2pwrite = 13, errread = -1, errwrite = -1, restore_signals = True, gid = None
gids = None, uid = None, umask = -1, start_new_session = False
process_group = -1

    def _execute_child(self, args, executable, preexec_fn, close_fds,
                       pass_fds, cwd, env,
                       startupinfo, creationflags, shell,
                       p2cread, p2cwrite,
                       c2pread, c2pwrite,
                       errread, errwrite,
                       restore_signals,
                       gid, gids, uid, umask,
                       start_new_session, process_group):
        """Execute program (POSIX version)"""
    
        if isinstance(args, (str, bytes)):
            args = [args]
        elif isinstance(args, os.PathLike):
            if shell:
                raise TypeError('path-like args is not allowed when '
                                'shell is true')
            args = [args]
        else:
            args = list(args)
    
        if shell:
            # On Android the default shell is at '/system/bin/sh'.
            unix_shell = ('/system/bin/sh' if
                      hasattr(sys, 'getandroidapilevel') else '/bin/sh')
            args = [unix_shell, "-c"] + args
            if executable:
                args[0] = executable
    
        if executable is None:
            executable = args[0]
    
        sys.audit("subprocess.Popen", executable, args, cwd, env)
    
        if (_USE_POSIX_SPAWN
                and os.path.dirname(executable)
                and preexec_fn is None
                and not close_fds
                and not pass_fds
                and cwd is None
                and (p2cread == -1 or p2cread > 2)
                and (c2pwrite == -1 or c2pwrite > 2)
                and (errwrite == -1 or errwrite > 2)
                and not start_new_session
                and process_group == -1
                and gid is None
                and gids is None
                and uid is None
                and umask < 0):
            self._posix_spawn(args, executable, env, restore_signals,
                              p2cread, p2cwrite,
                              c2pread, c2pwrite,
                              errread, errwrite)
            return
    
        orig_executable = executable
    
        # For transferring possible exec failure from child to parent.
        # Data format: "exception name:hex errno:description"
        # Pickle is not used; it is complex and involves memory allocation.
        errpipe_read, errpipe_write = os.pipe()
        # errpipe_write must not be in the standard io 0, 1, or 2 fd range.
        low_fds_to_close = []
        while errpipe_write < 3:
            low_fds_to_close.append(errpipe_write)
            errpipe_write = os.dup(errpipe_write)
        for low_fd in low_fds_to_close:
            os.close(low_fd)
        try:
            try:
                # We must avoid complex work that could involve
                # malloc or free in the child process to avoid
                # potential deadlocks, thus we do all this here.
                # and pass it to fork_exec()
    
                if env is not None:
                    env_list = []
                    for k, v in env.items():
                        k = os.fsencode(k)
                        if b'=' in k:
                            raise ValueError("illegal environment variable name")
                        env_list.append(k + b'=' + os.fsencode(v))
                else:
                    env_list = None  # Use execv instead of execve.
                executable = os.fsencode(executable)
                if os.path.dirname(executable):
                    executable_list = (executable,)
                else:
                    # This matches the behavior of os._execvpe().
                    executable_list = tuple(
                        os.path.join(os.fsencode(dir), executable)
                        for dir in os.get_exec_path(env))
                fds_to_keep = set(pass_fds)
                fds_to_keep.add(errpipe_write)
                self.pid = _fork_exec(
                        args, executable_list,
                        close_fds, tuple(sorted(map(int, fds_to_keep))),
                        cwd, env_list,
                        p2cread, p2cwrite, c2pread, c2pwrite,
                        errread, errwrite,
                        errpipe_read, errpipe_write,
                        restore_signals, start_new_session,
                        process_group, gid, gids, uid, umask,
                        preexec_fn, _USE_VFORK)
                self._child_created = True
            finally:
                # be sure the FD is closed no matter what
                os.close(errpipe_write)
    
            self._close_pipe_fds(p2cread, p2cwrite,
                                 c2pread, c2pwrite,
                                 errread, errwrite)
    
            # Wait for exec to fail or succeed; possibly raising an
            # exception (limited in size)
            errpipe_data = bytearray()
            while True:
                part = os.read(errpipe_read, 50000)
                errpipe_data += part
                if not part or len(errpipe_data) > 50000:
                    break
        finally:
            # be sure the FD is closed no matter what
            os.close(errpipe_read)
    
        if errpipe_data:
            try:
                pid, sts = os.waitpid(self.pid, 0)
                if pid == self.pid:
                    self._handle_exitstatus(sts)
                else:
                    self.returncode = sys.maxsize
            except ChildProcessError:
                pass
    
            try:
                exception_name, hex_errno, err_msg = (
                        errpipe_data.split(b':', 2))
                # The encoding here should match the encoding
                # written in by the subprocess implementations
                # like _posixsubprocess
                err_msg = err_msg.decode()
            except ValueError:
                exception_name = b'SubprocessError'
                hex_errno = b'0'
                err_msg = 'Bad exception data from child: {!r}'.format(
                              bytes(errpipe_data))
            child_exception_type = getattr(
                    builtins, exception_name.decode('ascii'),
                    SubprocessError)
            if issubclass(child_exception_type, OSError) and hex_errno:
                errno_num = int(hex_errno, 16)
                if err_msg == "noexec:chdir":
                    err_msg = ""
                    # The error must be from chdir(cwd).
                    err_filename = cwd
                elif err_msg == "noexec":
                    err_msg = ""
                    err_filename = None
                else:
                    err_filename = orig_executable
                if errno_num != 0:
                    err_msg = os.strerror(errno_num)
                if err_filename is not None:
>                   raise child_exception_type(errno_num, err_msg, err_filename)
E                   PermissionError: [Errno 1] Operation not permitted: 'ps'

../../.local/share/mise/installs/python/3.12.13/lib/python3.12/subprocess.py:1955: PermissionError

During handling of the above exception, another exception occurred:

tmp_path = PosixPath('/private/var/folders/sl/2t3mlgwj7bq2c4qj1x2csfx00000gn/T/pytest-of-al/pytest-699/test_native_launcher_success_d0')

    def test_native_launcher_success_does_not_hide_app_errors(tmp_path):
        from scripts.check_world_export import native_capture
    
        executable = tmp_path / "Review.app/Contents/MacOS/Review"
        (tmp_path / "interior.log").write_text("Godot Engine\n")
        (tmp_path / "interior-stderr.log").write_text("ERROR: missing texture\n")
        with patch("scripts.check_world_export.run"):
            with pytest.raises(RuntimeError, match="Native capture failed"):
>               native_capture(executable, [], tmp_path, "interior", tmp_path)

services/runtime/tests/test_world_export.py:64: 
_ _ _ _ _ _ _ _ _ _ _ _ _ _ _ _ _ _ _ _ _ _ _ _ _ _ _ _ _ _ _ _ _ _ _ _ _ _ _ _ 
scripts/check_world_export.py:132: in native_capture
    listing = subprocess.check_output(["ps", "-axo", "pid=,command="], text=True)
              ^^^^^^^^^^^^^^^^^^^^^^^^^^^^^^^^^^^^^^^^^^^^^^^^^^^^^^^^^^^^^^^^^^^
../../.local/share/mise/installs/python/3.12.13/lib/python3.12/subprocess.py:466: in check_output
    return run(*popenargs, stdout=PIPE, timeout=timeout, check=True,
../../.local/share/mise/installs/python/3.12.13/lib/python3.12/subprocess.py:548: in run
    with Popen(*popenargs, **kwargs) as process:
         ^^^^^^^^^^^^^^^^^^^^^^^^^^^
../../.local/share/mise/installs/python/3.12.13/lib/python3.12/subprocess.py:1026: in __init__
    self._execute_child(args, executable, preexec_fn, close_fds,
_ _ _ _ _ _ _ _ _ _ _ _ _ _ _ _ _ _ _ _ _ _ _ _ _ _ _ _ _ _ _ _ _ _ _ _ _ _ _ _ 

self = <Popen: returncode: 255 args: ['ps', '-axo', 'pid=,command=']>
args = ['ps', '-axo', 'pid=,command='], executable = b'ps', preexec_fn = None
close_fds = True, pass_fds = (), cwd = None, env = None, startupinfo = None
creationflags = 0, shell = False, p2cread = -1, p2cwrite = -1, c2pread = 11
c2pwrite = 12, errread = -1, errwrite = -1, restore_signals = True, gid = None
gids = None, uid = None, umask = -1, start_new_session = False
process_group = -1

    def _execute_child(self, args, executable, preexec_fn, close_fds,
                       pass_fds, cwd, env,
                       startupinfo, creationflags, shell,
                       p2cread, p2cwrite,
                       c2pread, c2pwrite,
                       errread, errwrite,
                       restore_signals,
                       gid, gids, uid, umask,
                       start_new_session, process_group):
        """Execute program (POSIX version)"""
    
        if isinstance(args, (str, bytes)):
            args = [args]
        elif isinstance(args, os.PathLike):
            if shell:
                raise TypeError('path-like args is not allowed when '
                                'shell is true')
            args = [args]
        else:
            args = list(args)
    
        if shell:
            # On Android the default shell is at '/system/bin/sh'.
            unix_shell = ('/system/bin/sh' if
                      hasattr(sys, 'getandroidapilevel') else '/bin/sh')
            args = [unix_shell, "-c"] + args
            if executable:
                args[0] = executable
    
        if executable is None:
            executable = args[0]
    
        sys.audit("subprocess.Popen", executable, args, cwd, env)
    
        if (_USE_POSIX_SPAWN
                and os.path.dirname(executable)
                and preexec_fn is None
                and not close_fds
                and not pass_fds
                and cwd is None
                and (p2cread == -1 or p2cread > 2)
                and (c2pwrite == -1 or c2pwrite > 2)
                and (errwrite == -1 or errwrite > 2)
                and not start_new_session
                and process_group == -1
                and gid is None
                and gids is None
                and uid is None
                and umask < 0):
            self._posix_spawn(args, executable, env, restore_signals,
                              p2cread, p2cwrite,
                              c2pread, c2pwrite,
                              errread, errwrite)
            return
    
        orig_executable = executable
    
        # For transferring possible exec failure from child to parent.
        # Data format: "exception name:hex errno:description"
        # Pickle is not used; it is complex and involves memory allocation.
        errpipe_read, errpipe_write = os.pipe()
        # errpipe_write must not be in the standard io 0, 1, or 2 fd range.
        low_fds_to_close = []
        while errpipe_write < 3:
            low_fds_to_close.append(errpipe_write)
            errpipe_write = os.dup(errpipe_write)
        for low_fd in low_fds_to_close:
            os.close(low_fd)
        try:
            try:
                # We must avoid complex work that could involve
                # malloc or free in the child process to avoid
                # potential deadlocks, thus we do all this here.
                # and pass it to fork_exec()
    
                if env is not None:
                    env_list = []
                    for k, v in env.items():
                        k = os.fsencode(k)
                        if b'=' in k:
                            raise ValueError("illegal environment variable name")
                        env_list.append(k + b'=' + os.fsencode(v))
                else:
                    env_list = None  # Use execv instead of execve.
                executable = os.fsencode(executable)
                if os.path.dirname(executable):
                    executable_list = (executable,)
                else:
                    # This matches the behavior of os._execvpe().
                    executable_list = tuple(
                        os.path.join(os.fsencode(dir), executable)
                        for dir in os.get_exec_path(env))
                fds_to_keep = set(pass_fds)
                fds_to_keep.add(errpipe_write)
                self.pid = _fork_exec(
                        args, executable_list,
                        close_fds, tuple(sorted(map(int, fds_to_keep))),
                        cwd, env_list,
                        p2cread, p2cwrite, c2pread, c2pwrite,
                        errread, errwrite,
                        errpipe_read, errpipe_write,
                        restore_signals, start_new_session,
                        process_group, gid, gids, uid, umask,
                        preexec_fn, _USE_VFORK)
                self._child_created = True
            finally:
                # be sure the FD is closed no matter what
                os.close(errpipe_write)
    
            self._close_pipe_fds(p2cread, p2cwrite,
                                 c2pread, c2pwrite,
                                 errread, errwrite)
    
            # Wait for exec to fail or succeed; possibly raising an
            # exception (limited in size)
            errpipe_data = bytearray()
            while True:
                part = os.read(errpipe_read, 50000)
                errpipe_data += part
                if not part or len(errpipe_data) > 50000:
                    break
        finally:
            # be sure the FD is closed no matter what
            os.close(errpipe_read)
    
        if errpipe_data:
            try:
                pid, sts = os.waitpid(self.pid, 0)
                if pid == self.pid:
                    self._handle_exitstatus(sts)
                else:
                    self.returncode = sys.maxsize
            except ChildProcessError:
                pass
    
            try:
                exception_name, hex_errno, err_msg = (
                        errpipe_data.split(b':', 2))
                # The encoding here should match the encoding
                # written in by the subprocess implementations
                # like _posixsubprocess
                err_msg = err_msg.decode()
            except ValueError:
                exception_name = b'SubprocessError'
                hex_errno = b'0'
                err_msg = 'Bad exception data from child: {!r}'.format(
                              bytes(errpipe_data))
            child_exception_type = getattr(
                    builtins, exception_name.decode('ascii'),
                    SubprocessError)
            if issubclass(child_exception_type, OSError) and hex_errno:
                errno_num = int(hex_errno, 16)
                if err_msg == "noexec:chdir":
                    err_msg = ""
                    # The error must be from chdir(cwd).
                    err_filename = cwd
                elif err_msg == "noexec":
                    err_msg = ""
                    err_filename = None
                else:
                    err_filename = orig_executable
                if errno_num != 0:
                    err_msg = os.strerror(errno_num)
                if err_filename is not None:
>                   raise child_exception_type(errno_num, err_msg, err_filename)
E                   PermissionError: [Errno 1] Operation not permitted: 'ps'

../../.local/share/mise/installs/python/3.12.13/lib/python3.12/subprocess.py:1955: PermissionError
___________ test_native_timeout_stops_only_exact_isolated_executable ___________

tmp_path = PosixPath('/private/var/folders/sl/2t3mlgwj7bq2c4qj1x2csfx00000gn/T/pytest-of-al/pytest-699/test_native_timeout_stops_only0')

    def test_native_timeout_stops_only_exact_isolated_executable(tmp_path):
        import signal
    
        from scripts.check_world_export import native_capture
    
        executable = tmp_path / "Review.app/Contents/MacOS/Review"
        processes = (
            f"101 {executable} -- --capture=interior.png\n"
            "102 /other/Review.app/Contents/MacOS/Review -- --capture=interior.png\n"
            f"103 {executable}-other -- --capture=interior.png\n"
        )
        with (
            patch("scripts.check_world_export.run", side_effect=RuntimeError("timed out")),
            patch("scripts.check_world_export.subprocess.check_output", return_value=processes),
            patch("scripts.check_world_export.os.kill") as kill,
        ):
            with pytest.raises(RuntimeError, match="timed out"):
                native_capture(executable, [], tmp_path, "interior", tmp_path)
>           kill.assert_called_once_with(101, signal.SIGTERM)

services/runtime/tests/test_world_export.py:85: 
_ _ _ _ _ _ _ _ _ _ _ _ _ _ _ _ _ _ _ _ _ _ _ _ _ _ _ _ _ _ _ _ _ _ _ _ _ _ _ _ 

self = <MagicMock name='kill' id='4570097776'>
args = (101, <Signals.SIGTERM: 15>), kwargs = {}

    def assert_called_once_with(self, /, *args, **kwargs):
        """assert that the mock was called exactly once and that that call was
        with the specified arguments."""
        if not self.call_count == 1:
            msg = ("Expected '%s' to be called once. Called %s times.%s"
                   % (self._mock_name or 'mock',
                      self.call_count,
                      self._calls_repr()))
>           raise AssertionError(msg)
E           AssertionError: Expected 'kill' to be called once. Called 2 times.
E           Calls: [call(54879, <Signals.SIGTERM: 15>), call(101, <Signals.SIGTERM: 15>)].

../../.local/share/mise/installs/python/3.12.13/lib/python3.12/unittest/mock.py:960: AssertionError
=============================== warnings summary ===============================
.venv/lib/python3.12/site-packages/graphiti_core/driver/search_interface/search_interface.py:22
  /Users/al/git/Starbase2/.venv/lib/python3.12/site-packages/graphiti_core/driver/search_interface/search_interface.py:22: PydanticDeprecatedSince20: Support for class-based `config` is deprecated, use ConfigDict instead. Deprecated in Pydantic V2.0 to be removed in V3.0. See Pydantic V2 Migration Guide at https://errors.pydantic.dev/2.13/migration/
    class SearchInterface(BaseModel):

-- Docs: https://docs.pytest.org/en/stable/how-to/capture-warnings.html
=========================== short test summary info ============================
FAILED services/runtime/tests/test_world_export.py::test_native_launcher_success_does_not_hide_app_errors
FAILED services/runtime/tests/test_world_export.py::test_native_timeout_stops_only_exact_isolated_executable
2 failed, 97 passed, 1 warning in 1.34s
