cargo fmt --all --check
cargo clippy --locked --all-targets -- -D warnings
    Finished `dev` profile [unoptimized + debuginfo] target(s) in 0.05s
.venv/bin/ruff format --check services/runtime scripts
36 files already formatted
.venv/bin/ruff check services/runtime scripts
All checks passed!
.venv/bin/ty check services/runtime scripts
All checks passed!
cargo test --locked
    Finished `test` profile [unoptimized + debuginfo] target(s) in 0.04s
     Running unittests src/lib.rs (target/debug/deps/starbase_core-fbad066a9794506d)

running 27 tests
test operations::tests::grader_distinguishes_inconclusive_invalid_ineligible_and_incomplete ... ok
test operations::tests::completion_is_atomic_immutable_and_idempotent ... ok
test operations::tests::empty_scope_is_incomplete_and_workspace_inference_is_denied ... ok
test operations::tests::duty_pause_fences_dispatch_and_busy_ticks_do_not_flood ... ok
test repair::tests::controls_do_not_earn_progression ... ok
test operations::tests::stop_fences_late_results_and_preserves_snapshot ... ok
test operations::tests::invalid_citations_and_unfrozen_reports_are_rejected ... ok
test repair::tests::authority_checks_revision_expiry_and_cancellation ... ok
test operations::tests::v1_data_survives_migration ... ok
test tests::duplicated_missing_and_wrong_build_trials_are_rejected ... ok
test tests::equal_public_controls_are_inconclusive_for_quality ... ok
test operations::tests::unchanged_snapshot_and_build_are_reported_without_new_qualification ... ok
test tests::a_newer_database_cannot_be_silently_downgraded ... ok
test tests::grading_preserves_failures_no_change_and_hard_gates ... ok
test operations::tests::archive_paging_never_hides_active_dispatch ... ok
test tests::cancellation_fences_late_completion ... ok
test repair::tests::duplicate_requests_frozen_evidence_and_retry_budget ... ok
test tests::duplicate_ingestion_does_not_change_identity_or_dispatch ... ok
test tests::failed_stop_acknowledgement_remains_failed ... ok
test tests::retained_result_is_atomic_and_exact_retry_is_idempotent ... ok
test repair::tests::progression_atomic_deduplicated_and_build_scoped ... ok
test repair::tests::independent_grader_rejects_claimed_success_and_regressions ... ok
test repair::tests::migration_preserves_v2_and_reopen_preserves_progression ... ok
test tests::reopening_preserves_evidence_and_migrations_are_repeatable ... ok
test tests::source_drift_and_malformed_input_are_rejected ... ok
test tests::stale_is_independent_of_execution_state ... ok
test tests::unverified_or_partial_results_never_complete ... ok

test result: ok. 27 passed; 0 failed; 0 ignored; 0 measured; 0 filtered out; finished in 0.03s

     Running unittests src/main.rs (target/debug/deps/starbase_core-571b92d00f119468)

running 0 tests

test result: ok. 0 passed; 0 failed; 0 ignored; 0 measured; 0 filtered out; finished in 0.00s

   Doc-tests starbase_core

running 0 tests

test result: ok. 0 passed; 0 failed; 0 ignored; 0 measured; 0 filtered out; finished in 0.00s

.venv/bin/pytest -q
................                                                         [100%]
16 passed in 0.36s
cargo build --locked
    Finished `dev` profile [unoptimized + debuginfo] target(s) in 0.03s
.venv/bin/python scripts/contracts.py --check
/Users/al/git/Starbase2/.venv/lib/python3.12/site-packages/datamodel_code_generator/parser/jsonschema.py:1379: UserWarning: format of 'uint32' not understood for 'integer' - using default
  return _get_type(type_, format_, data_formats)
/Users/al/git/Starbase2/.venv/lib/python3.12/site-packages/datamodel_code_generator/parser/jsonschema.py:1379: UserWarning: format of 'uint64' not understood for 'integer' - using default
  return _get_type(type_, format_, data_formats)
Found 1 error (1 fixed, 0 remaining).
1 file left unchanged
/Users/al/git/Starbase2/.venv/lib/python3.12/site-packages/datamodel_code_generator/parser/jsonschema.py:1379: UserWarning: format of 'uint32' not understood for 'integer' - using default
  return _get_type(type_, format_, data_formats)
/Users/al/git/Starbase2/.venv/lib/python3.12/site-packages/datamodel_code_generator/parser/jsonschema.py:1379: UserWarning: format of 'uint64' not understood for 'integer' - using default
  return _get_type(type_, format_, data_formats)
Found 1 error (1 fixed, 0 remaining).
1 file left unchanged
/Users/al/git/Starbase2/.venv/lib/python3.12/site-packages/datamodel_code_generator/parser/jsonschema.py:1379: UserWarning: format of 'uint32' not understood for 'integer' - using default
  return _get_type(type_, format_, data_formats)
/Users/al/git/Starbase2/.venv/lib/python3.12/site-packages/datamodel_code_generator/parser/jsonschema.py:1379: UserWarning: format of 'uint64' not understood for 'integer' - using default
  return _get_type(type_, format_, data_formats)
Found 1 error (1 fixed, 0 remaining).
1 file left unchanged
Contracts match.
Contracts match.
Contracts match.
python3 scripts/check_docs.py
Checked 32 Markdown files and 12 requirement IDs.
Documentation checks passed.
