python3 scripts/check_world.py
Godot Engine v4.7.2.stable.official.ed1daf0bf - https://godotengine.org

[   0% ] [90m[1mfirst_scan_filesystem[22m | Started Project initialization (5 steps)[39m[0m
[   0% ] [90m[1mfirst_scan_filesystem[22m | Scanning file structure...[39m[0m
[  16% ] [90m[1mfirst_scan_filesystem[22m | Loading global class names...[39m[0m
[  33% ] [90m[1mfirst_scan_filesystem[22m | Verifying GDExtensions...[39m[0m
[  50% ] [90m[1mfirst_scan_filesystem[22m | Creating autoload scripts...[39m[0m
[  66% ] [90m[1mfirst_scan_filesystem[22m | Initializing plugins...[39m[0m
[  83% ] [90m[1mfirst_scan_filesystem[22m | Starting file scan...[39m[0m
[92m[ DONE ][39m [1mfirst_scan_filesystem[22m
[0m
[   0% ] [90m[1mupdate_scripts_classes[22m | Started Registering global classes... (3 steps)[39m[0m
[   0% ] [90m[1mupdate_scripts_classes[22m | [39m[0m
[  25% ] [90m[1mupdate_scripts_classes[22m | [39m[0m
[  50% ] [90m[1mupdate_scripts_classes[22m | [39m[0m
[92m[ DONE ][39m [1mupdate_scripts_classes[22m
[0m
[   0% ] [90m[1mloading_editor_layout[22m | Started Loading editor (5 steps)[39m[0m
[   0% ] [90m[1mloading_editor_layout[22m | Loading editor layout...[39m[0m
[  16% ] [90m[1mloading_editor_layout[22m | Loading docks...[39m[0m
[92m[ DONE ][39m [1mloading_editor_layout[22m
[0m

Godot Engine v4.7.2.stable.official.ed1daf0bf - https://godotengine.org

Godot state checks passed: disconnected, empty, stale, missing evidence, terminal and pending states

Godot Engine v4.7.2.stable.official.ed1daf0bf - https://godotengine.org

Command board checks passed: fixture/offline command fences, findings, coverage and compact bounds

Godot Engine v4.7.2.stable.official.ed1daf0bf - https://godotengine.org

Visual fixture cannot open a live operational Command board or dispatch work

Godot Engine v4.7.2.stable.official.ed1daf0bf - https://godotengine.org

Navigation checks passed: all crew, route around habitat, walls, colony boundary

Godot Engine v4.7.2.stable.official.ed1daf0bf - https://godotengine.org

Exploration passed: faster travel, buttons in all camera modes, expanded navigable land, no dispatch

Godot Engine v4.7.2.stable.official.ed1daf0bf - https://godotengine.org

Shelf shape checks passed: broken long edges, eroded corner and reachable headlands

Godot Engine v4.7.2.stable.official.ed1daf0bf - https://godotengine.org

Path checks passed: every orthogonal centerline stays on shelf, clears obstacles and ends at a reachable destination

Godot Engine v4.7.2.stable.official.ed1daf0bf - https://godotengine.org

Paving checks passed: 1061 unique tiles, rectangular pads, two-tile corridors, separate pad/road materials, yellow dashes, four batched meshes, connected door/landing walks, terrain clearance

Godot Engine v4.7.2.stable.official.ed1daf0bf - https://godotengine.org

Paving light checks passed: all pad borders, exposed road edges, inset fixtures, three-metre spacing, reduced-motion settings, five meshes, no collision or CPU polling

Godot Engine v4.7.2.stable.official.ed1daf0bf - https://godotengine.org

Surface scatter checks passed: shelf/path/landmark clearance, blocked outcrop routes and physics, traversable craters

Godot Engine v4.7.2.stable.official.ed1daf0bf - https://godotengine.org

Environment checks passed: animated/frozen/resumed spring and canyon water, room visibility, shore footprint

Godot Engine v4.7.2.stable.official.ed1daf0bf - https://godotengine.org

Coast checks passed: continuous backdrop extent, shelf clearance, fixed collision count, excluded mainland routes, seven boundary contacts and returns

Godot Engine v4.7.2.stable.official.ed1daf0bf - https://godotengine.org

Upland seam checks passed: every northern boundary vertex matches the plateau position and elevation

Godot Engine v4.7.2.stable.official.ed1daf0bf - https://godotengine.org

ERROR: Route entered water, standing stone or the exposed cliff
   at: push_error (core/variant/variant_utility.cpp:1023)
   GDScript backtrace (most recent call first):
       [0] _initialize (res://test_colony.gd:12)

Godot validation failed; inspect the retained command output.
error: recipe `check-world` failed on line 62 with exit code 1
