ffmpeg version 7.1 Copyright (c) 2000-2024 the FFmpeg developers
  built with Apple clang version 13.1.6 (clang-1316.0.21.2.5)
  configuration: --prefix=/Volumes/tempdisk/sw --extra-cflags=-fno-stack-check --arch=arm64 --cc=/usr/bin/clang --enable-gpl --enable-libvmaf --enable-libopenjpeg --enable-libopus --enable-libmp3lame --enable-libx264 --enable-libx265 --enable-libvpx --enable-libwebp --enable-libass --enable-libfreetype --enable-fontconfig --enable-libtheora --enable-libvorbis --enable-libsnappy --enable-libaom --enable-libvidstab --enable-libzimg --enable-libsvtav1 --enable-libharfbuzz --enable-libkvazaar --pkg-config-flags=--static --enable-ffplay --enable-postproc --enable-neon --enable-runtime-cpudetect --disable-indev=qtkit --disable-indev=x11grab_xcb
  libavutil      59. 39.100 / 59. 39.100
  libavcodec     61. 19.100 / 61. 19.100
  libavformat    61.  7.100 / 61.  7.100
  libavdevice    61.  3.100 / 61.  3.100
  libavfilter    10.  4.100 / 10.  4.100
  libswscale      8.  3.100 /  8.  3.100
  libswresample   5.  3.100 /  5.  3.100
  libpostproc    58.  3.100 / 58.  3.100
[aist#0:1/pcm_s16le @ 0x14361b180] Guessed Channel Layout: stereo
Input #0, avi, from '.local/illustrated-colony-final.avi':
  Duration: 00:00:09.00, start: 0.000000, bitrate: 29711 kb/s
  Stream #0:0: Video: mjpeg (Baseline) (MJPG / 0x47504A4D), yuvj420p(pc, bt470bg/unknown/unknown), 1280x800 [SAR 1:1 DAR 8:5], 28268 kb/s, 30 fps, 30 tbr, 30 tbn
  Stream #0:1: Audio: pcm_s16le ([1][0][0][0] / 0x0001), 48000 Hz, stereo, s16, 1536 kb/s
Stream mapping:
  Stream #0:0 -> #0:0 (mjpeg (native) -> h264 (libx264))
  Stream #0:1 -> #0:1 (pcm_s16le (native) -> aac (native))
Press [q] to stop, [?] for help
[swscaler @ 0x1281c0000] deprecated pixel format used, make sure you did set range correctly
[libx264 @ 0x14361ccc0] using SAR=1/1
[libx264 @ 0x14361ccc0] using cpu capabilities: ARMv8 NEON
[libx264 @ 0x14361ccc0] profile High, level 3.2, 4:2:0, 8-bit
[libx264 @ 0x14361ccc0] 264 - core 164 r3190 7ed753b - H.264/MPEG-4 AVC codec - Copyleft 2003-2024 - http://www.videolan.org/x264.html - options: cabac=1 ref=3 deblock=1:0:0 analyse=0x3:0x113 me=hex subme=7 psy=1 psy_rd=1.00:0.00 mixed_ref=1 me_range=16 chroma_me=1 trellis=1 8x8dct=1 cqm=0 deadzone=21,11 fast_pskip=1 chroma_qp_offset=-2 threads=15 lookahead_threads=2 sliced_threads=0 nr=0 decimate=1 interlaced=0 bluray_compat=0 constrained_intra=0 bframes=3 b_pyramid=2 b_adapt=1 b_bias=0 direct=1 weightb=1 open_gop=0 weightp=2 keyint=250 keyint_min=25 scenecut=40 intra_refresh=0 rc_lookahead=40 rc=crf mbtree=1 crf=20.0 qcomp=0.60 qpmin=0 qpmax=69 qpstep=4 ip_ratio=1.40 aq=1:1.00
Output #0, mp4, to 'evidence/illustrated-walk/integration/colony.mp4':
  Metadata:
    encoder         : Lavf61.7.100
  Stream #0:0: Video: h264 (avc1 / 0x31637661), yuv420p(pc, bt470bg/unknown/unknown, progressive), 1280x800 [SAR 1:1 DAR 8:5], q=2-31, 30 fps, 15360 tbn
      Metadata:
        encoder         : Lavc61.19.100 libx264
      Side data:
        cpb: bitrate max/min/avg: 0/0/0 buffer size: 0 vbv_delay: N/A
  Stream #0:1: Audio: aac (LC) (mp4a / 0x6134706D), 48000 Hz, stereo, fltp, 128 kb/s
      Metadata:
        encoder         : Lavc61.19.100 aac
frame=   65 fps=0.0 q=26.0 size=    2048KiB time=00:00:02.10 bitrate=7989.3kbits/s speed=4.12x    frame=  149 fps=147 q=26.0 size=    5632KiB time=00:00:04.90 bitrate=9415.9kbits/s speed=4.83x    [mp4 @ 0x14361c180] Starting second pass: moving the moov atom to the beginning of the file
[out#0/mp4 @ 0x14361c0c0] video:6293KiB audio:49KiB subtitle:0KiB other streams:0KiB global headers:0KiB muxing overhead: 0.173542%
frame=  270 fps=240 q=-1.0 Lsize=    6352KiB time=00:00:08.93 bitrate=5825.2kbits/s speed=7.95x    
[libx264 @ 0x14361ccc0] frame I:2     Avg QP:16.49  size:120753
[libx264 @ 0x14361ccc0] frame P:76    Avg QP:18.91  size: 40402
[libx264 @ 0x14361ccc0] frame B:192   Avg QP:20.74  size: 16307
[libx264 @ 0x14361ccc0] consecutive B-frames:  4.8%  0.7%  1.1% 93.3%
[libx264 @ 0x14361ccc0] mb I  I16..4: 26.1% 67.6%  6.2%
[libx264 @ 0x14361ccc0] mb P  I16..4:  0.3% 15.9%  0.5%  P16..4: 13.9%  9.9%  7.9%  0.0%  0.0%    skip:51.6%
[libx264 @ 0x14361ccc0] mb B  I16..4:  0.1%  3.4%  0.0%  B16..8: 16.8%  8.2%  3.4%  direct: 4.1%  skip:64.0%  L0:42.6% L1:40.1% BI:17.3%
[libx264 @ 0x14361ccc0] 8x8 transform intra:93.1% inter:66.1%
[libx264 @ 0x14361ccc0] coded y,uvDC,uvAC intra: 82.2% 42.4% 15.3% inter: 15.5% 14.2% 8.3%
[libx264 @ 0x14361ccc0] i16 v,h,dc,p: 55% 34%  6%  5%
[libx264 @ 0x14361ccc0] i8 v,h,dc,ddl,ddr,vr,hd,vl,hu: 12% 25% 43%  2%  3%  2%  3%  4%  5%
[libx264 @ 0x14361ccc0] i4 v,h,dc,ddl,ddr,vr,hd,vl,hu: 21% 25% 15%  5%  6%  5%  7%  9%  7%
[libx264 @ 0x14361ccc0] i8c dc,h,v,p: 51% 31% 15%  2%
[libx264 @ 0x14361ccc0] Weighted P-Frames: Y:0.0% UV:0.0%
[libx264 @ 0x14361ccc0] ref P L0: 43.8%  9.8% 32.0% 14.4%
[libx264 @ 0x14361ccc0] ref B L0: 75.2% 20.1%  4.7%
[libx264 @ 0x14361ccc0] ref B L1: 85.8% 14.2%
[libx264 @ 0x14361ccc0] kb/s:5727.06
[aac @ 0x143706c40] Qavg: 51159.312
ffmpeg version 7.1 Copyright (c) 2000-2024 the FFmpeg developers
  built with Apple clang version 13.1.6 (clang-1316.0.21.2.5)
  configuration: --prefix=/Volumes/tempdisk/sw --extra-cflags=-fno-stack-check --arch=arm64 --cc=/usr/bin/clang --enable-gpl --enable-libvmaf --enable-libopenjpeg --enable-libopus --enable-libmp3lame --enable-libx264 --enable-libx265 --enable-libvpx --enable-libwebp --enable-libass --enable-libfreetype --enable-fontconfig --enable-libtheora --enable-libvorbis --enable-libsnappy --enable-libaom --enable-libvidstab --enable-libzimg --enable-libsvtav1 --enable-libharfbuzz --enable-libkvazaar --pkg-config-flags=--static --enable-ffplay --enable-postproc --enable-neon --enable-runtime-cpudetect --disable-indev=qtkit --disable-indev=x11grab_xcb
  libavutil      59. 39.100 / 59. 39.100
  libavcodec     61. 19.100 / 61. 19.100
  libavformat    61.  7.100 / 61.  7.100
  libavdevice    61.  3.100 / 61.  3.100
  libavfilter    10.  4.100 / 10.  4.100
  libswscale      8.  3.100 /  8.  3.100
  libswresample   5.  3.100 /  5.  3.100
  libpostproc    58.  3.100 / 58.  3.100
[aist#0:1/pcm_s16le @ 0x127e1b180] Guessed Channel Layout: stereo
Input #0, avi, from '.local/illustrated-integrated-final.avi':
  Duration: 00:00:15.00, start: 0.000000, bitrate: 23996 kb/s
  Stream #0:0: Video: mjpeg (Baseline) (MJPG / 0x47504A4D), yuvj420p(pc, bt470bg/unknown/unknown), 1280x800 [SAR 1:1 DAR 8:5], 22498 kb/s, 30 fps, 30 tbr, 30 tbn
  Stream #0:1: Audio: pcm_s16le ([1][0][0][0] / 0x0001), 48000 Hz, stereo, s16, 1536 kb/s
Stream mapping:
  Stream #0:0 -> #0:0 (mjpeg (native) -> h264 (libx264))
  Stream #0:1 -> #0:1 (pcm_s16le (native) -> aac (native))
Press [q] to stop, [?] for help
[swscaler @ 0x140048000] deprecated pixel format used, make sure you did set range correctly
[libx264 @ 0x127e1ccc0] using SAR=1/1
[libx264 @ 0x127e1ccc0] using cpu capabilities: ARMv8 NEON
[libx264 @ 0x127e1ccc0] profile High, level 3.2, 4:2:0, 8-bit
[libx264 @ 0x127e1ccc0] 264 - core 164 r3190 7ed753b - H.264/MPEG-4 AVC codec - Copyleft 2003-2024 - http://www.videolan.org/x264.html - options: cabac=1 ref=3 deblock=1:0:0 analyse=0x3:0x113 me=hex subme=7 psy=1 psy_rd=1.00:0.00 mixed_ref=1 me_range=16 chroma_me=1 trellis=1 8x8dct=1 cqm=0 deadzone=21,11 fast_pskip=1 chroma_qp_offset=-2 threads=15 lookahead_threads=2 sliced_threads=0 nr=0 decimate=1 interlaced=0 bluray_compat=0 constrained_intra=0 bframes=3 b_pyramid=2 b_adapt=1 b_bias=0 direct=1 weightb=1 open_gop=0 weightp=2 keyint=250 keyint_min=25 scenecut=40 intra_refresh=0 rc_lookahead=40 rc=crf mbtree=1 crf=20.0 qcomp=0.60 qpmin=0 qpmax=69 qpstep=4 ip_ratio=1.40 aq=1:1.00
Output #0, mp4, to 'evidence/illustrated-walk/integration/review.mp4':
  Metadata:
    encoder         : Lavf61.7.100
  Stream #0:0: Video: h264 (avc1 / 0x31637661), yuv420p(pc, bt470bg/unknown/unknown, progressive), 1280x800 [SAR 1:1 DAR 8:5], q=2-31, 30 fps, 15360 tbn
      Metadata:
        encoder         : Lavc61.19.100 libx264
      Side data:
        cpb: bitrate max/min/avg: 0/0/0 buffer size: 0 vbv_delay: N/A
  Stream #0:1: Audio: aac (LC) (mp4a / 0x6134706D), 48000 Hz, stereo, fltp, 128 kb/s
      Metadata:
        encoder         : Lavc61.19.100 aac
frame=  154 fps=0.0 q=26.0 size=    1280KiB time=00:00:05.06 bitrate=2069.6kbits/s speed=9.93x    frame=  333 fps=326 q=26.0 size=    3328KiB time=00:00:11.03 bitrate=2471.0kbits/s speed=10.8x    [mp4 @ 0x127e1c180] Starting second pass: moving the moov atom to the beginning of the file
[out#0/mp4 @ 0x127e1c0c0] video:4701KiB audio:52KiB subtitle:0KiB other streams:0KiB global headers:0KiB muxing overhead: 0.367947%
frame=  450 fps=350 q=-1.0 Lsize=    4770KiB time=00:00:14.93 bitrate=2616.5kbits/s speed=11.6x    
[libx264 @ 0x127e1ccc0] frame I:3     Avg QP:14.76  size:105739
[libx264 @ 0x127e1ccc0] frame P:115   Avg QP:20.28  size: 16182
[libx264 @ 0x127e1ccc0] frame B:332   Avg QP:21.90  size:  7936
[libx264 @ 0x127e1ccc0] consecutive B-frames:  0.7%  0.9%  6.0% 92.4%
[libx264 @ 0x127e1ccc0] mb I  I16..4: 24.3% 66.0%  9.8%
[libx264 @ 0x127e1ccc0] mb P  I16..4:  1.2% 11.3%  0.7%  P16..4: 18.1%  6.6%  3.3%  0.0%  0.0%    skip:58.7%
[libx264 @ 0x127e1ccc0] mb B  I16..4:  0.4%  2.9%  0.0%  B16..8: 25.9%  8.7%  2.2%  direct: 0.9%  skip:59.1%  L0:53.4% L1:42.2% BI: 4.4%
[libx264 @ 0x127e1ccc0] 8x8 transform intra:84.3% inter:59.0%
[libx264 @ 0x127e1ccc0] coded y,uvDC,uvAC intra: 16.3% 7.1% 3.4% inter: 6.4% 1.2% 0.4%
[libx264 @ 0x127e1ccc0] i16 v,h,dc,p: 31% 44% 25%  0%
[libx264 @ 0x127e1ccc0] i8 v,h,dc,ddl,ddr,vr,hd,vl,hu:  5% 10% 77%  1%  0%  0%  1%  6%  1%
[libx264 @ 0x127e1ccc0] i4 v,h,dc,ddl,ddr,vr,hd,vl,hu: 12% 26% 40%  3%  3%  3%  4%  5%  4%
[libx264 @ 0x127e1ccc0] i8c dc,h,v,p: 84% 11%  4%  0%
[libx264 @ 0x127e1ccc0] Weighted P-Frames: Y:0.0% UV:0.0%
[libx264 @ 0x127e1ccc0] ref P L0: 59.1%  2.0% 20.1% 18.8%
[libx264 @ 0x127e1ccc0] ref B L0: 71.4% 24.0%  4.6%
[libx264 @ 0x127e1ccc0] ref B L1: 88.9% 11.1%
[libx264 @ 0x127e1ccc0] kb/s:2566.77
[aac @ 0x127e20380] Qavg: 56413.055
ffmpeg version 7.1 Copyright (c) 2000-2024 the FFmpeg developers
  built with Apple clang version 13.1.6 (clang-1316.0.21.2.5)
  configuration: --prefix=/Volumes/tempdisk/sw --extra-cflags=-fno-stack-check --arch=arm64 --cc=/usr/bin/clang --enable-gpl --enable-libvmaf --enable-libopenjpeg --enable-libopus --enable-libmp3lame --enable-libx264 --enable-libx265 --enable-libvpx --enable-libwebp --enable-libass --enable-libfreetype --enable-fontconfig --enable-libtheora --enable-libvorbis --enable-libsnappy --enable-libaom --enable-libvidstab --enable-libzimg --enable-libsvtav1 --enable-libharfbuzz --enable-libkvazaar --pkg-config-flags=--static --enable-ffplay --enable-postproc --enable-neon --enable-runtime-cpudetect --disable-indev=qtkit --disable-indev=x11grab_xcb
  libavutil      59. 39.100 / 59. 39.100
  libavcodec     61. 19.100 / 61. 19.100
  libavformat    61.  7.100 / 61.  7.100
  libavdevice    61.  3.100 / 61.  3.100
  libavfilter    10.  4.100 / 10.  4.100
  libswscale      8.  3.100 /  8.  3.100
  libswresample   5.  3.100 /  5.  3.100
  libpostproc    58.  3.100 / 58.  3.100
Input #0, mov,mp4,m4a,3gp,3g2,mj2, from 'evidence/illustrated-walk/integration/colony.mp4':
  Metadata:
    major_brand     : isom
    minor_version   : 512
    compatible_brands: isomiso2avc1mp41
    encoder         : Lavf61.7.100
  Duration: 00:00:09.00, start: 0.000000, bitrate: 5782 kb/s
  Stream #0:0[0x1](und): Video: h264 (High) (avc1 / 0x31637661), yuvj420p(pc, bt470bg/unknown/unknown, progressive), 1280x800 [SAR 1:1 DAR 8:5], 5727 kb/s, 30 fps, 30 tbr, 15360 tbn (default)
      Metadata:
        handler_name    : VideoHandler
        vendor_id       : [0][0][0][0]
        encoder         : Lavc61.19.100 libx264
  Stream #0:1[0x2](und): Audio: aac (LC) (mp4a / 0x6134706D), 48000 Hz, stereo, fltp, 44 kb/s (default)
      Metadata:
        handler_name    : SoundHandler
        vendor_id       : [0][0][0][0]
Stream mapping:
  Stream #0:0 -> #0:0 (h264 (native) -> wrapped_avframe (native))
  Stream #0:1 -> #0:1 (aac (native) -> pcm_s16le (native))
Press [q] to stop, [?] for help
Output #0, null, to 'pipe:':
  Metadata:
    major_brand     : isom
    minor_version   : 512
    compatible_brands: isomiso2avc1mp41
    encoder         : Lavf61.7.100
  Stream #0:0(und): Video: wrapped_avframe, yuvj420p(pc, bt470bg/unknown/unknown, progressive), 1280x800 [SAR 1:1 DAR 8:5], q=2-31, 200 kb/s, 30 fps, 30 tbn (default)
      Metadata:
        handler_name    : VideoHandler
        vendor_id       : [0][0][0][0]
        encoder         : Lavc61.19.100 wrapped_avframe
  Stream #0:1(und): Audio: pcm_s16le, 48000 Hz, stereo, s16, 1536 kb/s (default)
      Metadata:
        handler_name    : SoundHandler
        vendor_id       : [0][0][0][0]
        encoder         : Lavc61.19.100 pcm_s16le
[out#0/null @ 0x123704c50] video:116KiB audio:1688KiB subtitle:0KiB other streams:0KiB global headers:0KiB muxing overhead: unknown
frame=  270 fps=0.0 q=-0.0 Lsize=N/A time=00:00:09.00 bitrate=N/A speed=87.7x    
ffmpeg version 7.1 Copyright (c) 2000-2024 the FFmpeg developers
  built with Apple clang version 13.1.6 (clang-1316.0.21.2.5)
  configuration: --prefix=/Volumes/tempdisk/sw --extra-cflags=-fno-stack-check --arch=arm64 --cc=/usr/bin/clang --enable-gpl --enable-libvmaf --enable-libopenjpeg --enable-libopus --enable-libmp3lame --enable-libx264 --enable-libx265 --enable-libvpx --enable-libwebp --enable-libass --enable-libfreetype --enable-fontconfig --enable-libtheora --enable-libvorbis --enable-libsnappy --enable-libaom --enable-libvidstab --enable-libzimg --enable-libsvtav1 --enable-libharfbuzz --enable-libkvazaar --pkg-config-flags=--static --enable-ffplay --enable-postproc --enable-neon --enable-runtime-cpudetect --disable-indev=qtkit --disable-indev=x11grab_xcb
  libavutil      59. 39.100 / 59. 39.100
  libavcodec     61. 19.100 / 61. 19.100
  libavformat    61.  7.100 / 61.  7.100
  libavdevice    61.  3.100 / 61.  3.100
  libavfilter    10.  4.100 / 10.  4.100
  libswscale      8.  3.100 /  8.  3.100
  libswresample   5.  3.100 /  5.  3.100
  libpostproc    58.  3.100 / 58.  3.100
Input #0, mov,mp4,m4a,3gp,3g2,mj2, from 'evidence/illustrated-walk/integration/review.mp4':
  Metadata:
    major_brand     : isom
    minor_version   : 512
    compatible_brands: isomiso2avc1mp41
    encoder         : Lavf61.7.100
  Duration: 00:00:15.00, start: 0.000000, bitrate: 2604 kb/s
  Stream #0:0[0x1](und): Video: h264 (High) (avc1 / 0x31637661), yuvj420p(pc, bt470bg/unknown/unknown, progressive), 1280x800 [SAR 1:1 DAR 8:5], 2567 kb/s, 30 fps, 30 tbr, 15360 tbn (default)
      Metadata:
        handler_name    : VideoHandler
        vendor_id       : [0][0][0][0]
        encoder         : Lavc61.19.100 libx264
  Stream #0:1[0x2](und): Audio: aac (LC) (mp4a / 0x6134706D), 48000 Hz, stereo, fltp, 28 kb/s (default)
      Metadata:
        handler_name    : SoundHandler
        vendor_id       : [0][0][0][0]
Stream mapping:
  Stream #0:0 -> #0:0 (h264 (native) -> wrapped_avframe (native))
  Stream #0:1 -> #0:1 (aac (native) -> pcm_s16le (native))
Press [q] to stop, [?] for help
Output #0, null, to 'pipe:':
  Metadata:
    major_brand     : isom
    minor_version   : 512
    compatible_brands: isomiso2avc1mp41
    encoder         : Lavf61.7.100
  Stream #0:0(und): Video: wrapped_avframe, yuvj420p(pc, bt470bg/unknown/unknown, progressive), 1280x800 [SAR 1:1 DAR 8:5], q=2-31, 200 kb/s, 30 fps, 30 tbn (default)
      Metadata:
        handler_name    : VideoHandler
        vendor_id       : [0][0][0][0]
        encoder         : Lavc61.19.100 wrapped_avframe
  Stream #0:1(und): Audio: pcm_s16le, 48000 Hz, stereo, s16, 1536 kb/s (default)
      Metadata:
        handler_name    : SoundHandler
        vendor_id       : [0][0][0][0]
        encoder         : Lavc61.19.100 pcm_s16le
[out#0/null @ 0x133705350] video:193KiB audio:2816KiB subtitle:0KiB other streams:0KiB global headers:0KiB muxing overhead: unknown
frame=  450 fps=0.0 q=-0.0 Lsize=N/A time=00:00:15.00 bitrate=N/A speed= 127x    
