ffmpeg version 7.1 Copyright (c) 2000-2024 the FFmpeg developers
  built with Apple clang version 13.1.6 (clang-1316.0.21.2.5)
  configuration: --prefix=/Volumes/tempdisk/sw --extra-cflags=-fno-stack-check --arch=arm64 --cc=/usr/bin/clang --enable-gpl --enable-libvmaf --enable-libopenjpeg --enable-libopus --enable-libmp3lame --enable-libx264 --enable-libx265 --enable-libvpx --enable-libwebp --enable-libass --enable-libfreetype --enable-fontconfig --enable-libtheora --enable-libvorbis --enable-libsnappy --enable-libaom --enable-libvidstab --enable-libzimg --enable-libsvtav1 --enable-libharfbuzz --enable-libkvazaar --pkg-config-flags=--static --enable-ffplay --enable-postproc --enable-neon --enable-runtime-cpudetect --disable-indev=qtkit --disable-indev=x11grab_xcb
  libavutil      59. 39.100 / 59. 39.100
  libavcodec     61. 19.100 / 61. 19.100
  libavformat    61.  7.100 / 61.  7.100
  libavdevice    61.  3.100 / 61.  3.100
  libavfilter    10.  4.100 / 10.  4.100
  libswscale      8.  3.100 /  8.  3.100
  libswresample   5.  3.100 /  5.  3.100
  libpostproc    58.  3.100 / 58.  3.100
[aist#0:1/pcm_s16le @ 0x123f04fa0] Guessed Channel Layout: stereo
Input #0, avi, from '.local/illustrated-colony.avi':
  Duration: 00:00:09.00, start: 0.000000, bitrate: 29711 kb/s
  Stream #0:0: Video: mjpeg (Baseline) (MJPG / 0x47504A4D), yuvj420p(pc, bt470bg/unknown/unknown), 1280x800 [SAR 1:1 DAR 8:5], 28268 kb/s, 30 fps, 30 tbr, 30 tbn
  Stream #0:1: Audio: pcm_s16le ([1][0][0][0] / 0x0001), 48000 Hz, stereo, s16, 1536 kb/s
Stream mapping:
  Stream #0:0 -> #0:0 (mjpeg (native) -> h264 (libx264))
  Stream #0:1 -> #0:1 (pcm_s16le (native) -> aac (native))
Press [q] to stop, [?] for help
[swscaler @ 0x130140000] deprecated pixel format used, make sure you did set range correctly
[libx264 @ 0x123f06bc0] using SAR=1/1
[libx264 @ 0x123f06bc0] using cpu capabilities: ARMv8 NEON
[libx264 @ 0x123f06bc0] profile High, level 3.2, 4:2:0, 8-bit
[libx264 @ 0x123f06bc0] 264 - core 164 r3190 7ed753b - H.264/MPEG-4 AVC codec - Copyleft 2003-2024 - http://www.videolan.org/x264.html - options: cabac=1 ref=3 deblock=1:0:0 analyse=0x3:0x113 me=hex subme=7 psy=1 psy_rd=1.00:0.00 mixed_ref=1 me_range=16 chroma_me=1 trellis=1 8x8dct=1 cqm=0 deadzone=21,11 fast_pskip=1 chroma_qp_offset=-2 threads=15 lookahead_threads=2 sliced_threads=0 nr=0 decimate=1 interlaced=0 bluray_compat=0 constrained_intra=0 bframes=3 b_pyramid=2 b_adapt=1 b_bias=0 direct=1 weightb=1 open_gop=0 weightp=2 keyint=250 keyint_min=25 scenecut=40 intra_refresh=0 rc_lookahead=40 rc=crf mbtree=1 crf=20.0 qcomp=0.60 qpmin=0 qpmax=69 qpstep=4 ip_ratio=1.40 aq=1:1.00
Output #0, mp4, to 'evidence/illustrated-walk/integration/colony.mp4':
  Metadata:
    encoder         : Lavf61.7.100
  Stream #0:0: Video: h264 (avc1 / 0x31637661), yuv420p(pc, bt470bg/unknown/unknown, progressive), 1280x800 [SAR 1:1 DAR 8:5], q=2-31, 30 fps, 15360 tbn
      Metadata:
        encoder         : Lavc61.19.100 libx264
      Side data:
        cpb: bitrate max/min/avg: 0/0/0 buffer size: 0 vbv_delay: N/A
  Stream #0:1: Audio: aac (LC) (mp4a / 0x6134706D), 48000 Hz, stereo, fltp, 128 kb/s
      Metadata:
        encoder         : Lavc61.19.100 aac
frame=   66 fps=0.0 q=26.0 size=    2048KiB time=00:00:02.13 bitrate=7864.5kbits/s speed=4.18x    frame=  149 fps=146 q=26.0 size=    5632KiB time=00:00:04.90 bitrate=9415.9kbits/s speed= 4.8x    [mp4 @ 0x123f055a0] Starting second pass: moving the moov atom to the beginning of the file
[out#0/mp4 @ 0x123f05490] video:6333KiB audio:84KiB subtitle:0KiB other streams:0KiB global headers:0KiB muxing overhead: 0.171610%
frame=  270 fps=236 q=-1.0 Lsize=    6428KiB time=00:00:08.93 bitrate=5894.8kbits/s speed=7.82x    
[libx264 @ 0x123f06bc0] frame I:2     Avg QP:16.42  size:120752
[libx264 @ 0x123f06bc0] frame P:76    Avg QP:18.83  size: 40307
[libx264 @ 0x123f06bc0] frame B:192   Avg QP:20.68  size: 16560
[libx264 @ 0x123f06bc0] consecutive B-frames:  5.2%  0.0%  0.0% 94.8%
[libx264 @ 0x123f06bc0] mb I  I16..4: 27.2% 66.6%  6.2%
[libx264 @ 0x123f06bc0] mb P  I16..4:  0.3% 15.9%  0.5%  P16..4: 13.8%  9.9%  7.9%  0.0%  0.0%    skip:51.7%
[libx264 @ 0x123f06bc0] mb B  I16..4:  0.1%  3.5%  0.1%  B16..8: 16.7%  8.3%  3.4%  direct: 4.0%  skip:63.9%  L0:42.6% L1:40.0% BI:17.4%
[libx264 @ 0x123f06bc0] 8x8 transform intra:92.8% inter:65.8%
[libx264 @ 0x123f06bc0] coded y,uvDC,uvAC intra: 82.2% 42.6% 15.3% inter: 15.5% 14.3% 8.3%
[libx264 @ 0x123f06bc0] i16 v,h,dc,p: 55% 34%  6%  5%
[libx264 @ 0x123f06bc0] i8 v,h,dc,ddl,ddr,vr,hd,vl,hu: 12% 25% 43%  2%  3%  2%  3%  4%  5%
[libx264 @ 0x123f06bc0] i4 v,h,dc,ddl,ddr,vr,hd,vl,hu: 20% 25% 15%  5%  6%  5%  7%  9%  7%
[libx264 @ 0x123f06bc0] i8c dc,h,v,p: 51% 31% 15%  3%
[libx264 @ 0x123f06bc0] Weighted P-Frames: Y:0.0% UV:0.0%
[libx264 @ 0x123f06bc0] ref P L0: 43.9%  9.8% 32.3% 14.1%
[libx264 @ 0x123f06bc0] ref B L0: 74.7% 20.5%  4.9%
[libx264 @ 0x123f06bc0] ref B L1: 85.7% 14.3%
[libx264 @ 0x123f06bc0] kb/s:5763.80
[aac @ 0x125006c40] Qavg: 29921.816
ffmpeg version 7.1 Copyright (c) 2000-2024 the FFmpeg developers
  built with Apple clang version 13.1.6 (clang-1316.0.21.2.5)
  configuration: --prefix=/Volumes/tempdisk/sw --extra-cflags=-fno-stack-check --arch=arm64 --cc=/usr/bin/clang --enable-gpl --enable-libvmaf --enable-libopenjpeg --enable-libopus --enable-libmp3lame --enable-libx264 --enable-libx265 --enable-libvpx --enable-libwebp --enable-libass --enable-libfreetype --enable-fontconfig --enable-libtheora --enable-libvorbis --enable-libsnappy --enable-libaom --enable-libvidstab --enable-libzimg --enable-libsvtav1 --enable-libharfbuzz --enable-libkvazaar --pkg-config-flags=--static --enable-ffplay --enable-postproc --enable-neon --enable-runtime-cpudetect --disable-indev=qtkit --disable-indev=x11grab_xcb
  libavutil      59. 39.100 / 59. 39.100
  libavcodec     61. 19.100 / 61. 19.100
  libavformat    61.  7.100 / 61.  7.100
  libavdevice    61.  3.100 / 61.  3.100
  libavfilter    10.  4.100 / 10.  4.100
  libswscale      8.  3.100 /  8.  3.100
  libswresample   5.  3.100 /  5.  3.100
  libpostproc    58.  3.100 / 58.  3.100
[aist#0:1/pcm_s16le @ 0x144f04d80] Guessed Channel Layout: stereo
Input #0, avi, from '.local/illustrated-integrated.avi':
  Duration: 00:00:15.00, start: 0.000000, bitrate: 24057 kb/s
  Stream #0:0: Video: mjpeg (Baseline) (MJPG / 0x47504A4D), yuvj420p(pc, bt470bg/unknown/unknown), 1280x800 [SAR 1:1 DAR 8:5], 22559 kb/s, 30 fps, 30 tbr, 30 tbn
  Stream #0:1: Audio: pcm_s16le ([1][0][0][0] / 0x0001), 48000 Hz, stereo, s16, 1536 kb/s
Stream mapping:
  Stream #0:0 -> #0:0 (mjpeg (native) -> h264 (libx264))
  Stream #0:1 -> #0:1 (pcm_s16le (native) -> aac (native))
Press [q] to stop, [?] for help
[swscaler @ 0x1381d8000] deprecated pixel format used, make sure you did set range correctly
[libx264 @ 0x144f069a0] using SAR=1/1
[libx264 @ 0x144f069a0] using cpu capabilities: ARMv8 NEON
[libx264 @ 0x144f069a0] profile High, level 3.2, 4:2:0, 8-bit
[libx264 @ 0x144f069a0] 264 - core 164 r3190 7ed753b - H.264/MPEG-4 AVC codec - Copyleft 2003-2024 - http://www.videolan.org/x264.html - options: cabac=1 ref=3 deblock=1:0:0 analyse=0x3:0x113 me=hex subme=7 psy=1 psy_rd=1.00:0.00 mixed_ref=1 me_range=16 chroma_me=1 trellis=1 8x8dct=1 cqm=0 deadzone=21,11 fast_pskip=1 chroma_qp_offset=-2 threads=15 lookahead_threads=2 sliced_threads=0 nr=0 decimate=1 interlaced=0 bluray_compat=0 constrained_intra=0 bframes=3 b_pyramid=2 b_adapt=1 b_bias=0 direct=1 weightb=1 open_gop=0 weightp=2 keyint=250 keyint_min=25 scenecut=40 intra_refresh=0 rc_lookahead=40 rc=crf mbtree=1 crf=20.0 qcomp=0.60 qpmin=0 qpmax=69 qpstep=4 ip_ratio=1.40 aq=1:1.00
Output #0, mp4, to 'evidence/illustrated-walk/integration/review.mp4':
  Metadata:
    encoder         : Lavf61.7.100
  Stream #0:0: Video: h264 (avc1 / 0x31637661), yuv420p(pc, bt470bg/unknown/unknown, progressive), 1280x800 [SAR 1:1 DAR 8:5], q=2-31, 30 fps, 15360 tbn
      Metadata:
        encoder         : Lavc61.19.100 libx264
      Side data:
        cpb: bitrate max/min/avg: 0/0/0 buffer size: 0 vbv_delay: N/A
  Stream #0:1: Audio: aac (LC) (mp4a / 0x6134706D), 48000 Hz, stereo, fltp, 128 kb/s
      Metadata:
        encoder         : Lavc61.19.100 aac
frame=  154 fps=0.0 q=26.0 size=    1280KiB time=00:00:05.06 bitrate=2069.6kbits/s speed=9.93x    frame=  325 fps=321 q=26.0 size=    3584KiB time=00:00:10.76 bitrate=2727.0kbits/s speed=10.6x    [mp4 @ 0x144f05ba0] Starting second pass: moving the moov atom to the beginning of the file
[out#0/mp4 @ 0x144f05070] video:4396KiB audio:125KiB subtitle:0KiB other streams:0KiB global headers:0KiB muxing overhead: 0.386802%
frame=  450 fps=357 q=-1.0 Lsize=    4538KiB time=00:00:14.93 bitrate=2489.4kbits/s speed=11.8x    
[libx264 @ 0x144f069a0] frame I:3     Avg QP:13.58  size:117807
[libx264 @ 0x144f069a0] frame P:115   Avg QP:19.76  size: 14513
[libx264 @ 0x144f069a0] frame B:332   Avg QP:20.91  size:  7465
[libx264 @ 0x144f069a0] consecutive B-frames:  0.7%  0.9%  6.0% 92.4%
[libx264 @ 0x144f069a0] mb I  I16..4: 25.5% 63.0% 11.5%
[libx264 @ 0x144f069a0] mb P  I16..4:  1.1% 10.7%  0.6%  P16..4: 16.8%  6.0%  3.1%  0.0%  0.0%    skip:61.8%
[libx264 @ 0x144f069a0] mb B  I16..4:  0.3%  2.7%  0.1%  B16..8: 24.2%  8.0%  1.9%  direct: 0.8%  skip:62.0%  L0:53.5% L1:42.1% BI: 4.5%
[libx264 @ 0x144f069a0] 8x8 transform intra:84.6% inter:60.1%
[libx264 @ 0x144f069a0] coded y,uvDC,uvAC intra: 16.8% 6.2% 3.6% inter: 5.9% 0.9% 0.4%
[libx264 @ 0x144f069a0] i16 v,h,dc,p: 31% 45% 24%  0%
[libx264 @ 0x144f069a0] i8 v,h,dc,ddl,ddr,vr,hd,vl,hu:  5%  9% 77%  1%  0%  0%  1%  6%  1%
[libx264 @ 0x144f069a0] i4 v,h,dc,ddl,ddr,vr,hd,vl,hu: 13% 26% 37%  3%  3%  3%  4%  6%  4%
[libx264 @ 0x144f069a0] i8c dc,h,v,p: 87% 10%  3%  0%
[libx264 @ 0x144f069a0] Weighted P-Frames: Y:0.0% UV:0.0%
[libx264 @ 0x144f069a0] ref P L0: 58.7%  1.6% 20.8% 18.9%
[libx264 @ 0x144f069a0] ref B L0: 71.0% 24.0%  5.0%
[libx264 @ 0x144f069a0] ref B L1: 89.0% 11.0%
[libx264 @ 0x144f069a0] kb/s:2400.41
[aac @ 0x144f0a0e0] Qavg: 41016.441
ffmpeg version 7.1 Copyright (c) 2000-2024 the FFmpeg developers
  built with Apple clang version 13.1.6 (clang-1316.0.21.2.5)
  configuration: --prefix=/Volumes/tempdisk/sw --extra-cflags=-fno-stack-check --arch=arm64 --cc=/usr/bin/clang --enable-gpl --enable-libvmaf --enable-libopenjpeg --enable-libopus --enable-libmp3lame --enable-libx264 --enable-libx265 --enable-libvpx --enable-libwebp --enable-libass --enable-libfreetype --enable-fontconfig --enable-libtheora --enable-libvorbis --enable-libsnappy --enable-libaom --enable-libvidstab --enable-libzimg --enable-libsvtav1 --enable-libharfbuzz --enable-libkvazaar --pkg-config-flags=--static --enable-ffplay --enable-postproc --enable-neon --enable-runtime-cpudetect --disable-indev=qtkit --disable-indev=x11grab_xcb
  libavutil      59. 39.100 / 59. 39.100
  libavcodec     61. 19.100 / 61. 19.100
  libavformat    61.  7.100 / 61.  7.100
  libavdevice    61.  3.100 / 61.  3.100
  libavfilter    10.  4.100 / 10.  4.100
  libswscale      8.  3.100 /  8.  3.100
  libswresample   5.  3.100 /  5.  3.100
  libpostproc    58.  3.100 / 58.  3.100
Input #0, mov,mp4,m4a,3gp,3g2,mj2, from 'evidence/illustrated-walk/integration/colony.mp4':
  Metadata:
    major_brand     : isom
    minor_version   : 512
    compatible_brands: isomiso2avc1mp41
    encoder         : Lavf61.7.100
  Duration: 00:00:09.00, start: 0.000000, bitrate: 5851 kb/s
  Stream #0:0[0x1](und): Video: h264 (High) (avc1 / 0x31637661), yuvj420p(pc, bt470bg/unknown/unknown, progressive), 1280x800 [SAR 1:1 DAR 8:5], 5764 kb/s, 30 fps, 30 tbr, 15360 tbn (default)
      Metadata:
        handler_name    : VideoHandler
        vendor_id       : [0][0][0][0]
        encoder         : Lavc61.19.100 libx264
  Stream #0:1[0x2](und): Audio: aac (LC) (mp4a / 0x6134706D), 48000 Hz, stereo, fltp, 76 kb/s (default)
      Metadata:
        handler_name    : SoundHandler
        vendor_id       : [0][0][0][0]
Stream mapping:
  Stream #0:0 -> #0:0 (h264 (native) -> wrapped_avframe (native))
  Stream #0:1 -> #0:1 (aac (native) -> pcm_s16le (native))
Press [q] to stop, [?] for help
Output #0, null, to 'pipe:':
  Metadata:
    major_brand     : isom
    minor_version   : 512
    compatible_brands: isomiso2avc1mp41
    encoder         : Lavf61.7.100
  Stream #0:0(und): Video: wrapped_avframe, yuvj420p(pc, bt470bg/unknown/unknown, progressive), 1280x800 [SAR 1:1 DAR 8:5], q=2-31, 200 kb/s, 30 fps, 30 tbn (default)
      Metadata:
        handler_name    : VideoHandler
        vendor_id       : [0][0][0][0]
        encoder         : Lavc61.19.100 wrapped_avframe
  Stream #0:1(und): Audio: pcm_s16le, 48000 Hz, stereo, s16, 1536 kb/s (default)
      Metadata:
        handler_name    : SoundHandler
        vendor_id       : [0][0][0][0]
        encoder         : Lavc61.19.100 pcm_s16le
[out#0/null @ 0x136624960] video:116KiB audio:1688KiB subtitle:0KiB other streams:0KiB global headers:0KiB muxing overhead: unknown
frame=  270 fps=0.0 q=-0.0 Lsize=N/A time=00:00:09.00 bitrate=N/A speed=87.5x    
ffmpeg version 7.1 Copyright (c) 2000-2024 the FFmpeg developers
  built with Apple clang version 13.1.6 (clang-1316.0.21.2.5)
  configuration: --prefix=/Volumes/tempdisk/sw --extra-cflags=-fno-stack-check --arch=arm64 --cc=/usr/bin/clang --enable-gpl --enable-libvmaf --enable-libopenjpeg --enable-libopus --enable-libmp3lame --enable-libx264 --enable-libx265 --enable-libvpx --enable-libwebp --enable-libass --enable-libfreetype --enable-fontconfig --enable-libtheora --enable-libvorbis --enable-libsnappy --enable-libaom --enable-libvidstab --enable-libzimg --enable-libsvtav1 --enable-libharfbuzz --enable-libkvazaar --pkg-config-flags=--static --enable-ffplay --enable-postproc --enable-neon --enable-runtime-cpudetect --disable-indev=qtkit --disable-indev=x11grab_xcb
  libavutil      59. 39.100 / 59. 39.100
  libavcodec     61. 19.100 / 61. 19.100
  libavformat    61.  7.100 / 61.  7.100
  libavdevice    61.  3.100 / 61.  3.100
  libavfilter    10.  4.100 / 10.  4.100
  libswscale      8.  3.100 /  8.  3.100
  libswresample   5.  3.100 /  5.  3.100
  libpostproc    58.  3.100 / 58.  3.100
Input #0, mov,mp4,m4a,3gp,3g2,mj2, from 'evidence/illustrated-walk/integration/review.mp4':
  Metadata:
    major_brand     : isom
    minor_version   : 512
    compatible_brands: isomiso2avc1mp41
    encoder         : Lavf61.7.100
  Duration: 00:00:15.00, start: 0.000000, bitrate: 2478 kb/s
  Stream #0:0[0x1](und): Video: h264 (High) (avc1 / 0x31637661), yuvj420p(pc, bt470bg/unknown/unknown, progressive), 1280x800 [SAR 1:1 DAR 8:5], 2400 kb/s, 30 fps, 30 tbr, 15360 tbn (default)
      Metadata:
        handler_name    : VideoHandler
        vendor_id       : [0][0][0][0]
        encoder         : Lavc61.19.100 libx264
  Stream #0:1[0x2](und): Audio: aac (LC) (mp4a / 0x6134706D), 48000 Hz, stereo, fltp, 67 kb/s (default)
      Metadata:
        handler_name    : SoundHandler
        vendor_id       : [0][0][0][0]
Stream mapping:
  Stream #0:0 -> #0:0 (h264 (native) -> wrapped_avframe (native))
  Stream #0:1 -> #0:1 (aac (native) -> pcm_s16le (native))
Press [q] to stop, [?] for help
Output #0, null, to 'pipe:':
  Metadata:
    major_brand     : isom
    minor_version   : 512
    compatible_brands: isomiso2avc1mp41
    encoder         : Lavf61.7.100
  Stream #0:0(und): Video: wrapped_avframe, yuvj420p(pc, bt470bg/unknown/unknown, progressive), 1280x800 [SAR 1:1 DAR 8:5], q=2-31, 200 kb/s, 30 fps, 30 tbn (default)
      Metadata:
        handler_name    : VideoHandler
        vendor_id       : [0][0][0][0]
        encoder         : Lavc61.19.100 wrapped_avframe
  Stream #0:1(und): Audio: pcm_s16le, 48000 Hz, stereo, s16, 1536 kb/s (default)
      Metadata:
        handler_name    : SoundHandler
        vendor_id       : [0][0][0][0]
        encoder         : Lavc61.19.100 pcm_s16le
[out#0/null @ 0x15661b540] video:193KiB audio:2816KiB subtitle:0KiB other streams:0KiB global headers:0KiB muxing overhead: unknown
frame=  450 fps=0.0 q=-0.0 Lsize=N/A time=00:00:15.00 bitrate=N/A speed= 132x    
