Continuing integrated suite after separately corrected Engineering test; earlier passing checks retained in shift-world-01.log.
Godot Engine v4.7.2.stable.official.ed1daf0bf - https://godotengine.org

STRUCTURE_CONTACT review
STRUCTURE_CONTACT gym
STRUCTURE_CONTACT habitat
STRUCTURE_CONTACT greenhouse
REMAINING_STRUCTURES_PASSED: all-four furniture contact, side walls, direct visits, cutaways, scenery and no dispatch

Godot Engine v4.7.2.stable.official.ed1daf0bf - https://godotengine.org

JOURNEY Workshop
JOURNEY Commons
JOURNEY Gym
JOURNEY Habitat
JOURNEY Greenhouse
Seamless colony passed: five continuous journeys, console routes, airlocks, cutaways, direct visits, reduced motion, no dispatch

Godot Engine v4.7.2.stable.official.ed1daf0bf - https://godotengine.org

Character showroom controls, default mute, and sprite anchoring passed

Godot Engine v4.7.2.stable.official.ed1daf0bf - https://godotengine.org

Field crew checks passed: two characters, reachable positions, keyboard directory inspectors, authoritative fixture and offline state

Godot Engine v4.7.2.stable.official.ed1daf0bf - https://godotengine.org

Art kit checks passed: atlas regions, shared materials, collision separation, editor rebuild, keyboard scene/camera/light/roof

Godot Engine v4.7.2.stable.official.ed1daf0bf - https://godotengine.org

50 definition/host fixture creation ms: 129.128
ERROR: Interior anchor obstructed: habitat.tres
   at: push_error (core/variant/variant_utility.cpp:1023)
   GDScript backtrace (most recent call first):
       [0] run (res://test_structures.gd:114)
ERROR: Interior anchor unreachable: habitat.tres
   at: push_error (core/variant/variant_utility.cpp:1023)
   GDScript backtrace (most recent call first):
       [0] run (res://test_structures.gd:114)

Godot validation failed; inspect the retained command output.
