/Users/al/git/Starbase2/art/meshy-blender/build_interior.py:19: DeprecationWarning: 'Material.use_nodes' is expected to be removed in Blender 6.0
  mat.use_nodes = True
Info: Saved as "engineering-interior.blend"
INFO Draco is available, use library at /Applications/Blender.app/Contents/Resources/5.2/scripts/addons_core/io_scene_gltf2/libbf_intern_draco_bridge.dylib
INFO MeshOptimizer is available, use library at /Applications/Blender.app/Contents/Resources/5.2/scripts/addons_core/io_scene_gltf2/libbf_intern_meshopt_bridge.dylib
09:07:59 | INFO: Starting glTF 2.0 export
09:07:59 | INFO: Extracting primitive: Cube.106
09:07:59 | INFO: Primitives created: 1
09:07:59 | INFO: Extracting primitive: Cube.002
09:07:59 | INFO: Primitives created: 1
09:07:59 | INFO: Extracting primitive: Cube.103
09:07:59 | INFO: Primitives created: 1
09:07:59 | INFO: Extracting primitive: Cube.198
09:07:59 | INFO: Primitives created: 1
09:07:59 | INFO: Extracting primitive: Cube.287
09:07:59 | INFO: Primitives created: 1
09:07:59 | INFO: Extracting primitive: Cube.109
09:07:59 | INFO: Primitives created: 1
09:07:59 | INFO: Extracting primitive: Cube.001
09:07:59 | INFO: Primitives created: 1
09:07:59 | INFO: Finished glTF 2.0 export in 0.022769927978515625 s

INTERIOR_EXPORTED 7 material batches
Blender 5.2.1 LTS (hash 9e2066aef7ef built 2026-08-25 01:35:57)

Blender quit
