09:10:36 | INFO: Data are loaded, start creating Blender stuff
09:10:36 | INFO: Blender create Mesh node 0
09:10:36 | INFO: glTF import finished in 0.04s
Info: Saved as "engineering-exterior.blend"
INFO Draco is available, use library at /Applications/Blender.app/Contents/Resources/5.2/scripts/addons_core/io_scene_gltf2/libbf_intern_draco_bridge.dylib
INFO MeshOptimizer is available, use library at /Applications/Blender.app/Contents/Resources/5.2/scripts/addons_core/io_scene_gltf2/libbf_intern_meshopt_bridge.dylib
09:10:36 | INFO: Starting glTF 2.0 export
09:10:36 | INFO: Extracting primitive: Mesh_0
09:10:36 | WARNING: More than one shader node tex image used for a texture. The resulting glTF sampler will behave like the first shader node tex image.
09:10:36 | INFO: Primitives created: 1
09:10:36 | INFO: Finished glTF 2.0 export in 0.07452583312988281 s

09:10:36 | INFO: Data are loaded, start creating Blender stuff
09:10:36 | INFO: Blender create Mesh node 0
09:10:36 | INFO: glTF import finished in 0.04s
Info: Saved as "reactor-apparatus.blend"
09:10:37 | INFO: Starting glTF 2.0 export
09:10:37 | INFO: Extracting primitive: Mesh_0.001
09:10:37 | WARNING: More than one shader node tex image used for a texture. The resulting glTF sampler will behave like the first shader node tex image.
09:10:37 | INFO: Primitives created: 1
09:10:37 | INFO: Finished glTF 2.0 export in 0.08658599853515625 s

[
  {
    "asset": "engineering-exterior",
    "preview_task": "01a07bf9-4397-713e-a518-95322f35e45b",
    "texture_task": "01a07bfa-8427-7135-9aaa-78769cf4f7c4",
    "credits": 30,
    "source_sha256": "4e48064590c7e3ec5f57d312a9dff79eef6dcbf3cb449ee633c40725028415ea",
    "output": "apps/world/art/meshy/engineering-exterior.glb",
    "output_sha256": "de926e7e123ff2a568c8abf899f8a91d77041753697d2d8f3c6bf5efb7b6e8a0",
    "bytes": 8636560,
    "scale": 5.273712154493591,
    "removed_ground_vertices": 985,
    "triangles": 26277
  },
  {
    "asset": "reactor-apparatus",
    "preview_task": "01a07bf9-9adf-76b6-b5ed-8daad4bc429b",
    "texture_task": "01a07bfb-3907-75fb-aafa-25574e569aef",
    "credits": 30,
    "source_sha256": "5cc1365d65a4bcb00b8d552aaa05a0930deb20fb9cee1d6705d93f454895c427",
    "output": "apps/world/art/meshy/reactor-apparatus.glb",
    "output_sha256": "374fca60e687c658cc2909e8417279ef8fa371e8634e7d93573672f8899412f5",
    "bytes": 12160828,
    "scale": 0.8158877214448886,
    "removed_ground_vertices": 0,
    "triangles": 29960
  }
]
Blender 5.2.1 LTS (hash 9e2066aef7ef built 2026-08-25 01:35:57)

Blender quit
