Godot Engine v4.7.2.stable.official.ed1daf0bf - https://godotengine.org

ERROR: Authored walkway has a paving hole
   at: push_error (core/variant/variant_utility.cpp:1023)
   GDScript backtrace (most recent call first):
       [0] run (res://test_paving.gd:59)
ERROR: Authored walkway has a paving hole
   at: push_error (core/variant/variant_utility.cpp:1023)
   GDScript backtrace (most recent call first):
       [0] run (res://test_paving.gd:59)
ERROR: Authored walkway has a paving hole
   at: push_error (core/variant/variant_utility.cpp:1023)
   GDScript backtrace (most recent call first):
       [0] run (res://test_paving.gd:59)
ERROR: Authored walkway has a paving hole
   at: push_error (core/variant/variant_utility.cpp:1023)
   GDScript backtrace (most recent call first):
       [0] run (res://test_paving.gd:59)
ERROR: Authored walkway has a paving hole
   at: push_error (core/variant/variant_utility.cpp:1023)
   GDScript backtrace (most recent call first):
       [0] run (res://test_paving.gd:59)
ERROR: Authored walkway has a paving hole
   at: push_error (core/variant/variant_utility.cpp:1023)
   GDScript backtrace (most recent call first):
       [0] run (res://test_paving.gd:59)
ERROR: Authored walkway has a paving hole
   at: push_error (core/variant/variant_utility.cpp:1023)
   GDScript backtrace (most recent call first):
       [0] run (res://test_paving.gd:59)
