=== mise install attempt 1 18:34:42 ===
error: could not download file from 'https://static.rust-lang.org/dist/channel-rust-1.97.1.toml.sha256' to '~/.rustup/tmp/a2vkl7fbyz6gpuzn_file': error downloading file: error sending request for url (https://static.rust-lang.org/dist/channel-rust-1.97.1.toml.sha256): client error (Connect): dns error: failed to lookup address information: Temporary failure in name resolution
aqua:astral-sh/uv@0.12.7: error sending request for url (https://github.com/astral-sh/uv/releases/download/0.12.7/uv-x86_64-unknown-linux-musl.tar.gz): client error (Connect): dns error: failed to lookup address information: Temporary failure in name resolution
aqua:casey/just@1.58.0: error sending request for url (https://github.com/casey/just/releases/download/1.58.0/just-1.58.0-x86_64-unknown-linux-musl.tar.gz): client error (Connect): dns error: failed to lookup address information: Temporary failure in name resolution
aqua:godotengine/godot@4.7.2: error sending request for url (https://github.com/godotengine/godot/releases/download/4.7.2-stable/Godot_v4.7.2-stable_linux.x86_64.zip): client error (Connect): dns error: failed to lookup address information: Temporary failure in name resolution
core:python@3.12.13: error sending request for url (https://github.com/astral-sh/python-build-standalone/releases/download/20260807/cpython-3.12.13+20260807-x86_64-unknown-linux-gnu-install_only_stripped.tar.gz): client error (Connect): dns error: failed to lookup address information: Temporary failure in name resolution
=== mise install attempt 2 18:34:57 ===
error: could not download file from 'https://static.rust-lang.org/dist/channel-rust-1.97.1.toml.sha256' to '~/.rustup/tmp/lswcz32ou_1oil8b_file': error downloading file: error sending request for url (https://static.rust-lang.org/dist/channel-rust-1.97.1.toml.sha256): client error (Connect): dns error: failed to lookup address information: Temporary failure in name resolution
aqua:astral-sh/uv@0.12.7: error sending request for url (https://github.com/astral-sh/uv/releases/download/0.12.7/uv-x86_64-unknown-linux-musl.tar.gz): client error (Connect): dns error: failed to lookup address information: Temporary failure in name resolution
aqua:casey/just@1.58.0: error sending request for url (https://github.com/casey/just/releases/download/1.58.0/just-1.58.0-x86_64-unknown-linux-musl.tar.gz): client error (Connect): dns error: failed to lookup address information: Temporary failure in name resolution
aqua:godotengine/godot@4.7.2: error sending request for url (https://github.com/godotengine/godot/releases/download/4.7.2-stable/Godot_v4.7.2-stable_linux.x86_64.zip): client error (Connect): dns error: failed to lookup address information: Temporary failure in name resolution
core:python@3.12.13: error sending request for url (https://github.com/astral-sh/python-build-standalone/releases/download/20260807/cpython-3.12.13+20260807-x86_64-unknown-linux-gnu-install_only_stripped.tar.gz): client error (Connect): dns error: failed to lookup address information: Temporary failure in name resolution
=== mise install attempt 3 18:35:12 ===
error: could not download file from 'https://static.rust-lang.org/dist/channel-rust-1.97.1.toml.sha256' to '~/.rustup/tmp/hxrnxz_ktr7lz5sm_file': error downloading file: error sending request for url (https://static.rust-lang.org/dist/channel-rust-1.97.1.toml.sha256): client error (Connect): dns error: failed to lookup address information: Temporary failure in name resolution
aqua:astral-sh/uv@0.12.7: error sending request for url (https://github.com/astral-sh/uv/releases/download/0.12.7/uv-x86_64-unknown-linux-musl.tar.gz): client error (Connect): dns error: failed to lookup address information: Temporary failure in name resolution
aqua:casey/just@1.58.0: error sending request for url (https://github.com/casey/just/releases/download/1.58.0/just-1.58.0-x86_64-unknown-linux-musl.tar.gz): client error (Connect): dns error: failed to lookup address information: Temporary failure in name resolution
aqua:godotengine/godot@4.7.2: error sending request for url (https://github.com/godotengine/godot/releases/download/4.7.2-stable/Godot_v4.7.2-stable_linux.x86_64.zip): client error (Connect): dns error: failed to lookup address information: Temporary failure in name resolution
core:python@3.12.13: error sending request for url (https://github.com/astral-sh/python-build-standalone/releases/download/20260807/cpython-3.12.13+20260807-x86_64-unknown-linux-gnu-install_only_stripped.tar.gz): client error (Connect): dns error: failed to lookup address information: Temporary failure in name resolution
=== mise install attempt 4 18:35:27 ===
error: component download failed for rust-std-x86_64-unknown-linux-gnu: partially downloaded file was kept for resumption, please try again: could not download file from 'https://static.rust-lang.org/dist/2026-07-16/rust-std-1.97.1-x86_64-unknown-linux-gnu.tar.xz' to '~/.rustup/downloads/1c1e704ae80126b7de34f72ea2825f7fd01736dec20732faed47374b95282fba.partial': error downloading file: error sending request for url (https://static.rust-lang.org/dist/2026-07-16/rust-std-1.97.1-x86_64-unknown-linux-gnu.tar.xz): client error (Connect): dns error: failed to lookup address information: Temporary failure in name resolution
=== mise install attempt 5 18:38:08 ===
error: could not download file from 'https://static.rust-lang.org/dist/channel-rust-1.97.1.toml.sha256' to '~/.rustup/tmp/vvvgnwhy8psj_kbx_file': error downloading file: error sending request for url (https://static.rust-lang.org/dist/channel-rust-1.97.1.toml.sha256): client error (Connect): dns error: failed to lookup address information: Temporary failure in name resolution
=== mise install attempt 6 18:38:39 ===
error: component download failed for rustfmt-x86_64-unknown-linux-gnu: partially downloaded file was kept for resumption, please try again: could not download file from 'https://static.rust-lang.org/dist/2026-07-16/rustfmt-1.97.1-x86_64-unknown-linux-gnu.tar.xz' to '~/.rustup/downloads/907fe97d6afbde1eca1b34c992c76e1406d422e2e6f137813d382acec7eb4d14.partial': error downloading file: error sending request for url (https://static.rust-lang.org/dist/2026-07-16/rustfmt-1.97.1-x86_64-unknown-linux-gnu.tar.xz): client error (Connect): dns error: failed to lookup address information: Temporary failure in name resolution
=== mise install attempt 7 18:39:37 ===
ALL TOOLS INSTALLED
