cargo build --locked
    Finished `dev` profile [unoptimized + debuginfo] target(s) in 0.05s
.venv/bin/python scripts/repair_integration.py
{"event": "worker_and_temporal_interrupted", "seconds": 3.271, "workflow_run_id": "01a07e11-3651-71f6-9917-b800ad0f2d9f"}
{"event": "failed", "seconds": 14.309, "error": "AssertionError", "detail": ""}
Traceback (most recent call last):
  File "/home/al/git/Starbase2/scripts/repair_integration.py", line 229, in <module>
    asyncio.run(main(args.output, args.inference))
  File "/home/al/.local/share/mise/installs/python/3.12.13/lib/python3.12/asyncio/runners.py", line 195, in run
    return runner.run(main)
           ^^^^^^^^^^^^^^^^
  File "/home/al/.local/share/mise/installs/python/3.12.13/lib/python3.12/asyncio/runners.py", line 118, in run
    return self._loop.run_until_complete(task)
           ^^^^^^^^^^^^^^^^^^^^^^^^^^^^^^^^^^^
  File "/home/al/.local/share/mise/installs/python/3.12.13/lib/python3.12/asyncio/base_events.py", line 691, in run_until_complete
    return future.result()
           ^^^^^^^^^^^^^^^
  File "/home/al/git/Starbase2/scripts/repair_integration.py", line 152, in main
    assert recovered["summary"]["outcome"] == "improved"
           ^^^^^^^^^^^^^^^^^^^^^^^^^^^^^^^^^^^^^^^^^^^^^
AssertionError
error: recipe `test-repairs` failed on line 103 with exit code 1
