cargo fmt --all --check
cargo clippy --locked --all-targets -- -D warnings
    Finished `dev` profile [unoptimized + debuginfo] target(s) in 0.07s
.venv/bin/ruff format --check services/runtime scripts
65 files already formatted
.venv/bin/ruff check services/runtime scripts
All checks passed!
.venv/bin/ty check services/runtime scripts
All checks passed!
cargo test --locked
    Finished `test` profile [unoptimized + debuginfo] target(s) in 0.06s
     Running unittests src/lib.rs (target/debug/deps/starbase_core-57f77e0f8adcee20)

running 34 tests
test operations::tests::grader_distinguishes_inconclusive_invalid_ineligible_and_incomplete ... ok
test tests::duplicated_missing_and_wrong_build_trials_are_rejected ... ok
test tests::equal_public_controls_are_inconclusive_for_quality ... ok
test tests::grading_preserves_failures_no_change_and_hard_gates ... ok
test tests::a_newer_database_cannot_be_silently_downgraded ... ok
test tests::source_drift_and_malformed_input_are_rejected ... ok
test field::tests::capture_retry_and_active_history_remain_visible ... FAILED
test tests::failed_stop_acknowledgement_remains_failed ... ok
test tests::duplicate_ingestion_does_not_change_identity_or_dispatch ... ok
test operations::tests::invalid_citations_and_unfrozen_reports_are_rejected ... ok
test tests::unverified_or_partial_results_never_complete ... ok
test tests::stale_is_independent_of_execution_state ... ok
test operations::tests::empty_scope_is_incomplete_and_workspace_inference_is_denied ... ok
test operations::tests::duty_pause_fences_dispatch_and_busy_ticks_do_not_flood ... ok
test tests::cancellation_fences_late_completion ... ok
test repair::tests::authority_checks_revision_expiry_and_cancellation ... ok
test operations::tests::stop_fences_late_results_and_preserves_snapshot ... ok
test repair::tests::controls_do_not_earn_progression ... ok
test tests::retained_result_is_atomic_and_exact_retry_is_idempotent ... ok
test field::tests::stopped_work_cannot_publish_evidence_or_memory ... ok
test repair::tests::duplicate_requests_frozen_evidence_and_retry_budget ... ok
test operations::tests::completion_is_atomic_immutable_and_idempotent ... ok
test repositories::tests::watch_normalizes_fences_stale_edits_and_retains_removal ... ok
test field::tests::duty_generation_pause_and_tick_identity ... ok
test operations::tests::unchanged_snapshot_and_build_are_reported_without_new_qualification ... ok
test repair::tests::independent_grader_rejects_claimed_success_and_regressions ... ok
test field::tests::reviewed_memory_freezes_and_revokes_without_awarding_authority ... ok
test field::tests::field_identity_evidence_and_scope ... ok
test repair::tests::progression_atomic_deduplicated_and_build_scoped ... ok
test operations::tests::archive_paging_never_hides_active_dispatch ... ok
test operations::tests::v1_data_survives_migration ... ok
test repositories::persistence_tests::repository_configuration_survives_sqlite_reopen ... ok
test tests::reopening_preserves_evidence_and_migrations_are_repeatable ... ok
test repair::tests::migration_preserves_v2_and_reopen_preserves_progression ... ok

failures:

---- field::tests::capture_retry_and_active_history_remain_visible stdout ----

thread 'field::tests::capture_retry_and_active_history_remain_visible' (3773403) panicked at services/core/src/field.rs:472:9:
assertion `left == right` failed
  left: Object {"build": Object {"digest": String("5eb1b2dbf0883bfd56f0eff16aa1063decfcde9496971bbae7ae1a675788dc54"), "manifest": Object {"agent": String("watchkeeper"), "authority": String("read-only"), "target": Object {"allow_inference": Bool(false), "id": String("cluster-fixture")}}}, "created_at": Number(1788822474.41635), "detail": String("Reading bounded provider evidence"), "events": Array [Object {"at": Number(1788822474.41635), "state": String("queued")}, Object {"action": String("running"), "at": Number(1788822474.4166565), "state": String("running")}], "input": Object {"agent": String("watchkeeper"), "id": String("old-active"), "inference": Bool(false), "target": String("cluster-fixture")}, "memory_snapshot": Array [], "report": Null, "schema_version": Number(4), "snapshot": Null, "state": String("running"), "updated_at": Number(1788822474.4166565)}
 right: Object {"build": Object {"digest": String("5eb1b2dbf0883bfd56f0eff16aa1063decfcde9496971bbae7ae1a675788dc54"), "manifest": Object {"agent": String("watchkeeper"), "authority": String("read-only"), "target": Object {"allow_inference": Bool(false), "id": String("cluster-fixture")}}}, "created_at": Number(1788822474.41635), "detail": String("Reading bounded provider evidence"), "events": Array [Object {"at": Number(1788822474.41635), "state": String("queued")}, Object {"action": String("running"), "at": Number(1788822474.4166563), "state": String("running")}], "input": Object {"agent": String("watchkeeper"), "id": String("old-active"), "inference": Bool(false), "target": String("cluster-fixture")}, "memory_snapshot": Array [], "report": Null, "schema_version": Number(4), "snapshot": Null, "state": String("running"), "updated_at": Number(1788822474.4166563)}
note: run with `RUST_BACKTRACE=1` environment variable to display a backtrace


failures:
    field::tests::capture_retry_and_active_history_remain_visible

test result: FAILED. 33 passed; 1 failed; 0 ignored; 0 measured; 0 filtered out; finished in 0.05s

error: test failed, to rerun pass `--lib`
error: recipe `test` failed on line 53 with exit code 101
