.venv/bin/python scripts/sandbox_qualification.py
Traceback (most recent call last):
  File "/home/al/git/Starbase2/scripts/sandbox_qualification.py", line 102, in <module>
    main()
  File "/home/al/git/Starbase2/scripts/sandbox_qualification.py", line 93, in main
    asyncio.run(probes(str(sentinel)))
  File "/home/al/.local/share/mise/installs/python/3.12.13/lib/python3.12/asyncio/runners.py", line 195, in run
    return runner.run(main)
           ^^^^^^^^^^^^^^^^
  File "/home/al/.local/share/mise/installs/python/3.12.13/lib/python3.12/asyncio/runners.py", line 118, in run
    return self._loop.run_until_complete(task)
           ^^^^^^^^^^^^^^^^^^^^^^^^^^^^^^^^^^^
  File "/home/al/.local/share/mise/installs/python/3.12.13/lib/python3.12/asyncio/base_events.py", line 691, in run_until_complete
    return future.result()
           ^^^^^^^^^^^^^^^
  File "/home/al/git/Starbase2/scripts/sandbox_qualification.py", line 58, in probes
    result["checks"] = json.loads(result["stdout"])
                       ^^^^^^^^^^^^^^^^^^^^^^^^^^^^
  File "/home/al/.local/share/mise/installs/python/3.12.13/lib/python3.12/json/__init__.py", line 346, in loads
    return _default_decoder.decode(s)
           ^^^^^^^^^^^^^^^^^^^^^^^^^^
  File "/home/al/.local/share/mise/installs/python/3.12.13/lib/python3.12/json/decoder.py", line 338, in decode
    obj, end = self.raw_decode(s, idx=_w(s, 0).end())
               ^^^^^^^^^^^^^^^^^^^^^^^^^^^^^^^^^^^^^^
  File "/home/al/.local/share/mise/installs/python/3.12.13/lib/python3.12/json/decoder.py", line 356, in raw_decode
    raise JSONDecodeError("Expecting value", s, err.value) from None
json.decoder.JSONDecodeError: Expecting value: line 1 column 1 (char 0)
error: recipe `test-sandbox` failed on line 97 with exit code 1
