cargo fmt --all --check
cargo clippy --locked --all-targets -- -D warnings
    Checking cfg-if v1.0.4
    Checking stable_deref_trait v1.2.1
    Checking typenum v1.20.1
    Checking pin-project-lite v0.2.17
    Checking smallvec v1.16.0
    Checking itoa v1.0.18
    Checking once_cell v1.21.4
    Checking bytes v1.12.1
    Checking futures-core v0.3.34
    Checking litemap v0.8.3
    Checking writeable v0.6.4
    Checking utf8_iter v1.0.4
    Checking futures-sink v0.3.34
    Checking cmov v0.5.4
    Checking memchr v2.8.3
    Checking log v0.4.34
    Checking zeroize v1.9.0
    Checking percent-encoding v2.3.2
    Checking untrusted v0.9.0
    Checking scopeguard v1.2.0
    Checking slab v0.4.12
    Checking futures-io v0.3.34
    Checking libc v0.2.189
    Checking icu_properties_data v2.3.0
    Checking icu_normalizer_data v2.3.0
    Checking serde_core v1.0.229
    Checking futures-task v0.3.34
    Checking equivalent v1.0.2
    Checking futures-channel v0.3.34
    Checking lock_api v0.4.14
    Checking cpufeatures v0.3.0
    Checking tinyvec_macros v0.1.1
    Checking foldhash v0.2.0
    Checking rustls-pki-types v1.15.1
    Checking allocator-api2 v0.2.21
    Checking rand_core v0.10.1
    Checking zerofrom v0.1.8
    Checking form_urlencoded v1.2.2
    Checking crossbeam-utils v0.8.22
    Checking zerocopy v0.8.56
    Checking subtle v2.6.1
    Checking hashbrown v0.17.1
    Checking tower-service v0.3.3
    Checking cpufeatures v0.2.17
    Checking tinyvec v1.12.0
    Checking crc-catalog v2.5.0
    Checking parking v2.2.1
    Checking tracing-core v0.1.36
    Checking num-traits v0.2.19
    Checking zmij v1.0.23
    Checking ctutils v0.4.2
    Checking thiserror v2.0.20
    Checking httparse v1.10.1
    Checking sync_wrapper v1.0.2
    Checking atomic-waker v1.1.2
    Checking base64 v0.22.1
    Checking either v1.17.0
    Checking chacha20 v0.10.1
    Checking bitflags v2.13.1
    Checking yoke v0.8.3
    Checking httpdate v1.0.3
    Checking tower-layer v0.3.3
    Checking crc v3.4.0
    Checking unicode-bidi v0.3.18
    Checking unicode-properties v0.1.4
    Checking event-listener v5.4.2
    Checking whoami v2.1.3
    Checking mime v0.3.17
    Checking ryu v1.0.23
    Checking byteorder v1.5.0
    Checking dotenvy v0.15.7
    Checking hex v0.4.3
    Checking ref-cast v1.0.27
    Checking libsqlite3-sys v0.30.1
    Checking matchit v0.8.4
    Checking fallible-iterator v0.3.0
    Checking dyn-clone v1.0.20
    Checking webpki-roots v1.0.9
    Checking fallible-streaming-iterator v0.1.9
    Checking zerovec v0.11.7
    Checking zerotrie v0.2.5
    Checking hashbrown v0.16.1
    Checking futures-util v0.3.34
    Checking unicode-normalization v0.1.25
    Checking tracing v0.1.44
    Checking crossbeam-queue v0.3.13
    Checking http v1.5.0
    Checking indexmap v2.14.0
    Checking stringprep v0.1.5
    Checking atoi v2.0.0
    Checking tinystr v0.8.4
    Checking potential_utf v0.1.6
    Checking hashlink v0.11.1
    Checking icu_collections v2.3.0
    Checking hybrid-array v0.4.14
    Checking generic-array v0.14.7
    Checking errno v0.3.14
    Checking mio v1.2.3
    Checking socket2 v0.6.5
    Checking getrandom v0.2.17
    Checking parking_lot_core v0.9.12
    Checking getrandom v0.4.3
    Checking icu_locale_core v2.3.0
    Checking signal-hook-registry v1.4.8
    Checking ring v0.17.14
    Checking rand v0.10.2
    Checking parking_lot v0.12.5
    Checking http-body v1.1.0
    Checking tokio v1.53.1
    Checking http-body-util v0.1.5
    Checking futures-intrusive v0.5.0
    Checking block-buffer v0.12.1
    Checking crypto-common v0.2.2
    Checking axum-core v0.5.6
    Checking block-buffer v0.10.4
    Checking crypto-common v0.1.7
    Checking digest v0.10.7
    Checking icu_provider v2.3.0
    Checking sha2 v0.10.9
    Checking icu_properties v2.3.0
    Checking icu_normalizer v2.3.0
    Checking digest v0.11.3
    Checking hmac v0.13.0
    Checking md-5 v0.11.0
    Checking sha2 v0.11.0
    Checking hkdf v0.13.0
    Checking serde v1.0.229
    Checking serde_json v1.0.149
    Checking serde_path_to_error v0.1.20
    Checking rustls-webpki v0.103.14
    Checking serde_urlencoded v0.7.1
    Checking rustls v0.23.43
    Checking idna_adapter v1.2.2
    Checking idna v1.1.0
    Checking schemars v1.2.1
    Checking url v2.5.8
    Checking ahash v0.8.12
    Checking hashbrown v0.14.5
    Checking hashlink v0.9.1
    Checking rusqlite v0.32.1
    Checking tokio-stream v0.1.19
    Checking hyper v1.11.1
    Checking tower v0.5.3
    Checking sqlx-core v0.9.0
    Checking hyper-util v0.1.20
    Checking axum v0.8.8
    Checking sqlx-postgres v0.9.0
    Checking sqlx v0.9.0
    Checking starbase-core v0.1.0 (/home/al/git/Starbase2/services/core)
    Finished `dev` profile [unoptimized + debuginfo] target(s) in 4.66s
.venv/bin/ruff format --check services/runtime scripts
65 files already formatted
.venv/bin/ruff check services/runtime scripts
All checks passed!
.venv/bin/ty check services/runtime scripts
All checks passed!
cargo test --locked
   Compiling starbase-core v0.1.0 (/home/al/git/Starbase2/services/core)
    Finished `test` profile [unoptimized + debuginfo] target(s) in 1.86s
     Running unittests src/lib.rs (target/debug/deps/starbase_core-57f77e0f8adcee20)

running 34 tests
test operations::tests::grader_distinguishes_inconclusive_invalid_ineligible_and_incomplete ... ok
test tests::duplicated_missing_and_wrong_build_trials_are_rejected ... ok
test tests::equal_public_controls_are_inconclusive_for_quality ... ok
test tests::grading_preserves_failures_no_change_and_hard_gates ... ok
test tests::a_newer_database_cannot_be_silently_downgraded ... ok
test tests::failed_stop_acknowledgement_remains_failed ... ok
test tests::stale_is_independent_of_execution_state ... ok
test tests::source_drift_and_malformed_input_are_rejected ... ok
test tests::duplicate_ingestion_does_not_change_identity_or_dispatch ... ok
test field::tests::stopped_work_cannot_publish_evidence_or_memory ... ok
test tests::unverified_or_partial_results_never_complete ... ok
test operations::tests::empty_scope_is_incomplete_and_workspace_inference_is_denied ... ok
test operations::tests::completion_is_atomic_immutable_and_idempotent ... ok
test tests::cancellation_fences_late_completion ... ok
test repair::tests::duplicate_requests_frozen_evidence_and_retry_budget ... ok
test operations::tests::stop_fences_late_results_and_preserves_snapshot ... ok
test operations::tests::duty_pause_fences_dispatch_and_busy_ticks_do_not_flood ... ok
test field::tests::duty_generation_pause_and_tick_identity ... ok
test repair::tests::authority_checks_revision_expiry_and_cancellation ... ok
test operations::tests::invalid_citations_and_unfrozen_reports_are_rejected ... ok
test tests::retained_result_is_atomic_and_exact_retry_is_idempotent ... ok
test repair::tests::independent_grader_rejects_claimed_success_and_regressions ... ok
test repositories::tests::watch_normalizes_fences_stale_edits_and_retains_removal ... ok
test repair::tests::controls_do_not_earn_progression ... ok
test repair::tests::progression_atomic_deduplicated_and_build_scoped ... ok
test field::tests::field_identity_evidence_and_scope ... ok
test operations::tests::unchanged_snapshot_and_build_are_reported_without_new_qualification ... ok
test field::tests::reviewed_memory_freezes_and_revokes_without_awarding_authority ... ok
test operations::tests::archive_paging_never_hides_active_dispatch ... ok
test repositories::persistence_tests::repository_configuration_survives_sqlite_reopen ... ok
test operations::tests::v1_data_survives_migration ... ok
test tests::reopening_preserves_evidence_and_migrations_are_repeatable ... ok
test repair::tests::migration_preserves_v2_and_reopen_preserves_progression ... ok
test field::tests::capture_retry_and_active_history_remain_visible ... ok

test result: ok. 34 passed; 0 failed; 0 ignored; 0 measured; 0 filtered out; finished in 0.49s

     Running unittests src/main.rs (target/debug/deps/starbase_core-e9492a124911431d)

running 0 tests

test result: ok. 0 passed; 0 failed; 0 ignored; 0 measured; 0 filtered out; finished in 0.00s

   Doc-tests starbase_core

running 0 tests

test result: ok. 0 passed; 0 failed; 0 ignored; 0 measured; 0 filtered out; finished in 0.00s

.venv/bin/python -m pytest -q
.............................................................            [100%]
=============================== warnings summary ===============================
.venv/lib/python3.12/site-packages/graphiti_core/driver/search_interface/search_interface.py:22
  /home/al/git/Starbase2/.venv/lib/python3.12/site-packages/graphiti_core/driver/search_interface/search_interface.py:22: PydanticDeprecatedSince20: Support for class-based `config` is deprecated, use ConfigDict instead. Deprecated in Pydantic V2.0 to be removed in V3.0. See Pydantic V2 Migration Guide at https://errors.pydantic.dev/2.13/migration/
    class SearchInterface(BaseModel):

-- Docs: https://docs.pytest.org/en/stable/how-to/capture-warnings.html
61 passed, 1 warning in 2.04s
cargo build --locked
    Finished `dev` profile [unoptimized + debuginfo] target(s) in 0.04s
.venv/bin/python scripts/contracts.py --check
/home/al/git/Starbase2/.venv/lib/python3.12/site-packages/datamodel_code_generator/parser/jsonschema.py:1379: UserWarning: format of 'uint32' not understood for 'integer' - using default
  return _get_type(type_, format_, data_formats)
/home/al/git/Starbase2/.venv/lib/python3.12/site-packages/datamodel_code_generator/parser/jsonschema.py:1379: UserWarning: format of 'uint64' not understood for 'integer' - using default
  return _get_type(type_, format_, data_formats)
Found 1 error (1 fixed, 0 remaining).
1 file left unchanged
/home/al/git/Starbase2/.venv/lib/python3.12/site-packages/datamodel_code_generator/parser/jsonschema.py:1379: UserWarning: format of 'uint32' not understood for 'integer' - using default
  return _get_type(type_, format_, data_formats)
/home/al/git/Starbase2/.venv/lib/python3.12/site-packages/datamodel_code_generator/parser/jsonschema.py:1379: UserWarning: format of 'uint64' not understood for 'integer' - using default
  return _get_type(type_, format_, data_formats)
Found 1 error (1 fixed, 0 remaining).
1 file left unchanged
/home/al/git/Starbase2/.venv/lib/python3.12/site-packages/datamodel_code_generator/parser/jsonschema.py:1379: UserWarning: format of 'uint32' not understood for 'integer' - using default
  return _get_type(type_, format_, data_formats)
/home/al/git/Starbase2/.venv/lib/python3.12/site-packages/datamodel_code_generator/parser/jsonschema.py:1379: UserWarning: format of 'uint64' not understood for 'integer' - using default
  return _get_type(type_, format_, data_formats)
Found 1 error (1 fixed, 0 remaining).
1 file left unchanged
/home/al/git/Starbase2/.venv/lib/python3.12/site-packages/datamodel_code_generator/parser/jsonschema.py:1379: UserWarning: format of 'uint32' not understood for 'integer' - using default
  return _get_type(type_, format_, data_formats)
/home/al/git/Starbase2/.venv/lib/python3.12/site-packages/datamodel_code_generator/parser/jsonschema.py:1379: UserWarning: format of 'uint64' not understood for 'integer' - using default
  return _get_type(type_, format_, data_formats)
Found 1 error (1 fixed, 0 remaining).
1 file left unchanged
Contracts match.
Contracts match.
Contracts match.
Contracts match.
python3 scripts/check_docs.py
Checked 82 Markdown files and 12 requirement IDs.
Documentation checks passed.
