ffmpeg version 7.1 Copyright (c) 2000-2024 the FFmpeg developers
  built with Apple clang version 13.1.6 (clang-1316.0.21.2.5)
  configuration: --prefix=/Volumes/tempdisk/sw --extra-cflags=-fno-stack-check --arch=arm64 --cc=/usr/bin/clang --enable-gpl --enable-libvmaf --enable-libopenjpeg --enable-libopus --enable-libmp3lame --enable-libx264 --enable-libx265 --enable-libvpx --enable-libwebp --enable-libass --enable-libfreetype --enable-fontconfig --enable-libtheora --enable-libvorbis --enable-libsnappy --enable-libaom --enable-libvidstab --enable-libzimg --enable-libsvtav1 --enable-libharfbuzz --enable-libkvazaar --pkg-config-flags=--static --enable-ffplay --enable-postproc --enable-neon --enable-runtime-cpudetect --disable-indev=qtkit --disable-indev=x11grab_xcb
  libavutil      59. 39.100 / 59. 39.100
  libavcodec     61. 19.100 / 61. 19.100
  libavformat    61.  7.100 / 61.  7.100
  libavdevice    61.  3.100 / 61.  3.100
  libavfilter    10.  4.100 / 10.  4.100
  libswscale      8.  3.100 /  8.  3.100
  libswresample   5.  3.100 /  5.  3.100
  libpostproc    58.  3.100 / 58.  3.100
[aist#0:1/pcm_s16le @ 0x14c704fe0] Guessed Channel Layout: stereo
Input #0, avi, from '.local/command-movie/final.avi':
  Duration: 00:00:07.67, start: 0.000000, bitrate: 27540 kb/s
  Stream #0:0: Video: mjpeg (Baseline) (MJPG / 0x47504A4D), yuvj420p(pc, bt470bg/unknown/unknown), 1280x800 [SAR 1:1 DAR 8:5], 26106 kb/s, 30 fps, 30 tbr, 30 tbn
  Stream #0:1: Audio: pcm_s16le ([1][0][0][0] / 0x0001), 48000 Hz, stereo, s16, 1536 kb/s
Stream mapping:
  Stream #0:0 -> #0:0 (mjpeg (native) -> h264 (libx264))
  Stream #0:1 -> #0:1 (pcm_s16le (native) -> aac (native))
Press [q] to stop, [?] for help
[swscaler @ 0x1300f8000] deprecated pixel format used, make sure you did set range correctly
[libx264 @ 0x14c706c00] using SAR=1/1
[libx264 @ 0x14c706c00] using cpu capabilities: ARMv8 NEON
[libx264 @ 0x14c706c00] profile High, level 3.2, 4:2:0, 8-bit
[libx264 @ 0x14c706c00] 264 - core 164 r3190 7ed753b - H.264/MPEG-4 AVC codec - Copyleft 2003-2024 - http://www.videolan.org/x264.html - options: cabac=1 ref=3 deblock=1:0:0 analyse=0x3:0x113 me=hex subme=7 psy=1 psy_rd=1.00:0.00 mixed_ref=1 me_range=16 chroma_me=1 trellis=1 8x8dct=1 cqm=0 deadzone=21,11 fast_pskip=1 chroma_qp_offset=-2 threads=15 lookahead_threads=2 sliced_threads=0 nr=0 decimate=1 interlaced=0 bluray_compat=0 constrained_intra=0 bframes=3 b_pyramid=2 b_adapt=1 b_bias=0 direct=1 weightb=1 open_gop=0 weightp=2 keyint=250 keyint_min=25 scenecut=40 intra_refresh=0 rc_lookahead=40 rc=crf mbtree=1 crf=22.0 qcomp=0.60 qpmin=0 qpmax=69 qpstep=4 ip_ratio=1.40 aq=1:1.00
Output #0, mp4, to 'evidence/command-district/journey.mp4':
  Metadata:
    encoder         : Lavf61.7.100
  Stream #0:0: Video: h264 (avc1 / 0x31637661), yuv420p(pc, bt470bg/unknown/unknown, progressive), 1280x800 [SAR 1:1 DAR 8:5], q=2-31, 30 fps, 15360 tbn
      Metadata:
        encoder         : Lavc61.19.100 libx264
      Side data:
        cpb: bitrate max/min/avg: 0/0/0 buffer size: 0 vbv_delay: N/A
  Stream #0:1: Audio: aac (LC) (mp4a / 0x6134706D), 48000 Hz, stereo, fltp, 128 kb/s
      Metadata:
        encoder         : Lavc61.19.100 aac
frame=   51 fps=0.0 q=28.0 size=    2048KiB time=00:00:01.63 bitrate=10272.0kbits/s speed=3.23x    [mp4 @ 0x14c7055e0] Starting second pass: moving the moov atom to the beginning of the file
[out#0/mp4 @ 0x14c7054d0] video:2828KiB audio:13KiB subtitle:0KiB other streams:0KiB global headers:0KiB muxing overhead: 0.337812%
frame=  230 fps=0.0 q=-1.0 Lsize=    2850KiB time=00:00:07.60 bitrate=3071.8kbits/s speed=10.3x    
[libx264 @ 0x14c706c00] frame I:2     Avg QP:19.09  size:104031
[libx264 @ 0x14c706c00] frame P:64    Avg QP:18.56  size: 23154
[libx264 @ 0x14c706c00] frame B:164   Avg QP:20.36  size:  7346
[libx264 @ 0x14c706c00] consecutive B-frames:  3.0%  4.3%  3.9% 88.7%
[libx264 @ 0x14c706c00] mb I  I16..4: 23.0% 65.0% 12.0%
[libx264 @ 0x14c706c00] mb P  I16..4:  0.9%  6.5%  0.4%  P16..4: 10.7%  7.3%  5.4%  0.0%  0.0%    skip:68.9%
[libx264 @ 0x14c706c00] mb B  I16..4:  0.1%  0.4%  0.0%  B16..8: 10.1%  4.3%  1.7%  direct: 2.3%  skip:80.9%  L0:46.7% L1:37.9% BI:15.3%
[libx264 @ 0x14c706c00] 8x8 transform intra:78.3% inter:57.1%
[libx264 @ 0x14c706c00] coded y,uvDC,uvAC intra: 62.5% 54.4% 24.8% inter: 8.2% 8.3% 4.5%
[libx264 @ 0x14c706c00] i16 v,h,dc,p: 53% 39%  5%  3%
[libx264 @ 0x14c706c00] i8 v,h,dc,ddl,ddr,vr,hd,vl,hu: 19% 23% 36%  3%  3%  2%  4%  5%  6%
[libx264 @ 0x14c706c00] i4 v,h,dc,ddl,ddr,vr,hd,vl,hu: 25% 27% 15%  4%  5%  5%  6%  6%  6%
[libx264 @ 0x14c706c00] i8c dc,h,v,p: 49% 33% 14%  3%
[libx264 @ 0x14c706c00] Weighted P-Frames: Y:0.0% UV:0.0%
[libx264 @ 0x14c706c00] ref P L0: 44.2% 10.8% 32.8% 12.2%
[libx264 @ 0x14c706c00] ref B L0: 70.7% 24.4%  4.9%
[libx264 @ 0x14c706c00] ref B L1: 92.9%  7.1%
[libx264 @ 0x14c706c00] kb/s:3020.53
[aac @ 0x14c70a2d0] Qavg: 61439.090
