Downloading imageio-ffmpeg (20.1MiB)
 Downloaded imageio-ffmpeg
Installed 1 package in 2ms
ffmpeg version 7.1 Copyright (c) 2000-2024 the FFmpeg developers
  built with Apple clang version 13.1.6 (clang-1316.0.21.2.5)
  configuration: --prefix=/Volumes/tempdisk/sw --extra-cflags=-fno-stack-check --arch=arm64 --cc=/usr/bin/clang --enable-gpl --enable-libvmaf --enable-libopenjpeg --enable-libopus --enable-libmp3lame --enable-libx264 --enable-libx265 --enable-libvpx --enable-libwebp --enable-libass --enable-libfreetype --enable-fontconfig --enable-libtheora --enable-libvorbis --enable-libsnappy --enable-libaom --enable-libvidstab --enable-libzimg --enable-libsvtav1 --enable-libharfbuzz --enable-libkvazaar --pkg-config-flags=--static --enable-ffplay --enable-postproc --enable-neon --enable-runtime-cpudetect --disable-indev=qtkit --disable-indev=x11grab_xcb
  libavutil      59. 39.100 / 59. 39.100
  libavcodec     61. 19.100 / 61. 19.100
  libavformat    61.  7.100 / 61.  7.100
  libavdevice    61.  3.100 / 61.  3.100
  libavfilter    10.  4.100 / 10.  4.100
  libswscale      8.  3.100 /  8.  3.100
  libswresample   5.  3.100 /  5.  3.100
  libpostproc    58.  3.100 / 58.  3.100
[aist#0:1/pcm_s16le @ 0x14161b060] Guessed Channel Layout: stereo
Input #0, avi, from 'evidence/command-district/journey.avi':
  Duration: 00:00:07.67, start: 0.000000, bitrate: 28117 kb/s
  Stream #0:0: Video: mjpeg (Baseline) (MJPG / 0x47504A4D), yuvj420p(pc, bt470bg/unknown/unknown), 1280x800 [SAR 1:1 DAR 8:5], 26685 kb/s, 30 fps, 30 tbr, 30 tbn
  Stream #0:1: Audio: pcm_s16le ([1][0][0][0] / 0x0001), 48000 Hz, stereo, s16, 1536 kb/s
Stream mapping:
  Stream #0:0 -> #0:0 (mjpeg (native) -> h264 (libx264))
  Stream #0:1 -> #0:1 (pcm_s16le (native) -> aac (native))
Press [q] to stop, [?] for help
[swscaler @ 0x1381c8000] deprecated pixel format used, make sure you did set range correctly
[libx264 @ 0x14161cba0] using SAR=1/1
[libx264 @ 0x14161cba0] using cpu capabilities: ARMv8 NEON
[libx264 @ 0x14161cba0] profile High, level 3.2, 4:2:0, 8-bit
[libx264 @ 0x14161cba0] 264 - core 164 r3190 7ed753b - H.264/MPEG-4 AVC codec - Copyleft 2003-2024 - http://www.videolan.org/x264.html - options: cabac=1 ref=3 deblock=1:0:0 analyse=0x3:0x113 me=hex subme=7 psy=1 psy_rd=1.00:0.00 mixed_ref=1 me_range=16 chroma_me=1 trellis=1 8x8dct=1 cqm=0 deadzone=21,11 fast_pskip=1 chroma_qp_offset=-2 threads=15 lookahead_threads=2 sliced_threads=0 nr=0 decimate=1 interlaced=0 bluray_compat=0 constrained_intra=0 bframes=3 b_pyramid=2 b_adapt=1 b_bias=0 direct=1 weightb=1 open_gop=0 weightp=2 keyint=250 keyint_min=25 scenecut=40 intra_refresh=0 rc_lookahead=40 rc=crf mbtree=1 crf=22.0 qcomp=0.60 qpmin=0 qpmax=69 qpstep=4 ip_ratio=1.40 aq=1:1.00
Output #0, mp4, to 'evidence/command-district/journey.mp4':
  Metadata:
    encoder         : Lavf61.7.100
  Stream #0:0: Video: h264 (avc1 / 0x31637661), yuv420p(pc, bt470bg/unknown/unknown, progressive), 1280x800 [SAR 1:1 DAR 8:5], q=2-31, 30 fps, 15360 tbn
      Metadata:
        encoder         : Lavc61.19.100 libx264
      Side data:
        cpb: bitrate max/min/avg: 0/0/0 buffer size: 0 vbv_delay: N/A
  Stream #0:1: Audio: aac (LC) (mp4a / 0x6134706D), 48000 Hz, stereo, fltp, 128 kb/s
      Metadata:
        encoder         : Lavc61.19.100 aac
frame=   48 fps=0.0 q=28.0 size=    2048KiB time=00:00:01.53 bitrate=10941.9kbits/s speed=2.99x    [mp4 @ 0x14161c060] Starting second pass: moving the moov atom to the beginning of the file
[out#0/mp4 @ 0x14161bfa0] video:3159KiB audio:13KiB subtitle:0KiB other streams:0KiB global headers:0KiB muxing overhead: 0.302519%
frame=  230 fps=0.0 q=-1.0 Lsize=    3181KiB time=00:00:07.60 bitrate=3429.0kbits/s speed=10.5x    
[libx264 @ 0x14161cba0] frame I:2     Avg QP:18.51  size:118767
[libx264 @ 0x14161cba0] frame P:64    Avg QP:18.87  size: 25676
[libx264 @ 0x14161cba0] frame B:164   Avg QP:20.04  size:  8251
[libx264 @ 0x14161cba0] consecutive B-frames:  3.9%  2.6%  1.3% 92.2%
[libx264 @ 0x14161cba0] mb I  I16..4: 21.3% 72.0%  6.7%
[libx264 @ 0x14161cba0] mb P  I16..4:  0.8%  5.7%  0.6%  P16..4: 11.6%  8.2%  6.0%  0.0%  0.0%    skip:67.2%
[libx264 @ 0x14161cba0] mb B  I16..4:  0.1%  0.4%  0.0%  B16..8: 10.0%  4.6%  2.0%  direct: 2.5%  skip:80.4%  L0:45.2% L1:38.0% BI:16.9%
[libx264 @ 0x14161cba0] 8x8 transform intra:78.3% inter:54.8%
[libx264 @ 0x14161cba0] coded y,uvDC,uvAC intra: 67.4% 56.6% 27.8% inter: 9.2% 8.9% 5.1%
[libx264 @ 0x14161cba0] i16 v,h,dc,p: 64% 30%  3%  3%
[libx264 @ 0x14161cba0] i8 v,h,dc,ddl,ddr,vr,hd,vl,hu: 18% 22% 35%  3%  3%  2%  4%  6%  6%
[libx264 @ 0x14161cba0] i4 v,h,dc,ddl,ddr,vr,hd,vl,hu: 23% 26% 16%  4%  6%  5%  7%  7%  7%
[libx264 @ 0x14161cba0] i8c dc,h,v,p: 51% 30% 15%  4%
[libx264 @ 0x14161cba0] Weighted P-Frames: Y:0.0% UV:0.0%
[libx264 @ 0x14161cba0] ref P L0: 46.0% 11.7% 30.5% 11.9%
[libx264 @ 0x14161cba0] ref B L0: 72.7% 20.9%  6.4%
[libx264 @ 0x14161cba0] ref B L1: 89.6% 10.4%
[libx264 @ 0x14161cba0] kb/s:3374.60
[aac @ 0x141620240] Qavg: 61439.090
