Godot Engine v4.7.2.stable.official.ed1daf0bf - https://godotengine.org

[   0% ] [90m[1mfirst_scan_filesystem[22m | Started Project initialization (5 steps)[39m[0m
[   0% ] [90m[1mfirst_scan_filesystem[22m | Scanning file structure...[39m[0m
[  16% ] [90m[1mfirst_scan_filesystem[22m | Loading global class names...[39m[0m
[  33% ] [90m[1mfirst_scan_filesystem[22m | Verifying GDExtensions...[39m[0m
[  50% ] [90m[1mfirst_scan_filesystem[22m | Creating autoload scripts...[39m[0m
[  66% ] [90m[1mfirst_scan_filesystem[22m | Initializing plugins...[39m[0m
[  83% ] [90m[1mfirst_scan_filesystem[22m | Starting file scan...[39m[0m
[92m[ DONE ][39m [1mfirst_scan_filesystem[22m
[0m
[   0% ] [90m[1mexport[22m | Started Exporting for macOS (3 steps)[39m[0m
[   0% ] [90m[1mexport[22m | Creating app bundle[39m[0m
[  25% ] [90m[1mexport[22m | Making PKG[39m[0m
[   0% ] [90m[1msavepack[22m | Started Packing (102 steps)[39m[0m
[   1% ] [90m[1msavepack[22m | Storing File: res://assets/characters/captain/captain-back.json[39m[0m
[   1% ] [90m[1msavepack[22m | Storing File: res://.godot/imported/captain-back.png-06052e5b9b3332661cc010d236892aed.ctex[39m[0m
[   1% ] [90m[1msavepack[22m | Storing File: res://assets/characters/captain/captain-back.png.import[39m[0m
[   1% ] [90m[1msavepack[22m | Storing File: res://assets/characters/captain/captain-front.json[39m[0m
[   2% ] [90m[1msavepack[22m | Storing File: res://.godot/imported/captain-front.png-3223e2a184299edc96c86bccad08351d.ctex[39m[0m
[   2% ] [90m[1msavepack[22m | Storing File: res://assets/characters/captain/captain-front.png.import[39m[0m
[   2% ] [90m[1msavepack[22m | Storing File: res://assets/characters/captain/captain-illustrated.json[39m[0m
[   3% ] [90m[1msavepack[22m | Storing File: res://.godot/imported/captain-illustrated.png-889981a946063fe25041b423878a7a2d.ctex[39m[0m
[   3% ] [90m[1msavepack[22m | Storing File: res://assets/characters/captain/captain-illustrated.png.import[39m[0m
[   3% ] [90m[1msavepack[22m | Storing File: res://assets/characters/captain/captain-left.json[39m[0m
[   3% ] [90m[1msavepack[22m | Storing File: res://.godot/imported/captain-left.png-43ca34b68025fbbb2317543ea7af1728.ctex[39m[0m
[   3% ] [90m[1msavepack[22m | Storing File: res://assets/characters/captain/captain-left.png.import[39m[0m
[   4% ] [90m[1msavepack[22m | Storing File: res://assets/characters/captain/captain.json[39m[0m
[   4% ] [90m[1msavepack[22m | Storing File: res://.godot/imported/captain.png-949766465f57dfdd42915b30a314c3be.ctex[39m[0m
[   4% ] [90m[1msavepack[22m | Storing File: res://assets/characters/captain/captain.png.import[39m[0m
[   5% ] [90m[1msavepack[22m | Storing File: res://.godot/imported/cybercat.glb-046e49c52156e5dbe94d50e52eaaa009.scn[39m[0m
[   5% ] [90m[1msavepack[22m | Storing File: res://assets/characters/cybercat-sentinel/cybercat.glb.import[39m[0m
[   5% ] [90m[1msavepack[22m | Storing File: res://.godot/imported/cybercat_texture_0.png-b316115085e10fc5d63d6925fe92c4b7.ctex[39m[0m
[   5% ] [90m[1msavepack[22m | Storing File: res://assets/characters/cybercat-sentinel/cybercat_texture_0.png.import[39m[0m
[   5% ] [90m[1msavepack[22m | Storing File: res://.godot/imported/vanguard.glb-e7594aec5003f832156e72a305f5649a.scn[39m[0m
[   5% ] [90m[1msavepack[22m | Storing File: res://assets/characters/cybercat-vanguard/vanguard.glb.import[39m[0m
[   6% ] [90m[1msavepack[22m | Storing File: res://.godot/imported/vanguard_texture_0.png-53ffe538b254898fd5ad041dc2462d50.ctex[39m[0m
[   6% ] [90m[1msavepack[22m | Storing File: res://assets/characters/cybercat-vanguard/vanguard_texture_0.png.import[39m[0m
[   6% ] [90m[1msavepack[22m | Storing File: res://.godot/imported/engineer.glb-d76e10fbcfcc8cc21928b3f2b9df5178.scn[39m[0m
[   6% ] [90m[1msavepack[22m | Storing File: res://assets/characters/engineering-specialist/engineer.glb.import[39m[0m
[   7% ] [90m[1msavepack[22m | Storing File: res://.godot/imported/engineer_texture_0.png-a563da3c476e89a62122d4d6e69df839.ctex[39m[0m
[   7% ] [90m[1msavepack[22m | Storing File: res://assets/characters/engineering-specialist/engineer_texture_0.png.import[39m[0m
[   7% ] [90m[1msavepack[22m | Storing File: res://assets/characters/eva/eva.json[39m[0m
[   7% ] [90m[1msavepack[22m | Storing File: res://.godot/imported/eva.png-c7280567ef64b77e5235fd5a44a7dbb2.ctex[39m[0m
[   7% ] [90m[1msavepack[22m | Storing File: res://assets/characters/eva/eva.png.import[39m[0m
[   8% ] [90m[1msavepack[22m | Storing File: res://.godot/imported/crew-adventure.png-3bf5916e492311ace889ea95f6f273d1.ctex[39m[0m
[   8% ] [90m[1msavepack[22m | Storing File: res://assets/characters/frontier-crew/crew-adventure.png.import[39m[0m
[   8% ] [90m[1msavepack[22m | Storing File: res://assets/characters/frontier-crew/crew-provenance.json[39m[0m
[   9% ] [90m[1msavepack[22m | Storing File: res://.godot/imported/mender.svg-695434287c7761c33b319ccb9ecf0117.ctex[39m[0m
[   9% ] [90m[1msavepack[22m | Storing File: res://assets/characters/frontier-crew/mender.svg.import[39m[0m
[   9% ] [90m[1msavepack[22m | Storing File: res://.godot/imported/operator.svg-d748e7b7867375a92d7da651648ab6ec.ctex[39m[0m
[   9% ] [90m[1msavepack[22m | Storing File: res://assets/characters/frontier-crew/operator.svg.import[39m[0m
[   9% ] [90m[1msavepack[22m | Storing File: res://.godot/imported/surveyor.svg-2361b80b4f3ed5a6bce0ff30497d2fba.ctex[39m[0m
[   9% ] [90m[1msavepack[22m | Storing File: res://assets/characters/frontier-crew/surveyor.svg.import[39m[0m
[  10% ] [90m[1msavepack[22m | Storing File: res://.godot/imported/trainer.svg-1137b5a14b7e57f687764cd4f45a0dba.ctex[39m[0m
[  10% ] [90m[1msavepack[22m | Storing File: res://assets/characters/frontier-crew/trainer.svg.import[39m[0m
[  10% ] [90m[1msavepack[22m | Storing File: res://.godot/imported/plant.svg-e7176ca1ec21c1be0a5189f00bc89c92.ctex[39m[0m
[  10% ] [90m[1msavepack[22m | Storing File: res://assets/environment/frontier-plants/plant.svg.import[39m[0m
[  11% ] [90m[1msavepack[22m | Storing File: res://.godot/imported/tree.svg-2d23e4303bb87d4e4b91be3484c8fa02.ctex[39m[0m
[  11% ] [90m[1msavepack[22m | Storing File: res://assets/environment/frontier-plants/tree.svg.import[39m[0m
[  11% ] [90m[1msavepack[22m | Storing File: res://.godot/imported/living-commons.glb-012277d1d35740fe18ac98b72808d537.scn[39m[0m
[  11% ] [90m[1msavepack[22m | Storing File: res://assets/environment/living-commons/living-commons.glb.import[39m[0m
[  11% ] [90m[1msavepack[22m | Storing File: res://assets/environment/sandstone/provenance.json[39m[0m
[  12% ] [90m[1msavepack[22m | Storing File: res://.godot/imported/sandstone-v1.png-6ece1e1ce8330ce0599bc6e6234de1ec.ctex[39m[0m
[  12% ] [90m[1msavepack[22m | Storing File: res://assets/environment/sandstone/sandstone-v1.png.import[39m[0m
[  12% ] [90m[1msavepack[22m | Storing File: res://assets/kits/aster-v1/manifest.json[39m[0m
[  13% ] [90m[1msavepack[22m | Storing File: res://.godot/imported/materials.png-50deb912167f5e98851afed916b2c133.ctex[39m[0m
[  13% ] [90m[1msavepack[22m | Storing File: res://assets/kits/aster-v1/materials.png.import[39m[0m
[  13% ] [90m[1msavepack[22m | Storing File: res://assets/kits/aster-v1/provenance.json[39m[0m
[  13% ] [90m[1msavepack[22m | Storing File: res://.godot/imported/deck.svg-3aa2a899941f8712411dfc968dce13b6.ctex[39m[0m
[  13% ] [90m[1msavepack[22m | Storing File: res://assets/kits/frontier-surfaces/deck.svg.import[39m[0m
[  14% ] [90m[1msavepack[22m | Storing File: res://.godot/imported/garden.svg-5f889a54c91ea27a73e4d132dd584df2.ctex[39m[0m
[  14% ] [90m[1msavepack[22m | Storing File: res://assets/kits/frontier-surfaces/garden.svg.import[39m[0m
[  14% ] [90m[1msavepack[22m | Storing File: res://.godot/imported/solar.svg-8b158512b54ee1f686c9c7cd1c6cc321.ctex[39m[0m
[  14% ] [90m[1msavepack[22m | Storing File: res://assets/kits/frontier-surfaces/solar.svg.import[39m[0m
[  15% ] [90m[1msavepack[22m | Storing File: res://.godot/imported/wall.svg-5705738da8ac8a8f1ca70d3c008b9e56.ctex[39m[0m
[  15% ] [90m[1msavepack[22m | Storing File: res://assets/kits/frontier-surfaces/wall.svg.import[39m[0m
[  15% ] [90m[1msavepack[22m | Storing File: res://.godot/imported/analysis-console.glb-c1929b356a9f3cf5d70aa2c72cadb145.scn[39m[0m
[  15% ] [90m[1msavepack[22m | Storing File: res://assets/props/analysis-console/analysis-console.glb.import[39m[0m
[  15% ] [90m[1msavepack[22m | Storing File: res://.godot/imported/analysis-console_Image_0.jpg-4f7c97b8dd31d2edaf38801c75262b23.ctex[39m[0m
[  15% ] [90m[1msavepack[22m | Storing File: res://assets/props/analysis-console/analysis-console_Image_0.jpg.import[39m[0m
[  16% ] [90m[1msavepack[22m | Storing File: res://.godot/imported/analysis-console_Image_1.jpg-cb4c609cc1be3a75219ad6516116fb44.ctex[39m[0m
[  16% ] [90m[1msavepack[22m | Storing File: res://assets/props/analysis-console/analysis-console_Image_1.jpg.import[39m[0m
[  16% ] [90m[1msavepack[22m | Storing File: res://.godot/imported/analysis-console_Image_2.jpg-6c8036861cf220d87ba10e383165f416.ctex[39m[0m
[  16% ] [90m[1msavepack[22m | Storing File: res://assets/props/analysis-console/analysis-console_Image_2.jpg.import[39m[0m
[  17% ] [90m[1msavepack[22m | Storing File: res://.godot/imported/analysis-console_Image_3.jpg-2a6a7ea68209b1ea9a747a2e9f00d0e5.ctex[39m[0m
[  17% ] [90m[1msavepack[22m | Storing File: res://assets/props/analysis-console/analysis-console_Image_3.jpg.import[39m[0m
[  17% ] [90m[1msavepack[22m | Storing File: res://.godot/imported/botany-lab-bench.glb-5888f787f40863a17bc7bc0165c8b284.scn[39m[0m
[  17% ] [90m[1msavepack[22m | Storing File: res://assets/props/botany-lab-bench/botany-lab-bench.glb.import[39m[0m
[  18% ] [90m[1msavepack[22m | Storing File: res://.godot/imported/botany-lab-bench_Image_0.jpg-6e15e7bdd389c6e9be37c8cf8a8087a1.ctex[39m[0m
[  18% ] [90m[1msavepack[22m | Storing File: res://assets/props/botany-lab-bench/botany-lab-bench_Image_0.jpg.import[39m[0m
[  18% ] [90m[1msavepack[22m | Storing File: res://.godot/imported/botany-lab-bench_Image_1.jpg-a4b1543abb3ef364f8c15f338144f14c.ctex[39m[0m
[  18% ] [90m[1msavepack[22m | Storing File: res://assets/props/botany-lab-bench/botany-lab-bench_Image_1.jpg.import[39m[0m
[  18% ] [90m[1msavepack[22m | Storing File: res://.godot/imported/botany-lab-bench_Image_2.jpg-d658ef7ff02f9ac2aceea4cc9475a2ff.ctex[39m[0m
[  18% ] [90m[1msavepack[22m | Storing File: res://assets/props/botany-lab-bench/botany-lab-bench_Image_2.jpg.import[39m[0m
[  19% ] [90m[1msavepack[22m | Storing File: res://.godot/imported/botany-lab-bench_Image_3.jpg-dd63e72b61a68819edcfd1ee95973816.ctex[39m[0m
[  19% ] [90m[1msavepack[22m | Storing File: res://assets/props/botany-lab-bench/botany-lab-bench_Image_3.jpg.import[39m[0m
[  19% ] [90m[1msavepack[22m | Storing File: res://.godot/imported/communications-array.glb-32f1e532ff7164027073b4016d59932d.scn[39m[0m
[  19% ] [90m[1msavepack[22m | Storing File: res://assets/props/communications-array/communications-array.glb.import[39m[0m
[  20% ] [90m[1msavepack[22m | Storing File: res://.godot/imported/communications-array_Image_0.jpg-9fa94bffd60c7ba6b07086f7bc5128cc.ctex[39m[0m
[  20% ] [90m[1msavepack[22m | Storing File: res://assets/props/communications-array/communications-array_Image_0.jpg.import[39m[0m
[  20% ] [90m[1msavepack[22m | Storing File: res://.godot/imported/communications-array_Image_1.jpg-464986e976456e7d84874ac4bccd7160.ctex[39m[0m
[  20% ] [90m[1msavepack[22m | Storing File: res://assets/props/communications-array/communications-array_Image_1.jpg.import[39m[0m
[  20% ] [90m[1msavepack[22m | Storing File: res://.godot/imported/communications-array_Image_2.jpg-4fb26f411f3a1b386134243a9eb48582.ctex[39m[0m
[  20% ] [90m[1msavepack[22m | Storing File: res://assets/props/communications-array/communications-array_Image_2.jpg.import[39m[0m
[  21% ] [90m[1msavepack[22m | Storing File: res://.godot/imported/communications-array_Image_3.jpg-ced138f9875be2d662c3c213d48fe51f.ctex[39m[0m
[  21% ] [90m[1msavepack[22m | Storing File: res://assets/props/communications-array/communications-array_Image_3.jpg.import[39m[0m
[  21% ] [90m[1msavepack[22m | Storing File: res://.godot/imported/reactor.glb-592df8ef8067633f2a4f2e7227ade4df.scn[39m[0m
[  21% ] [90m[1msavepack[22m | Storing File: res://assets/props/containment-reactor/reactor.glb.import[39m[0m
[  22% ] [90m[1msavepack[22m | Storing File: res://.godot/imported/reactor_base_color.jpg-39c4f416c6935825f571d520064f6cdc.ctex[39m[0m
[  22% ] [90m[1msavepack[22m | Storing File: res://assets/props/containment-reactor/reactor_base_color.jpg.import[39m[0m
[  22% ] [90m[1msavepack[22m | Storing File: res://.godot/imported/reactor_emissive.jpg-e307acc5d8561f92060547a1c90777da.ctex[39m[0m
[  22% ] [90m[1msavepack[22m | Storing File: res://assets/props/containment-reactor/reactor_emissive.jpg.import[39m[0m
[  22% ] [90m[1msavepack[22m | Storing File: res://.godot/imported/reactor_metallic_roughness.jpg-1557a595f43ebdacdc8da0929c1358c4.ctex[39m[0m
[  22% ] [90m[1msavepack[22m | Storing File: res://assets/props/containment-reactor/reactor_metallic_roughness.jpg.import[39m[0m
[  23% ] [90m[1msavepack[22m | Storing File: res://.godot/imported/reactor_normal.jpg-17981c2184a130e14dfa30c55b0d61bd.ctex[39m[0m
[  23% ] [90m[1msavepack[22m | Storing File: res://assets/props/containment-reactor/reactor_normal.jpg.import[39m[0m
[  23% ] [90m[1msavepack[22m | Storing File: res://.godot/imported/frontier-galley.glb-f7846c4de07efcc975b7501fa0155d2c.scn[39m[0m
[  23% ] [90m[1msavepack[22m | Storing File: res://assets/props/frontier-galley/frontier-galley.glb.import[39m[0m
[  24% ] [90m[1msavepack[22m | Storing File: res://.godot/imported/frontier-galley_Image_0.jpg-5fafb372f4196ccf90527c13dfe24e5a.ctex[39m[0m
[  24% ] [90m[1msavepack[22m | Storing File: res://assets/props/frontier-galley/frontier-galley_Image_0.jpg.import[39m[0m
[  24% ] [90m[1msavepack[22m | Storing File: res://.godot/imported/frontier-galley_Image_1.jpg-d4ef40452f8cbd1b99e7de477ef0890d.ctex[39m[0m
[  24% ] [90m[1msavepack[22m | Storing File: res://assets/props/frontier-galley/frontier-galley_Image_1.jpg.import[39m[0m
[  24% ] [90m[1msavepack[22m | Storing File: res://.godot/imported/frontier-galley_Image_2.jpg-3aa4aafe7cca8cef0ca0297a4a4acabd.ctex[39m[0m
[  24% ] [90m[1msavepack[22m | Storing File: res://assets/props/frontier-galley/frontier-galley_Image_2.jpg.import[39m[0m
[  25% ] [90m[1msavepack[22m | Storing File: res://.godot/imported/frontier-galley_Image_3.jpg-688712e3f54d394c74469190d81703cb.ctex[39m[0m
[  25% ] [90m[1msavepack[22m | Storing File: res://assets/props/frontier-galley/frontier-galley_Image_3.jpg.import[39m[0m
[  25% ] [90m[1msavepack[22m | Storing File: res://.godot/imported/hydroponic-rack.glb-545caf0176b642c3d201e4898961d326.scn[39m[0m
[  25% ] [90m[1msavepack[22m | Storing File: res://assets/props/hydroponic-rack/hydroponic-rack.glb.import[39m[0m
[  26% ] [90m[1msavepack[22m | Storing File: res://.godot/imported/hydroponic-rack_Image_0.jpg-88ca2be7fe8cce2d5052de5406a6a8d2.ctex[39m[0m
[  26% ] [90m[1msavepack[22m | Storing File: res://assets/props/hydroponic-rack/hydroponic-rack_Image_0.jpg.import[39m[0m
[  26% ] [90m[1msavepack[22m | Storing File: res://.godot/imported/hydroponic-rack_Image_1.jpg-a7923f3cd425615be8662330ec93e4f9.ctex[39m[0m
[  26% ] [90m[1msavepack[22m | Storing File: res://assets/props/hydroponic-rack/hydroponic-rack_Image_1.jpg.import[39m[0m
[  26% ] [90m[1msavepack[22m | Storing File: res://.godot/imported/hydroponic-rack_Image_2.jpg-0259bbbe9e96baa4a15aee92083a04fc.ctex[39m[0m
[  26% ] [90m[1msavepack[22m | Storing File: res://assets/props/hydroponic-rack/hydroponic-rack_Image_2.jpg.import[39m[0m
[  27% ] [90m[1msavepack[22m | Storing File: res://.godot/imported/hydroponic-rack_Image_3.jpg-cca5171425056fd607acb2619ba66557.ctex[39m[0m
[  27% ] [90m[1msavepack[22m | Storing File: res://assets/props/hydroponic-rack/hydroponic-rack_Image_3.jpg.import[39m[0m
[  27% ] [90m[1msavepack[22m | Storing File: res://.godot/imported/mission-table.glb-e9dde36e6c7e88b6b89d37d1220f25a0.scn[39m[0m
[  27% ] [90m[1msavepack[22m | Storing File: res://assets/props/mission-table/mission-table.glb.import[39m[0m
[  28% ] [90m[1msavepack[22m | Storing File: res://.godot/imported/mission-table_Image_0.jpg-94b63b0216b873d5730121eea953a981.ctex[39m[0m
[  28% ] [90m[1msavepack[22m | Storing File: res://assets/props/mission-table/mission-table_Image_0.jpg.import[39m[0m
[  28% ] [90m[1msavepack[22m | Storing File: res://.godot/imported/mission-table_Image_1.jpg-45896c27f5db7d8606e47e2898fcb46d.ctex[39m[0m
[  28% ] [90m[1msavepack[22m | Storing File: res://assets/props/mission-table/mission-table_Image_1.jpg.import[39m[0m
[  28% ] [90m[1msavepack[22m | Storing File: res://.godot/imported/mission-table_Image_2.jpg-95808ee1481492c1285f4690bbe687bd.ctex[39m[0m
[  28% ] [90m[1msavepack[22m | Storing File: res://assets/props/mission-table/mission-table_Image_2.jpg.import[39m[0m
[  29% ] [90m[1msavepack[22m | Storing File: res://.godot/imported/mission-table_Image_3.jpg-89d3ee7c4a9aaa64133b33dfa9e1087c.ctex[39m[0m
[  29% ] [90m[1msavepack[22m | Storing File: res://assets/props/mission-table/mission-table_Image_3.jpg.import[39m[0m
[  29% ] [90m[1msavepack[22m | Storing File: res://.godot/imported/reactor-apparatus.glb-1eb2cc8f50d673839966284031cf3c10.scn[39m[0m
[  29% ] [90m[1msavepack[22m | Storing File: res://assets/props/reactor-apparatus/reactor-apparatus.glb.import[39m[0m
[  30% ] [90m[1msavepack[22m | Storing File: res://.godot/imported/reactor-apparatus_Image_0.jpg-42aa121f0132510d16369691cbf622a9.ctex[39m[0m
[  30% ] [90m[1msavepack[22m | Storing File: res://assets/props/reactor-apparatus/reactor-apparatus_Image_0.jpg.import[39m[0m
[  30% ] [90m[1msavepack[22m | Storing File: res://.godot/imported/reactor-apparatus_Image_1.jpg-b61128be52119b3a3b9a5f0e5238e1b6.ctex[39m[0m
[  30% ] [90m[1msavepack[22m | Storing File: res://assets/props/reactor-apparatus/reactor-apparatus_Image_1.jpg.import[39m[0m
[  30% ] [90m[1msavepack[22m | Storing File: res://.godot/imported/reactor-apparatus_Image_2.jpg-de7889d60884f911f155cc67722bd921.ctex[39m[0m
[  30% ] [90m[1msavepack[22m | Storing File: res://assets/props/reactor-apparatus/reactor-apparatus_Image_2.jpg.import[39m[0m
[  31% ] [90m[1msavepack[22m | Storing File: res://.godot/imported/reactor-apparatus_Image_3.jpg-3f59198e5e4cf223fe94ad7f442f0b3a.ctex[39m[0m
[  31% ] [90m[1msavepack[22m | Storing File: res://assets/props/reactor-apparatus/reactor-apparatus_Image_3.jpg.import[39m[0m
[  31% ] [90m[1msavepack[22m | Storing File: res://.godot/imported/resistance-bench.glb-62438a40d4e36bb284a34555e63771a4.scn[39m[0m
[  31% ] [90m[1msavepack[22m | Storing File: res://assets/props/resistance-bench/resistance-bench.glb.import[39m[0m
[  32% ] [90m[1msavepack[22m | Storing File: res://.godot/imported/resistance-bench_Image_0.jpg-3ed54abea05645df855d21bce6abd924.ctex[39m[0m
[  32% ] [90m[1msavepack[22m | Storing File: res://assets/props/resistance-bench/resistance-bench_Image_0.jpg.import[39m[0m
[  32% ] [90m[1msavepack[22m | Storing File: res://.godot/imported/resistance-bench_Image_1.jpg-b4a87f936070e081a3a6337a5a5424d9.ctex[39m[0m
[  32% ] [90m[1msavepack[22m | Storing File: res://assets/props/resistance-bench/resistance-bench_Image_1.jpg.import[39m[0m
[  32% ] [90m[1msavepack[22m | Storing File: res://.godot/imported/resistance-bench_Image_2.jpg-90453d802a4d4185bf08e92809320a52.ctex[39m[0m
[  32% ] [90m[1msavepack[22m | Storing File: res://assets/props/resistance-bench/resistance-bench_Image_2.jpg.import[39m[0m
[  33% ] [90m[1msavepack[22m | Storing File: res://.godot/imported/resistance-bench_Image_3.jpg-d1955d2c5fbd56c6571fb9cce01fa127.ctex[39m[0m
[  33% ] [90m[1msavepack[22m | Storing File: res://assets/props/resistance-bench/resistance-bench_Image_3.jpg.import[39m[0m
[  33% ] [90m[1msavepack[22m | Storing File: res://.godot/imported/simulation-station.glb-d42ab8befa2c20d027836d55ef4574b5.scn[39m[0m
[  33% ] [90m[1msavepack[22m | Storing File: res://assets/props/simulation-station/simulation-station.glb.import[39m[0m
[  33% ] [90m[1msavepack[22m | Storing File: res://.godot/imported/simulation-station_Image_0.jpg-f6ca4a0eaa73cdd9750e9ea8fd1dd0e9.ctex[39m[0m
[  33% ] [90m[1msavepack[22m | Storing File: res://assets/props/simulation-station/simulation-station_Image_0.jpg.import[39m[0m
[  33% ] [90m[1msavepack[22m | Storing File: res://.godot/imported/simulation-station_Image_1.jpg-5d42af3e7598220527444df811431546.ctex[39m[0m
[  33% ] [90m[1msavepack[22m | Storing File: res://assets/props/simulation-station/simulation-station_Image_1.jpg.import[39m[0m
[  34% ] [90m[1msavepack[22m | Storing File: res://.godot/imported/simulation-station_Image_2.jpg-798c1446c3d2ad52cf7e05ac8023e967.ctex[39m[0m
[  34% ] [90m[1msavepack[22m | Storing File: res://assets/props/simulation-station/simulation-station_Image_2.jpg.import[39m[0m
[  34% ] [90m[1msavepack[22m | Storing File: res://.godot/imported/simulation-station_Image_3.jpg-2654207c3219dc2ff4391107713b84e2.ctex[39m[0m
[  34% ] [90m[1msavepack[22m | Storing File: res://assets/props/simulation-station/simulation-station_Image_3.jpg.import[39m[0m
[  34% ] [90m[1msavepack[22m | Storing File: res://.godot/imported/sleep-capsule.glb-bc3fb22b23567f8cb778b4b9792c73e5.scn[39m[0m
[  34% ] [90m[1msavepack[22m | Storing File: res://assets/props/sleep-capsule/sleep-capsule.glb.import[39m[0m
[  35% ] [90m[1msavepack[22m | Storing File: res://.godot/imported/sleep-capsule_Image_0.jpg-799e1882a275145acb910437704a5a07.ctex[39m[0m
[  35% ] [90m[1msavepack[22m | Storing File: res://assets/props/sleep-capsule/sleep-capsule_Image_0.jpg.import[39m[0m
[  35% ] [90m[1msavepack[22m | Storing File: res://.godot/imported/sleep-capsule_Image_1.jpg-471abbda9d9f9abdf41f85177289b331.ctex[39m[0m
[  35% ] [90m[1msavepack[22m | Storing File: res://assets/props/sleep-capsule/sleep-capsule_Image_1.jpg.import[39m[0m
[  36% ] [90m[1msavepack[22m | Storing File: res://.godot/imported/sleep-capsule_Image_2.jpg-2df7b8d0a3095608c3c8fd3394a4bb95.ctex[39m[0m
[  36% ] [90m[1msavepack[22m | Storing File: res://assets/props/sleep-capsule/sleep-capsule_Image_2.jpg.import[39m[0m
[  36% ] [90m[1msavepack[22m | Storing File: res://.godot/imported/sleep-capsule_Image_3.jpg-69c876e499213e23357cd3fc5ca6e66f.ctex[39m[0m
[  36% ] [90m[1msavepack[22m | Storing File: res://assets/props/sleep-capsule/sleep-capsule_Image_3.jpg.import[39m[0m
[  36% ] [90m[1msavepack[22m | Storing File: res://.godot/imported/greenhouse-interior.glb-a2719d729835f541ff05f41b34d8bb71.scn[39m[0m
[  36% ] [90m[1msavepack[22m | Storing File: res://assets/structures/botanical/greenhouse-interior.glb.import[39m[0m
[  37% ] [90m[1msavepack[22m | Storing File: res://.godot/imported/greenhouse-shell.glb-1c52778c1094abdd967a713a56b3549d.scn[39m[0m
[  37% ] [90m[1msavepack[22m | Storing File: res://assets/structures/botanical/greenhouse-shell.glb.import[39m[0m
[  37% ] [90m[1msavepack[22m | Storing File: res://.godot/imported/greenhouse.png-7e960cba0f5b58eedf4d2c936dfd3926.ctex[39m[0m
[  37% ] [90m[1msavepack[22m | Storing File: res://assets/structures/botanical/greenhouse.png.import[39m[0m
[  38% ] [90m[1msavepack[22m | Storing File: res://.godot/imported/hull.glb-238356983abfa84232bc00d5a5e7869d.scn[39m[0m
[  38% ] [90m[1msavepack[22m | Storing File: res://assets/structures/botanical/hull.glb.import[39m[0m
[  38% ] [90m[1msavepack[22m | Storing File: res://.godot/imported/hull_Image_0.jpg-f66042dca10871c401710b4d30c243e7.ctex[39m[0m
[  38% ] [90m[1msavepack[22m | Storing File: res://assets/structures/botanical/hull_Image_0.jpg.import[39m[0m
[  38% ] [90m[1msavepack[22m | Storing File: res://.godot/imported/hull_Image_1.jpg-df6f5709bc6d42d3832b731fca0c39c8.ctex[39m[0m
[  38% ] [90m[1msavepack[22m | Storing File: res://assets/structures/botanical/hull_Image_1.jpg.import[39m[0m
[  39% ] [90m[1msavepack[22m | Storing File: res://.godot/imported/hull_Image_2.jpg-cceca703b64cb3360d6099eb04af03c1.ctex[39m[0m
[  39% ] [90m[1msavepack[22m | Storing File: res://assets/structures/botanical/hull_Image_2.jpg.import[39m[0m
[  39% ] [90m[1msavepack[22m | Storing File: res://.godot/imported/hull_Image_3.jpg-2113c712c8546436a4f259d337b72486.ctex[39m[0m
[  39% ] [90m[1msavepack[22m | Storing File: res://assets/structures/botanical/hull_Image_3.jpg.import[39m[0m
[  40% ] [90m[1msavepack[22m | Storing File: res://.godot/imported/hull.glb-007b525cb635268df176a7a7489f8467.scn[39m[0m
[  40% ] [90m[1msavepack[22m | Storing File: res://assets/structures/command/hull.glb.import[39m[0m
[  40% ] [90m[1msavepack[22m | Storing File: res://.godot/imported/hull_Image_0.jpg-116610a44000b29c56d34f1f5b95b20b.ctex[39m[0m
[  40% ] [90m[1msavepack[22m | Storing File: res://assets/structures/command/hull_Image_0.jpg.import[39m[0m
[  40% ] [90m[1msavepack[22m | Storing File: res://.godot/imported/hull_Image_1.jpg-49382f9d04679946df5106aa571585aa.ctex[39m[0m
[  40% ] [90m[1msavepack[22m | Storing File: res://assets/structures/command/hull_Image_1.jpg.import[39m[0m
[  41% ] [90m[1msavepack[22m | Storing File: res://.godot/imported/hull_Image_2.jpg-618c9189a1a4933af3ff07f95017a6a2.ctex[39m[0m
[  41% ] [90m[1msavepack[22m | Storing File: res://assets/structures/command/hull_Image_2.jpg.import[39m[0m
[  41% ] [90m[1msavepack[22m | Storing File: res://.godot/imported/hull_Image_3.jpg-4fbb874710544a2c68a06288996a9a37.ctex[39m[0m
[  41% ] [90m[1msavepack[22m | Storing File: res://assets/structures/command/hull_Image_3.jpg.import[39m[0m
[  42% ] [90m[1msavepack[22m | Storing File: res://.godot/imported/review-interior.glb-8022c1fdf45539e47b1c6ae878bb3aac.scn[39m[0m
[  42% ] [90m[1msavepack[22m | Storing File: res://assets/structures/command/review-interior.glb.import[39m[0m
[  42% ] [90m[1msavepack[22m | Storing File: res://.godot/imported/review-shell.glb-a7d5a13503df86b71d5bae1d0796d901.scn[39m[0m
[  42% ] [90m[1msavepack[22m | Storing File: res://assets/structures/command/review-shell.glb.import[39m[0m
[  42% ] [90m[1msavepack[22m | Storing File: res://.godot/imported/survey-command.png-ca516e474e0c6d20b1eefb99361ccbc3.ctex[39m[0m
[  42% ] [90m[1msavepack[22m | Storing File: res://assets/structures/command/survey-command.png.import[39m[0m
[  43% ] [90m[1msavepack[22m | Storing File: res://.godot/imported/engineering-hangar.png-ef748e694b559de1056cffd0ab091cbb.ctex[39m[0m
[  43% ] [90m[1msavepack[22m | Storing File: res://assets/structures/engineering/engineering-hangar.png.import[39m[0m
[  43% ] [90m[1msavepack[22m | Storing File: res://.godot/imported/engineering-interior.glb-630e11f5fb2d28fe51679e499e933d2e.scn[39m[0m
[  43% ] [90m[1msavepack[22m | Storing File: res://assets/structures/engineering/engineering-interior.glb.import[39m[0m
[  44% ] [90m[1msavepack[22m | Storing File: res://.godot/imported/engineering-shell.glb-ddb79ce569a2469cbcadfa63600e9c92.scn[39m[0m
[  44% ] [90m[1msavepack[22m | Storing File: res://assets/structures/engineering/engineering-shell.glb.import[39m[0m
[  44% ] [90m[1msavepack[22m | Storing File: res://.godot/imported/exterior.glb-b0d6e157ba5dd6de757e2848ee06a897.scn[39m[0m
[  44% ] [90m[1msavepack[22m | Storing File: res://assets/structures/engineering/exterior.glb.import[39m[0m
[  44% ] [90m[1msavepack[22m | Storing File: res://.godot/imported/exterior_base_color.jpg-782bbdf94178a2e712d1a920cbe67387.ctex[39m[0m
[  44% ] [90m[1msavepack[22m | Storing File: res://assets/structures/engineering/exterior_base_color.jpg.import[39m[0m
[  45% ] [90m[1msavepack[22m | Storing File: res://.godot/imported/exterior_emissive.jpg-04d449fb8e1e053b9b3f33dac7875aac.ctex[39m[0m
[  45% ] [90m[1msavepack[22m | Storing File: res://assets/structures/engineering/exterior_emissive.jpg.import[39m[0m
[  45% ] [90m[1msavepack[22m | Storing File: res://.godot/imported/exterior_metallic_roughness.jpg-f44d1119036fa19919a479b76bfa3085.ctex[39m[0m
[  45% ] [90m[1msavepack[22m | Storing File: res://assets/structures/engineering/exterior_metallic_roughness.jpg.import[39m[0m
[  46% ] [90m[1msavepack[22m | Storing File: res://.godot/imported/exterior_normal.jpg-267269f207bb550497953aa7fece024e.ctex[39m[0m
[  46% ] [90m[1msavepack[22m | Storing File: res://assets/structures/engineering/exterior_normal.jpg.import[39m[0m
[  46% ] [90m[1msavepack[22m | Storing File: res://.godot/imported/repair-cradle.png-ecfc2f416535b46e2f608ae0513876f9.ctex[39m[0m
[  46% ] [90m[1msavepack[22m | Storing File: res://assets/structures/engineering/repair-cradle.png.import[39m[0m
[  46% ] [90m[1msavepack[22m | Storing File: res://.godot/imported/repair-interior.glb-f24cb22ba053210f0fd82d9ec97cad0b.scn[39m[0m
[  46% ] [90m[1msavepack[22m | Storing File: res://assets/structures/engineering/repair-interior.glb.import[39m[0m
[  47% ] [90m[1msavepack[22m | Storing File: res://.godot/imported/repair-shell.glb-f42e24f6b3687686fe984725aed3ca4f.scn[39m[0m
[  47% ] [90m[1msavepack[22m | Storing File: res://assets/structures/engineering/repair-shell.glb.import[39m[0m
[  47% ] [90m[1msavepack[22m | Storing File: res://.godot/imported/engineering-exterior.glb-8048374d67916ddd8cb2eb0bf1980f7b.scn[39m[0m
[  47% ] [90m[1msavepack[22m | Storing File: res://assets/structures/engineering-prototype/engineering-exterior.glb.import[39m[0m
[  48% ] [90m[1msavepack[22m | Storing File: res://.godot/imported/engineering-exterior_Image_0.jpg-1045ab58c9ae2059fd5d62df3a1e0b0d.ctex[39m[0m
[  48% ] [90m[1msavepack[22m | Storing File: res://assets/structures/engineering-prototype/engineering-exterior_Image_0.jpg.import[39m[0m
[  48% ] [90m[1msavepack[22m | Storing File: res://.godot/imported/engineering-exterior_Image_1.jpg-f6f5fd0d008c097fe2daa2374410cf45.ctex[39m[0m
[  48% ] [90m[1msavepack[22m | Storing File: res://assets/structures/engineering-prototype/engineering-exterior_Image_1.jpg.import[39m[0m
[  48% ] [90m[1msavepack[22m | Storing File: res://.godot/imported/engineering-exterior_Image_2.jpg-5e48b6f30c50056a3226f48a096ee26f.ctex[39m[0m
[  48% ] [90m[1msavepack[22m | Storing File: res://assets/structures/engineering-prototype/engineering-exterior_Image_2.jpg.import[39m[0m
[  49% ] [90m[1msavepack[22m | Storing File: res://.godot/imported/engineering-exterior_Image_3.jpg-f1f79819616c7ef9452a1fb17ad5a67f.ctex[39m[0m
[  49% ] [90m[1msavepack[22m | Storing File: res://assets/structures/engineering-prototype/engineering-exterior_Image_3.jpg.import[39m[0m
[  49% ] [90m[1msavepack[22m | Storing File: res://.godot/imported/engineering-interior.glb-33ab5b9782f0436b679bbe2b18a546db.scn[39m[0m
[  49% ] [90m[1msavepack[22m | Storing File: res://assets/structures/engineering-prototype/engineering-interior.glb.import[39m[0m
[  50% ] [90m[1msavepack[22m | Storing File: res://.godot/imported/habitat-interior.glb-67be8c48594cb836b0f73a6d19bfbcd4.scn[39m[0m
[  50% ] [90m[1msavepack[22m | Storing File: res://assets/structures/habitat/habitat-interior.glb.import[39m[0m
[  50% ] [90m[1msavepack[22m | Storing File: res://.godot/imported/habitat-shell.glb-0005432fefda5c2910722e7eb19fbf49.scn[39m[0m
[  50% ] [90m[1msavepack[22m | Storing File: res://assets/structures/habitat/habitat-shell.glb.import[39m[0m
[  51% ] [90m[1msavepack[22m | Storing File: res://.godot/imported/habitat.png-9faa4e79d459e018f9ddc893114ce144.ctex[39m[0m
[  51% ] [90m[1msavepack[22m | Storing File: res://assets/structures/habitat/habitat.png.import[39m[0m
[  51% ] [90m[1msavepack[22m | Storing File: res://.godot/imported/hull.glb-d81a38a88cf36a4be24eb362a5d156b7.scn[39m[0m
[  51% ] [90m[1msavepack[22m | Storing File: res://assets/structures/habitat/hull.glb.import[39m[0m
[  51% ] [90m[1msavepack[22m | Storing File: res://.godot/imported/hull_Image_0.jpg-612236355355f12d10771ec7075e4fb8.ctex[39m[0m
[  51% ] [90m[1msavepack[22m | Storing File: res://assets/structures/habitat/hull_Image_0.jpg.import[39m[0m
[  52% ] [90m[1msavepack[22m | Storing File: res://.godot/imported/hull_Image_1.jpg-e78cc3350059d79216f74b93972a84c2.ctex[39m[0m
[  52% ] [90m[1msavepack[22m | Storing File: res://assets/structures/habitat/hull_Image_1.jpg.import[39m[0m
[  52% ] [90m[1msavepack[22m | Storing File: res://.godot/imported/hull_Image_2.jpg-abc0285a4c3a16477596af45f27aa9cf.ctex[39m[0m
[  52% ] [90m[1msavepack[22m | Storing File: res://assets/structures/habitat/hull_Image_2.jpg.import[39m[0m
[  53% ] [90m[1msavepack[22m | Storing File: res://.godot/imported/hull_Image_3.jpg-1bb1afeab1072753f1be551cc54faa76.ctex[39m[0m
[  53% ] [90m[1msavepack[22m | Storing File: res://assets/structures/habitat/hull_Image_3.jpg.import[39m[0m
[  53% ] [90m[1msavepack[22m | Storing File: res://.godot/imported/evaluation-lab.png-c903eefd5614143d4c9fb655405c865c.ctex[39m[0m
[  53% ] [90m[1msavepack[22m | Storing File: res://assets/structures/training/evaluation-lab.png.import[39m[0m
[  53% ] [90m[1msavepack[22m | Storing File: res://.godot/imported/gym-interior.glb-7ceadbc5936855c66455f3b82689b185.scn[39m[0m
[  53% ] [90m[1msavepack[22m | Storing File: res://assets/structures/training/gym-interior.glb.import[39m[0m
[  54% ] [90m[1msavepack[22m | Storing File: res://.godot/imported/gym-shell.glb-7484ef687b5dda703ad857176f2578af.scn[39m[0m
[  54% ] [90m[1msavepack[22m | Storing File: res://assets/structures/training/gym-shell.glb.import[39m[0m
[  54% ] [90m[1msavepack[22m | Storing File: res://.godot/imported/hull.glb-7540e25cfb70a840518bd74cff9decab.scn[39m[0m
[  54% ] [90m[1msavepack[22m | Storing File: res://assets/structures/training/hull.glb.import[39m[0m
[  55% ] [90m[1msavepack[22m | Storing File: res://.godot/imported/hull_Image_0.jpg-1250c10bb9c257c7d7415af1f85a1b1a.ctex[39m[0m
[  55% ] [90m[1msavepack[22m | Storing File: res://assets/structures/training/hull_Image_0.jpg.import[39m[0m
[  55% ] [90m[1msavepack[22m | Storing File: res://.godot/imported/hull_Image_1.jpg-676c7624af1858433a12c18c3b5885c3.ctex[39m[0m
[  55% ] [90m[1msavepack[22m | Storing File: res://assets/structures/training/hull_Image_1.jpg.import[39m[0m
[  55% ] [90m[1msavepack[22m | Storing File: res://.godot/imported/hull_Image_2.jpg-7a9eb5c7d79bd7a1d08d55a2ffa01898.ctex[39m[0m
[  55% ] [90m[1msavepack[22m | Storing File: res://assets/structures/training/hull_Image_2.jpg.import[39m[0m
[  56% ] [90m[1msavepack[22m | Storing File: res://.godot/imported/hull_Image_3.jpg-442860a24a14002ba9083de45e5b4f61.ctex[39m[0m
[  56% ] [90m[1msavepack[22m | Storing File: res://assets/structures/training/hull_Image_3.jpg.import[39m[0m
[  56% ] [90m[1msavepack[22m | Storing File: res://.godot/exported/133200997/export-3079a3a42505b556f5e6897f4c0fa60e-captain.res[39m[0m
[  57% ] [90m[1msavepack[22m | Storing File: res://.godot/exported/133200997/export-92f57306db65dd28b1f21c20c01d58e6-eva.res[39m[0m
[  57% ] [90m[1msavepack[22m | Storing File: res://.godot/exported/133200997/export-7253728d486381dda04265374b7c23aa-mender.res[39m[0m
[  57% ] [90m[1msavepack[22m | Storing File: res://.godot/exported/133200997/export-490e8ae3f3e8346bae1374a6ffb5b69f-operator.res[39m[0m
[  58% ] [90m[1msavepack[22m | Storing File: res://.godot/exported/133200997/export-451d82335362beb7537347150496c475-surveyor.res[39m[0m
[  58% ] [90m[1msavepack[22m | Storing File: res://.godot/exported/133200997/export-e2d48f4abe30fe6af837f8df25f849a0-trainer.res[39m[0m
[  59% ] [90m[1msavepack[22m | Storing File: res://.godot/exported/133200997/export-925bd30a533b52dc9a4cc2faf84b4edf-captain-back.res[39m[0m
[  59% ] [90m[1msavepack[22m | Storing File: res://.godot/exported/133200997/export-a5914aefb3219a126f6252bd2eabc51b-captain-front.res[39m[0m
[  59% ] [90m[1msavepack[22m | Storing File: res://.godot/exported/133200997/export-5cb1be47d4b24322b21f17d21139b319-captain-illustrated.res[39m[0m
[  60% ] [90m[1msavepack[22m | Storing File: res://.godot/exported/133200997/export-4b14166700646318a4c67aea5afbccb9-captain-left.res[39m[0m
[  60% ] [90m[1msavepack[22m | Storing File: res://characters/catalog.gdc[39m[0m
[  61% ] [90m[1msavepack[22m | Storing File: res://characters/catalog.json[39m[0m
[  61% ] [90m[1msavepack[22m | Storing File: res://characters/definition.gdc[39m[0m
[  61% ] [90m[1msavepack[22m | Storing File: res://characters/gait.gdc[39m[0m
[  62% ] [90m[1msavepack[22m | Storing File: res://state.gdc[39m[0m
[  62% ] [90m[1msavepack[22m | Storing File: res://characters/meshy_preview.gdc[39m[0m
[  63% ] [90m[1msavepack[22m | Storing File: res://characters/model_visual.gdc[39m[0m
[  63% ] [90m[1msavepack[22m | Storing File: res://runway_beacon.gdshader[39m[0m
[  63% ] [90m[1msavepack[22m | Storing File: res://characters/showroom.gdc[39m[0m
[  64% ] [90m[1msavepack[22m | Storing File: res://.godot/exported/133200997/export-f23bd3bb772168db5ddf6551e0d46b99-showroom.scn[39m[0m
[  64% ] [90m[1msavepack[22m | Storing File: res://space.gdshader[39m[0m
[  65% ] [90m[1msavepack[22m | Storing File: res://.godot/exported/133200997/export-cab7a9d511f7175c38bb553183b7e240-module.scn[39m[0m
[  65% ] [90m[1msavepack[22m | Storing File: res://.godot/exported/133200997/export-1fd0e0740975d90edb9853f0ae0dad17-showroom.scn[39m[0m
[  65% ] [90m[1msavepack[22m | Storing File: res://.godot/exported/133200997/export-d59704efa719b0100e2785374b1d11d6-workshop_exterior.scn[39m[0m
[  66% ] [90m[1msavepack[22m | Storing File: res://.godot/exported/133200997/export-8ba3818a85531f1c423617f6a3b4ed14-workshop_interior.scn[39m[0m
[  66% ] [90m[1msavepack[22m | Storing File: res://.godot/exported/133200997/export-6ed84a21db7716f7009fb3a05a24983b-station.scn[39m[0m
[  66% ] [90m[1msavepack[22m | Storing File: res://.godot/exported/133200997/export-37d50f18b9ff5c9797a9cde02dd9436c-greenhouse.res[39m[0m
[  66% ] [90m[1msavepack[22m | Storing File: res://.godot/exported/133200997/export-93115f94528e10f9b4ac663024e8cd9d-gym.res[39m[0m
[  67% ] [90m[1msavepack[22m | Storing File: res://.godot/exported/133200997/export-77f50333a078ab3bbc205c2d56045f81-habitat.res[39m[0m
[  67% ] [90m[1msavepack[22m | Storing File: res://.godot/exported/133200997/export-3f8bff518f7561bd269a149a28ed15dd-repair.res[39m[0m
[  67% ] [90m[1msavepack[22m | Storing File: res://.godot/exported/133200997/export-10027812b0ca52d37783a511d5efe02c-review.res[39m[0m
[  68% ] [90m[1msavepack[22m | Storing File: res://.godot/exported/133200997/export-7f8de8ab48da1bef7ed919b08df94f8c-engineering-3d.scn[39m[0m
[  68% ] [90m[1msavepack[22m | Storing File: res://.godot/exported/133200997/export-b13f9464ba14b382b2c5afda6b0c681d-engineering-polished.scn[39m[0m
[  69% ] [90m[1msavepack[22m | Storing File: res://.godot/exported/133200997/export-bf7db5d32da59df32fec52ee5a5b7a21-greenhouse-continuous.scn[39m[0m
[  69% ] [90m[1msavepack[22m | Storing File: res://.godot/exported/133200997/export-2ffc5de7db83c2b3ae36c9829d3db90e-gym-continuous.scn[39m[0m
[  69% ] [90m[1msavepack[22m | Storing File: res://.godot/exported/133200997/export-06a68a591d1c7eb0f2c295748ab89371-gym.scn[39m[0m
[  70% ] [90m[1msavepack[22m | Storing File: res://.godot/exported/133200997/export-2209f0ec72c0e8c8a2dcdb40620c29c4-habitat-continuous.scn[39m[0m
[  70% ] [90m[1msavepack[22m | Storing File: res://.godot/exported/133200997/export-3ec1172efde3b17a742ac83a0e989443-hangar-yard.scn[39m[0m
[  71% ] [90m[1msavepack[22m | Storing File: res://.godot/exported/133200997/export-567f4efc77c9accd444999f7c4117642-repair-continuous.scn[39m[0m
[  71% ] [90m[1msavepack[22m | Storing File: res://.godot/exported/133200997/export-fc94c9a2ccd50d7b83a29d8fe6fe979d-review-continuous.scn[39m[0m
[  71% ] [90m[1msavepack[22m | Storing File: res://.godot/exported/133200997/export-e502360f0bb248f314c4bdb5a779e72b-review.scn[39m[0m
[  72% ] [90m[1msavepack[22m | Storing File: res://.godot/exported/133200997/export-f2a156ef8ca1e7ba7cbd4ca299dda664-engineering-3d.scn[39m[0m
[  72% ] [90m[1msavepack[22m | Storing File: res://.godot/exported/133200997/export-bf7db06ff1b75a4ed825cc40f0944693-engineering-polished.scn[39m[0m
[  73% ] [90m[1msavepack[22m | Storing File: res://.godot/exported/133200997/export-38475c9695cec440349af189ad1f05c6-greenhouse-continuous.scn[39m[0m
[  73% ] [90m[1msavepack[22m | Storing File: res://.godot/exported/133200997/export-ede7bdc0eb57ff9ef05844e46e43f5ec-gym-continuous.scn[39m[0m
[  73% ] [90m[1msavepack[22m | Storing File: res://.godot/exported/133200997/export-9a4c11f82a1de75aa4db737801915872-gym.scn[39m[0m
[  74% ] [90m[1msavepack[22m | Storing File: res://.godot/exported/133200997/export-554bd5affe31b56b79658f96e0a4b915-habitat-continuous.scn[39m[0m
[  74% ] [90m[1msavepack[22m | Storing File: res://.godot/exported/133200997/export-2a973dc987680866c36e07b65910a395-repair-continuous.scn[39m[0m
[  75% ] [90m[1msavepack[22m | Storing File: res://.godot/exported/133200997/export-4a0ef096f9714dd7145f7d0c6b7a2143-repair.scn[39m[0m
[  75% ] [90m[1msavepack[22m | Storing File: res://.godot/exported/133200997/export-d53b90ff3a2da608b8b2758144b7a8a5-review-continuous.scn[39m[0m
[  75% ] [90m[1msavepack[22m | Storing File: res://.godot/exported/133200997/export-6616e5765cdff3eff9ee8d98a5187503-review.scn[39m[0m
[  76% ] [90m[1msavepack[22m | Storing File: res://.godot/exported/133200997/export-f53245bfe5959c544902f92cfd00357a-cabinet.scn[39m[0m
[  76% ] [90m[1msavepack[22m | Storing File: res://.godot/exported/133200997/export-4ac54de328a4b513bddbdcc14d4e39b4-chair.scn[39m[0m
[  77% ] [90m[1msavepack[22m | Storing File: res://.godot/exported/133200997/export-cc4ae2ad64016e3f4a3987e0d184a3c2-gantry.scn[39m[0m
[  77% ] [90m[1msavepack[22m | Storing File: res://.godot/exported/133200997/export-c95fb39787466f9d3b3598e24469b72a-repair-cradle.scn[39m[0m
[  77% ] [90m[1msavepack[22m | Storing File: res://.godot/exported/133200997/export-6560b061072159801b177aae2924922d-room-shell.scn[39m[0m
[  78% ] [90m[1msavepack[22m | Storing File: res://.godot/exported/133200997/export-9c5bbf46ccd8da2641825a82d335b4ea-trial-apparatus.scn[39m[0m
[  78% ] [90m[1msavepack[22m | Storing File: res://.godot/exported/133200997/export-e468e6913be42e9138bf179c1c9a9e89-work-console.scn[39m[0m
[  79% ] [90m[1msavepack[22m | Storing File: res://.godot/exported/133200997/export-c804f792f85731fef08534118432f5e6-colony.scn[39m[0m
[  79% ] [90m[1msavepack[22m | Storing File: res://structures/cutaway.gdshader[39m[0m
[  79% ] [90m[1msavepack[22m | Storing File: res://structures/engineering_effects.gdc[39m[0m
[  80% ] [90m[1msavepack[22m | Storing File: res://structures/materials.gdc[39m[0m
[  80% ] [90m[1msavepack[22m | Storing File: res://actor.gdc[39m[0m
[  81% ] [90m[1msavepack[22m | Storing File: res://art.gdc[39m[0m
[  81% ] [90m[1msavepack[22m | Storing File: res://canyon.gdshader[39m[0m
[  81% ] [90m[1msavepack[22m | Storing File: res://terrain.gdshader[39m[0m
[  82% ] [90m[1msavepack[22m | Storing File: res://surface_layout.gdc[39m[0m
[  82% ] [90m[1msavepack[22m | Storing File: res://structure_catalog.gdc[39m[0m
[  83% ] [90m[1msavepack[22m | Storing File: res://structure_definition.gdc[39m[0m
[  83% ] [90m[1msavepack[22m | Storing File: res://world.gdc[39m[0m
[  84% ] [90m[1msavepack[22m | Storing File: res://station.gdc[39m[0m
[  84% ] [90m[1msavepack[22m | Storing File: res://cliff_landform.gdc[39m[0m
[  84% ] [90m[1msavepack[22m | Storing File: res://cliff_rim.gdshader[39m[0m
[  85% ] [90m[1msavepack[22m | Storing File: res://coastal_backdrop.gdc[39m[0m
[  85% ] [90m[1msavepack[22m | Storing File: res://colony_paths.gdc[39m[0m
[  86% ] [90m[1msavepack[22m | Storing File: res://colony_paving.gdc[39m[0m
[  86% ] [90m[1msavepack[22m | Storing File: res://colony_room.gdc[39m[0m
[  86% ] [90m[1msavepack[22m | Storing File: res://commands.gdc[39m[0m
[  87% ] [90m[1msavepack[22m | Storing File: res://command_board.gdc[39m[0m
[  87% ] [90m[1msavepack[22m | Storing File: res://contact_shadow.gdshader[39m[0m
[  88% ] [90m[1msavepack[22m | Storing File: res://crater.gdshader[39m[0m
[  88% ] [90m[1msavepack[22m | Storing File: res://crew_art.gdc[39m[0m
[  88% ] [90m[1msavepack[22m | Storing File: res://strata.gdshader[39m[0m
[  89% ] [90m[1msavepack[22m | Storing File: res://footfall.gdc[39m[0m
[  89% ] [90m[1msavepack[22m | Storing File: res://foundation_surface.gdshader[39m[0m
[  90% ] [90m[1msavepack[22m | Storing File: res://geography.gdc[39m[0m
[  90% ] [90m[1msavepack[22m | Storing File: res://hud.gdc[39m[0m
[  90% ] [90m[1msavepack[22m | Storing File: res://kit_art.gdc[39m[0m
[  91% ] [90m[1msavepack[22m | Storing File: res://kit_module.gdc[39m[0m
[  91% ] [90m[1msavepack[22m | Storing File: res://kit_room.gdc[39m[0m
[  92% ] [90m[1msavepack[22m | Storing File: res://kit_shell.gdc[39m[0m
[  92% ] [90m[1msavepack[22m | Storing File: res://kit_showroom.gdc[39m[0m
[  92% ] [90m[1msavepack[22m | Storing File: res://kit_surface.gdshader[39m[0m
[  93% ] [90m[1msavepack[22m | Storing File: res://landscape.gdc[39m[0m
[  93% ] [90m[1msavepack[22m | Storing File: res://living_commons.gdc[39m[0m
[  94% ] [90m[1msavepack[22m | Storing File: res://living_foliage.gdshader[39m[0m
[  94% ] [90m[1msavepack[22m | Storing File: res://.godot/exported/133200997/export-3070c538c03ee49b7677ff960a3f5195-main.scn[39m[0m
[  94% ] [90m[1msavepack[22m | Storing File: res://mineral_basin.gdc[39m[0m
[  95% ] [90m[1msavepack[22m | Storing File: res://mineral_pool.gdshader[39m[0m
[  95% ] [90m[1msavepack[22m | Storing File: res://navigation.gdc[39m[0m
[  96% ] [90m[1msavepack[22m | Storing File: res://package_capture.gdc[39m[0m
[  96% ] [90m[1msavepack[22m | Storing File: res://package_check.gdc[39m[0m
[  96% ] [90m[1msavepack[22m | Storing File: res://path.gdshader[39m[0m
[  97% ] [90m[1msavepack[22m | Storing File: res://paving_glow.gdshader[39m[0m
[  97% ] [90m[1msavepack[22m | Storing File: res://paving_lights.gdc[39m[0m
[  98% ] [90m[1msavepack[22m | Storing File: res://road_surface.gdshader[39m[0m
[  98% ] [90m[1msavepack[22m | Storing File: res://room_ambience.gdc[39m[0m
[  98% ] [90m[1msavepack[22m | Storing File: res://characters/definitions/captain.tres.remap[39m[0m
[  98% ] [90m[1msavepack[22m | Storing File: res://characters/definitions/eva.tres.remap[39m[0m
[  98% ] [90m[1msavepack[22m | Storing File: res://characters/definitions/mender.tres.remap[39m[0m
[  98% ] [90m[1msavepack[22m | Storing File: res://characters/definitions/operator.tres.remap[39m[0m
[  98% ] [90m[1msavepack[22m | Storing File: res://characters/definitions/surveyor.tres.remap[39m[0m
[  98% ] [90m[1msavepack[22m | Storing File: res://characters/definitions/trainer.tres.remap[39m[0m
[  98% ] [90m[1msavepack[22m | Storing File: res://characters/frames/captain-back.tres.remap[39m[0m
[  98% ] [90m[1msavepack[22m | Storing File: res://characters/frames/captain-front.tres.remap[39m[0m
[  98% ] [90m[1msavepack[22m | Storing File: res://characters/frames/captain-illustrated.tres.remap[39m[0m
[  98% ] [90m[1msavepack[22m | Storing File: res://characters/frames/captain-left.tres.remap[39m[0m
[  98% ] [90m[1msavepack[22m | Storing File: res://characters/catalog.gd.remap[39m[0m
[  98% ] [90m[1msavepack[22m | Storing File: res://characters/definition.gd.remap[39m[0m
[  98% ] [90m[1msavepack[22m | Storing File: res://characters/gait.gd.remap[39m[0m
[  98% ] [90m[1msavepack[22m | Storing File: res://state.gd.remap[39m[0m
[  98% ] [90m[1msavepack[22m | Storing File: res://characters/meshy_preview.gd.remap[39m[0m
[  98% ] [90m[1msavepack[22m | Storing File: res://characters/model_visual.gd.remap[39m[0m
[  98% ] [90m[1msavepack[22m | Storing File: res://characters/showroom.gd.remap[39m[0m
[  98% ] [90m[1msavepack[22m | Storing File: res://characters/showroom.tscn.remap[39m[0m
[  98% ] [90m[1msavepack[22m | Storing File: res://scenes/kit/module.tscn.remap[39m[0m
[  98% ] [90m[1msavepack[22m | Storing File: res://scenes/kit/showroom.tscn.remap[39m[0m
[  98% ] [90m[1msavepack[22m | Storing File: res://scenes/kit/workshop_exterior.tscn.remap[39m[0m
[  98% ] [90m[1msavepack[22m | Storing File: res://scenes/kit/workshop_interior.tscn.remap[39m[0m
[  98% ] [90m[1msavepack[22m | Storing File: res://scenes/station.tscn.remap[39m[0m
[  98% ] [90m[1msavepack[22m | Storing File: res://structures/definitions/greenhouse.tres.remap[39m[0m
[  98% ] [90m[1msavepack[22m | Storing File: res://structures/definitions/gym.tres.remap[39m[0m
[  98% ] [90m[1msavepack[22m | Storing File: res://structures/definitions/habitat.tres.remap[39m[0m
[  98% ] [90m[1msavepack[22m | Storing File: res://structures/definitions/repair.tres.remap[39m[0m
[  98% ] [90m[1msavepack[22m | Storing File: res://structures/definitions/review.tres.remap[39m[0m
[  98% ] [90m[1msavepack[22m | Storing File: res://structures/exteriors/engineering-3d.tscn.remap[39m[0m
[  98% ] [90m[1msavepack[22m | Storing File: res://structures/exteriors/engineering-polished.tscn.remap[39m[0m
[  98% ] [90m[1msavepack[22m | Storing File: res://structures/exteriors/greenhouse-continuous.tscn.remap[39m[0m
[  98% ] [90m[1msavepack[22m | Storing File: res://structures/exteriors/gym-continuous.tscn.remap[39m[0m
[  98% ] [90m[1msavepack[22m | Storing File: res://structures/exteriors/gym.tscn.remap[39m[0m
[  98% ] [90m[1msavepack[22m | Storing File: res://structures/exteriors/habitat-continuous.tscn.remap[39m[0m
[  98% ] [90m[1msavepack[22m | Storing File: res://structures/exteriors/hangar-yard.tscn.remap[39m[0m
[  98% ] [90m[1msavepack[22m | Storing File: res://structures/exteriors/repair-continuous.tscn.remap[39m[0m
[  98% ] [90m[1msavepack[22m | Storing File: res://structures/exteriors/review-continuous.tscn.remap[39m[0m
[  98% ] [90m[1msavepack[22m | Storing File: res://structures/exteriors/review.tscn.remap[39m[0m
[  98% ] [90m[1msavepack[22m | Storing File: res://structures/interiors/engineering-3d.tscn.remap[39m[0m
[  98% ] [90m[1msavepack[22m | Storing File: res://structures/interiors/engineering-polished.tscn.remap[39m[0m
[  98% ] [90m[1msavepack[22m | Storing File: res://structures/interiors/greenhouse-continuous.tscn.remap[39m[0m
[  98% ] [90m[1msavepack[22m | Storing File: res://structures/interiors/gym-continuous.tscn.remap[39m[0m
[  98% ] [90m[1msavepack[22m | Storing File: res://structures/interiors/gym.tscn.remap[39m[0m
[  98% ] [90m[1msavepack[22m | Storing File: res://structures/interiors/habitat-continuous.tscn.remap[39m[0m
[  98% ] [90m[1msavepack[22m | Storing File: res://structures/interiors/repair-continuous.tscn.remap[39m[0m
[  98% ] [90m[1msavepack[22m | Storing File: res://structures/interiors/repair.tscn.remap[39m[0m
[  98% ] [90m[1msavepack[22m | Storing File: res://structures/interiors/review-continuous.tscn.remap[39m[0m
[  98% ] [90m[1msavepack[22m | Storing File: res://structures/interiors/review.tscn.remap[39m[0m
[  98% ] [90m[1msavepack[22m | Storing File: res://structures/parts/cabinet.tscn.remap[39m[0m
[  98% ] [90m[1msavepack[22m | Storing File: res://structures/parts/chair.tscn.remap[39m[0m
[  98% ] [90m[1msavepack[22m | Storing File: res://structures/parts/gantry.tscn.remap[39m[0m
[  98% ] [90m[1msavepack[22m | Storing File: res://structures/parts/repair-cradle.tscn.remap[39m[0m
[  98% ] [90m[1msavepack[22m | Storing File: res://structures/parts/room-shell.tscn.remap[39m[0m
[  98% ] [90m[1msavepack[22m | Storing File: res://structures/parts/trial-apparatus.tscn.remap[39m[0m
[  98% ] [90m[1msavepack[22m | Storing File: res://structures/parts/work-console.tscn.remap[39m[0m
[  98% ] [90m[1msavepack[22m | Storing File: res://structures/colony.tscn.remap[39m[0m
[  98% ] [90m[1msavepack[22m | Storing File: res://structures/engineering_effects.gd.remap[39m[0m
[  98% ] [90m[1msavepack[22m | Storing File: res://structures/materials.gd.remap[39m[0m
[  98% ] [90m[1msavepack[22m | Storing File: res://actor.gd.remap[39m[0m
[  98% ] [90m[1msavepack[22m | Storing File: res://art.gd.remap[39m[0m
[  98% ] [90m[1msavepack[22m | Storing File: res://surface_layout.gd.remap[39m[0m
[  98% ] [90m[1msavepack[22m | Storing File: res://structure_catalog.gd.remap[39m[0m
[  98% ] [90m[1msavepack[22m | Storing File: res://structure_definition.gd.remap[39m[0m
[  98% ] [90m[1msavepack[22m | Storing File: res://world.gd.remap[39m[0m
[  98% ] [90m[1msavepack[22m | Storing File: res://station.gd.remap[39m[0m
[  98% ] [90m[1msavepack[22m | Storing File: res://cliff_landform.gd.remap[39m[0m
[  98% ] [90m[1msavepack[22m | Storing File: res://coastal_backdrop.gd.remap[39m[0m
[  98% ] [90m[1msavepack[22m | Storing File: res://colony_paths.gd.remap[39m[0m
[  98% ] [90m[1msavepack[22m | Storing File: res://colony_paving.gd.remap[39m[0m
[  98% ] [90m[1msavepack[22m | Storing File: res://colony_room.gd.remap[39m[0m
[  98% ] [90m[1msavepack[22m | Storing File: res://commands.gd.remap[39m[0m
[  98% ] [90m[1msavepack[22m | Storing File: res://command_board.gd.remap[39m[0m
[  98% ] [90m[1msavepack[22m | Storing File: res://crew_art.gd.remap[39m[0m
[  98% ] [90m[1msavepack[22m | Storing File: res://footfall.gd.remap[39m[0m
[  98% ] [90m[1msavepack[22m | Storing File: res://geography.gd.remap[39m[0m
[  98% ] [90m[1msavepack[22m | Storing File: res://hud.gd.remap[39m[0m
[  98% ] [90m[1msavepack[22m | Storing File: res://kit_art.gd.remap[39m[0m
[  98% ] [90m[1msavepack[22m | Storing File: res://kit_module.gd.remap[39m[0m
[  98% ] [90m[1msavepack[22m | Storing File: res://kit_room.gd.remap[39m[0m
[  98% ] [90m[1msavepack[22m | Storing File: res://kit_shell.gd.remap[39m[0m
[  98% ] [90m[1msavepack[22m | Storing File: res://kit_showroom.gd.remap[39m[0m
[  98% ] [90m[1msavepack[22m | Storing File: res://landscape.gd.remap[39m[0m
[  98% ] [90m[1msavepack[22m | Storing File: res://living_commons.gd.remap[39m[0m
[  98% ] [90m[1msavepack[22m | Storing File: res://main.tscn.remap[39m[0m
[  98% ] [90m[1msavepack[22m | Storing File: res://mineral_basin.gd.remap[39m[0m
[  98% ] [90m[1msavepack[22m | Storing File: res://navigation.gd.remap[39m[0m
[  98% ] [90m[1msavepack[22m | Storing File: res://package_capture.gd.remap[39m[0m
[  98% ] [90m[1msavepack[22m | Storing File: res://package_check.gd.remap[39m[0m
[  98% ] [90m[1msavepack[22m | Storing File: res://paving_lights.gd.remap[39m[0m
[  98% ] [90m[1msavepack[22m | Storing File: res://room_ambience.gd.remap[39m[0m
[  98% ] [90m[1msavepack[22m | Storing File: res://.godot/global_script_class_cache.cfg[39m[0m
[  98% ] [90m[1msavepack[22m | Storing File: res://.godot/uid_cache.bin[39m[0m
[  98% ] [90m[1msavepack[22m | Storing File: res://project.binary[39m[0m
[92m[ DONE ][39m [1msavepack[22m
[0m
[  75% ] [90m[1mexport[22m | Making ZIP[39m[0m
[92m[ DONE ][39m [1mexport[22m
[0m
