.venv/bin/python -m scripts.deployment.image_rehearsal .local/qualification-inputs-amd64.json .local/qualify-amd64-1788822985
fresh database/roles provisioned; identical provisioning is idempotent
Error: OCI runtime error: runc: runc create failed: unable to start container process: error during container init: error mounting "/home/al/.local/share/containers/storage/overlay-containers/e3b653eafc9aa2dc410be396a647faa5326e2dc72b5e6dae477e1e2fbdb48fc8/userdata/secrets/starbase2-image-d35aac3c1abd-1" to rootfs at "/run/secrets/starbase_database_url_file": create mountpoint for /run/secrets/starbase_database_url_file mount: make mountpoint "/run/secrets/starbase_database_url_file": read-only file system
Traceback (most recent call last):
  File "<frozen runpy>", line 198, in _run_module_as_main
  File "<frozen runpy>", line 88, in _run_code
  File "/home/al/git/Starbase2/scripts/deployment/image_rehearsal.py", line 367, in <module>
    main()
  File "/home/al/git/Starbase2/scripts/deployment/image_rehearsal.py", line 338, in main
    rehearse.main(driver)
  File "/home/al/git/Starbase2/scripts/deployment/rehearse.py", line 171, in main
    run_command(
  File "/home/al/git/Starbase2/scripts/deployment/rehearse.py", line 135, in run_command
    images.run(args, env, **kwargs) if images else subprocess.run(args, env=env, **kwargs)
    ^^^^^^^^^^^^^^^^^^^^^^^^^^^^^^^
  File "/home/al/git/Starbase2/scripts/deployment/image_rehearsal.py", line 251, in run
    return subprocess.run(command, **kwargs)
           ^^^^^^^^^^^^^^^^^^^^^^^^^^^^^^^^^
  File "/home/al/.local/share/mise/installs/python/3.12.13/lib/python3.12/subprocess.py", line 571, in run
    raise CalledProcessError(retcode, process.args,
subprocess.CalledProcessError: Command '['podman', 'run', '--rm', '--pod', 'starbase2-image-d35aac3c1abd', '--name', 'starbase2-image-d35aac3c1abd-1', '--user', '10001:10001', '--read-only', '--cap-drop=ALL', '--security-opt=no-new-privileges', '--tmpfs', '/tmp:rw,size=256m,mode=1777', '--secret', 'starbase2-image-d35aac3c1abd-0,target=/run/secrets/starbase_token_file,uid=10001,gid=10001,mode=0400', '--secret', 'starbase2-image-d35aac3c1abd-1,target=/run/secrets/starbase_database_url_file,uid=10001,gid=10001,mode=0400', '--env-file', '/home/al/git/Starbase2/.local/qualify-amd64-1788822985/starbase2-image-d35aac3c1abd-1.env', 'sha256:582fdec376899d9f8f463872bf3253adddf96577fcc441ec1ffc00e1c314dbe8', '--migrate']' returned non-zero exit status 126.
error: recipe `deployment-qualify-images` failed on line 132 with exit code 1
