ERROR: Failed to open 'user://logs/godot2026-09-05T09.51.14.log'.
   at: copy (core/io/dir_access.cpp:429)
ERROR: Failed to open log file for writing: user://logs/godot.log
   at: rotate_file (core/io/logger.cpp:169)
Godot Engine v4.7.2.stable.official.ed1daf0bf - https://godotengine.org

ERROR: Condition "ret != noErr" is true. Returning: ""
   at: get_system_ca_certificates (platform/macos/os_macos.mm:1035)
ERROR: Colony landmark unreachable: (-24.0, 0.0, 15.0)
   at: push_error (core/variant/variant_utility.cpp:1023)
   GDScript backtrace (most recent call first):
       [0] _initialize (res://test_colony.gd:9)
ERROR: Colony landmark unreachable: (23.0, 0.0, 9.0)
   at: push_error (core/variant/variant_utility.cpp:1023)
   GDScript backtrace (most recent call first):
       [0] _initialize (res://test_colony.gd:9)
ERROR: Colony landmark unreachable: (8.0, 0.0, 20.0)
   at: push_error (core/variant/variant_utility.cpp:1023)
   GDScript backtrace (most recent call first):
       [0] _initialize (res://test_colony.gd:9)
ERROR: Colony landmark unreachable: (-15.0, 0.0, -25.0)
   at: push_error (core/variant/variant_utility.cpp:1023)
   GDScript backtrace (most recent call first):
       [0] _initialize (res://test_colony.gd:9)
