/Users/al/git/Starbase2/assets-production/scripts/build_colony_vent.py:19: DeprecationWarning: 'Material.use_nodes' is expected to be removed in Blender 6.0
  m = bpy.data.materials.new(name); m.diffuse_color = (*color,1); m.use_nodes=True
Info: Saved as "colony-vent.blend"
INFO Draco is available, use library at /Applications/Blender.app/Contents/Resources/5.2/scripts/addons_core/io_scene_gltf2/libbf_intern_draco_bridge.dylib
INFO MeshOptimizer is available, use library at /Applications/Blender.app/Contents/Resources/5.2/scripts/addons_core/io_scene_gltf2/libbf_intern_meshopt_bridge.dylib
19:17:57 | INFO: Starting glTF 2.0 export
19:17:57 | INFO: Extracting primitive: Torus
19:17:57 | INFO: Primitives created: 1
19:17:57 | INFO: Extracting primitive: Sphere.001
19:17:57 | INFO: Primitives created: 1
19:17:57 | INFO: Extracting primitive: Sphere.002
19:17:57 | INFO: Primitives created: 1
19:17:57 | INFO: Extracting primitive: Sphere.003
19:17:57 | INFO: Primitives created: 1
19:17:57 | INFO: Extracting primitive: Sphere.004
19:17:57 | INFO: Primitives created: 1
19:17:57 | INFO: Extracting primitive: Cube.010
19:17:57 | INFO: Primitives created: 1
19:17:57 | INFO: Extracting primitive: Cube.011
19:17:57 | INFO: Primitives created: 1
19:17:57 | INFO: Extracting primitive: Cube.012
19:17:57 | INFO: Primitives created: 1
19:17:57 | INFO: Extracting primitive: Cube
19:17:57 | INFO: Primitives created: 1
19:17:57 | INFO: Extracting primitive: Cube.001
19:17:57 | INFO: Primitives created: 1
19:17:57 | INFO: Extracting primitive: Cube.002
19:17:57 | INFO: Primitives created: 1
19:17:57 | INFO: Extracting primitive: Cube.003
19:17:57 | INFO: Primitives created: 1
19:17:57 | INFO: Extracting primitive: Cube.004
19:17:57 | INFO: Primitives created: 1
19:17:57 | INFO: Extracting primitive: Cube.005
19:17:57 | INFO: Primitives created: 2
19:17:57 | INFO: Finished glTF 2.0 export in 0.011046171188354492 s

Blender 5.2.1 LTS (hash 9e2066aef7ef built 2026-08-25 01:35:57)

Blender quit
