   Compiling starbase-core v0.1.0 (/Users/al/git/Starbase2/services/core)
    Finished `test` profile [unoptimized + debuginfo] target(s) in 0.74s
     Running unittests src/lib.rs (target/debug/deps/starbase_core-9fd93d8b238372d4)

running 43 tests
test field::tests::recurring_inference_opt_in_contract ... ok
test operations::installation_tests::explicit_policy_and_quiesce_are_distinct_from_memory_review ... ok
test operations::installation_tests::local_defaults_and_production_field_default_match_admission ... ok
test field::tests::stopped_work_cannot_publish_evidence_or_memory ... ok
test field::tests::duty_generation_pause_and_tick_identity ... ok
test field::tests::cooldown_spans_midnight_without_charging_skipped_observations ... ok
test field::tests::field_identity_evidence_and_scope ... ok
test operations::tests::grader_distinguishes_inconclusive_invalid_ineligible_and_incomplete ... ok
test field::tests::old_duties_remain_deterministic_and_policy_denials_do_not_reserve ... ok
test field::tests::reviewed_memory_freezes_and_revokes_without_awarding_authority ... ok
test field::tests::daily_admission_retains_failure_duplicates_legacy_and_day_boundary ... ok
test operations::tests::archive_paging_never_hides_active_dispatch ... ok
test operations::tests::completion_is_atomic_immutable_and_idempotent ... ok
test operations::tests::duty_pause_fences_dispatch_and_busy_ticks_do_not_flood ... ok
test operations::tests::empty_scope_is_incomplete_and_workspace_inference_is_denied ... ok
test field::tests::concurrent_manual_and_duty_requests_share_daily_reservations ... ok
test operations::tests::invalid_citations_and_unfrozen_reports_are_rejected ... ok
test operations::tests::snapshot_identifies_installation_without_worker ... ok
test operations::tests::stop_fences_late_results_and_preserves_snapshot ... ok
test operations::tests::unchanged_snapshot_and_build_are_reported_without_new_qualification ... ok
test repair::tests::controls_do_not_earn_progression ... ok
test repair::tests::authority_checks_revision_expiry_and_cancellation ... ok
test repair::tests::duplicate_requests_frozen_evidence_and_retry_budget ... ok
test operations::tests::v1_data_survives_migration ... ok
test tests::duplicated_missing_and_wrong_build_trials_are_rejected ... ok
test tests::equal_public_controls_are_inconclusive_for_quality ... ok
test repair::tests::independent_grader_rejects_claimed_success_and_regressions ... ok
test tests::a_newer_database_cannot_be_silently_downgraded ... ok
test tests::grading_preserves_failures_no_change_and_hard_gates ... ok
test repair::tests::progression_atomic_deduplicated_and_build_scoped ... ok
test repositories::persistence_tests::repository_configuration_survives_sqlite_reopen ... ok
test repositories::tests::watch_normalizes_fences_stale_edits_and_retains_removal ... ok
test repair::tests::migration_preserves_v2_and_reopen_preserves_progression ... ok
test tests::cancellation_fences_late_completion ... ok
test tests::duplicate_ingestion_does_not_change_identity_or_dispatch ... ok
test tests::failed_stop_acknowledgement_remains_failed ... ok
test tests::retained_result_is_atomic_and_exact_retry_is_idempotent ... ok
test tests::source_drift_and_malformed_input_are_rejected ... ok
test tests::stale_is_independent_of_execution_state ... ok
test tests::unverified_or_partial_results_never_complete ... ok
test tests::reopening_preserves_evidence_and_migrations_are_repeatable ... ok
test timestamp_tests::stored_timestamps_round_trip_exactly ... ok
test field::tests::capture_retry_and_active_history_remain_visible ... ok

test result: ok. 43 passed; 0 failed; 0 ignored; 0 measured; 0 filtered out; finished in 0.61s

     Running unittests src/main.rs (target/debug/deps/starbase_core-2c8533978b07dda4)

running 0 tests

test result: ok. 0 passed; 0 failed; 0 ignored; 0 measured; 0 filtered out; finished in 0.00s

   Doc-tests starbase_core

running 0 tests

test result: ok. 0 passed; 0 failed; 0 ignored; 0 measured; 0 filtered out; finished in 0.00s

