Godot Engine v4.7.2.stable.official.ed1daf0bf - https://godotengine.org

[   0% ] [90m[1mfirst_scan_filesystem[22m | Started Project initialization (5 steps)[39m[0m
[   0% ] [90m[1mfirst_scan_filesystem[22m | Scanning file structure...[39m[0m
[  16% ] [90m[1mfirst_scan_filesystem[22m | Loading global class names...[39m[0m
[  33% ] [90m[1mfirst_scan_filesystem[22m | Verifying GDExtensions...[39m[0m
[  50% ] [90m[1mfirst_scan_filesystem[22m | Creating autoload scripts...[39m[0m
[  66% ] [90m[1mfirst_scan_filesystem[22m | Initializing plugins...[39m[0m
[  83% ] [90m[1mfirst_scan_filesystem[22m | Starting file scan...[39m[0m
[92m[ DONE ][39m [1mfirst_scan_filesystem[22m
[0m
[   0% ] [90m[1mupdate_scripts_classes[22m | Started Registering global classes... (2 steps)[39m[0m
[   0% ] [90m[1mupdate_scripts_classes[22m | [39m[0m
[  33% ] [90m[1mupdate_scripts_classes[22m | [39m[0m
[92m[ DONE ][39m [1mupdate_scripts_classes[22m
[0m
[   0% ] [90m[1mreimport[22m | Started (Re)Importing Assets (1 steps)[39m[0m
[   0% ] [90m[1mreimport[22m | Preparing files to reimport...[39m[0m
[   0% ] [90m[1mreimport[22m | Executing pre-reimport operations...[39m[0m
[   0% ] [90m[1mreimport[22m | repair-cradle.png[39m[0m
[  50% ] [90m[1mreimport[22m | Finalizing Asset Import...[39m[0m
[92m[ DONE ][39m [1mreimport[22m
[0m
[   0% ] [90m[1mreimport[22m | Started (Re)Importing Assets (1 steps)[39m[0m
[   0% ] [90m[1mreimport[22m | Executing post-reimport operations...[39m[0m
[92m[ DONE ][39m [1mreimport[22m
[0m
[   0% ] [90m[1msavepack[22m | Started Packing (102 steps)[39m[0m
[   1% ] [90m[1msavepack[22m | Storing File: res://art/geology/provenance.json[39m[0m
[   2% ] [90m[1msavepack[22m | Storing File: res://.godot/imported/sandstone-v1.png-14659b8fc378f553462ee95b9ca4c76e.ctex[39m[0m
[   2% ] [90m[1msavepack[22m | Storing File: res://art/geology/sandstone-v1.png.import[39m[0m
[   3% ] [90m[1msavepack[22m | Storing File: res://art/kits/aster-v1/manifest.json[39m[0m
[   4% ] [90m[1msavepack[22m | Storing File: res://.godot/imported/materials.png-a896c29140c67d472826366a5a033362.ctex[39m[0m
[   4% ] [90m[1msavepack[22m | Storing File: res://art/kits/aster-v1/materials.png.import[39m[0m
[   5% ] [90m[1msavepack[22m | Storing File: res://art/kits/aster-v1/provenance.json[39m[0m
[   6% ] [90m[1msavepack[22m | Storing File: res://.godot/imported/crew-adventure.png-ffa276c72fe38000e83592a0e79a9eb9.ctex[39m[0m
[   6% ] [90m[1msavepack[22m | Storing File: res://art/crew-adventure.png.import[39m[0m
[   7% ] [90m[1msavepack[22m | Storing File: res://art/crew-provenance.json[39m[0m
[   8% ] [90m[1msavepack[22m | Storing File: res://.godot/imported/deck.svg-fae6fdc37032bc1e1ff298e912551226.ctex[39m[0m
[   8% ] [90m[1msavepack[22m | Storing File: res://art/deck.svg.import[39m[0m
[   9% ] [90m[1msavepack[22m | Storing File: res://.godot/imported/garden.svg-ddb3c90640989606a88783cf0fa7dc47.ctex[39m[0m
[   9% ] [90m[1msavepack[22m | Storing File: res://art/garden.svg.import[39m[0m
[  10% ] [90m[1msavepack[22m | Storing File: res://.godot/imported/mender.svg-793a7a04142a4d1da97a2b25c5d6609b.ctex[39m[0m
[  10% ] [90m[1msavepack[22m | Storing File: res://art/mender.svg.import[39m[0m
[  11% ] [90m[1msavepack[22m | Storing File: res://.godot/imported/operator.svg-aae660c7691871be8fd59299aee1ea5d.ctex[39m[0m
[  11% ] [90m[1msavepack[22m | Storing File: res://art/operator.svg.import[39m[0m
[  12% ] [90m[1msavepack[22m | Storing File: res://.godot/imported/plant.svg-08accf0ef23793487ba1e3e4e1f1b1f7.ctex[39m[0m
[  12% ] [90m[1msavepack[22m | Storing File: res://art/plant.svg.import[39m[0m
[  14% ] [90m[1msavepack[22m | Storing File: res://.godot/imported/solar.svg-922f2bbe0ee6b188c3b723513eafd836.ctex[39m[0m
[  14% ] [90m[1msavepack[22m | Storing File: res://art/solar.svg.import[39m[0m
[  15% ] [90m[1msavepack[22m | Storing File: res://.godot/imported/surveyor.svg-38aa1d61851cb112eff9e6c44868e0aa.ctex[39m[0m
[  15% ] [90m[1msavepack[22m | Storing File: res://art/surveyor.svg.import[39m[0m
[  16% ] [90m[1msavepack[22m | Storing File: res://.godot/imported/trainer.svg-66fc7bec7802d8fa890fe4f060a60223.ctex[39m[0m
[  16% ] [90m[1msavepack[22m | Storing File: res://art/trainer.svg.import[39m[0m
[  17% ] [90m[1msavepack[22m | Storing File: res://.godot/imported/tree.svg-cf050c9a45335d24b5fb471fd52dc5fd.ctex[39m[0m
[  17% ] [90m[1msavepack[22m | Storing File: res://art/tree.svg.import[39m[0m
[  18% ] [90m[1msavepack[22m | Storing File: res://.godot/imported/wall.svg-d1f1fe15be1cbb6543f7fac27ced2da3.ctex[39m[0m
[  18% ] [90m[1msavepack[22m | Storing File: res://art/wall.svg.import[39m[0m
[  19% ] [90m[1msavepack[22m | Storing File: res://.godot/imported/engineering-hangar.png-bebc3bafb3816093dc13dc3aeee864a2.ctex[39m[0m
[  19% ] [90m[1msavepack[22m | Storing File: res://buildings/art/engineering-hangar.png.import[39m[0m
[  20% ] [90m[1msavepack[22m | Storing File: res://.godot/imported/repair-cradle.png-66efcb1279cb97b660f7cd2ecc771d19.ctex[39m[0m
[  20% ] [90m[1msavepack[22m | Storing File: res://buildings/art/repair-cradle.png.import[39m[0m
[  21% ] [90m[1msavepack[22m | Storing File: res://.godot/exported/133200997/export-28485fba109d70b2cb28024c10803629-gym.res[39m[0m
[  22% ] [90m[1msavepack[22m | Storing File: res://.godot/exported/133200997/export-983addbc6edf8c8bfe0623cf830079fe-repair.res[39m[0m
[  23% ] [90m[1msavepack[22m | Storing File: res://.godot/exported/133200997/export-bc84b3572ea5acc8396b0c99115f9554-review.res[39m[0m
[  24% ] [90m[1msavepack[22m | Storing File: res://.godot/exported/133200997/export-4ae7722ababdaae13746de3dda05491d-gym.scn[39m[0m
[  26% ] [90m[1msavepack[22m | Storing File: res://.godot/exported/133200997/export-eb1b64bcfc320876c3d9474f2ec80a63-hangar-yard.scn[39m[0m
[  27% ] [90m[1msavepack[22m | Storing File: res://.godot/exported/133200997/export-c56857fac3f9bc35631842aac13578dc-review.scn[39m[0m
[  28% ] [90m[1msavepack[22m | Storing File: res://.godot/exported/133200997/export-3c7ddf2eb3ead2b3a8b810580d43001d-gym.scn[39m[0m
[  29% ] [90m[1msavepack[22m | Storing File: res://.godot/exported/133200997/export-eb661a969361925785d925c19def9f64-repair.scn[39m[0m
[  30% ] [90m[1msavepack[22m | Storing File: res://.godot/exported/133200997/export-dbc4e5784fbfde14f42393da3074d2cf-review.scn[39m[0m
[  31% ] [90m[1msavepack[22m | Storing File: res://.godot/exported/133200997/export-f7a06241c86670a6a5cc459c0b92cc34-cabinet.scn[39m[0m
[  32% ] [90m[1msavepack[22m | Storing File: res://.godot/exported/133200997/export-5eda30dadda02594b0826fa66a5167a1-chair.scn[39m[0m
[  33% ] [90m[1msavepack[22m | Storing File: res://.godot/exported/133200997/export-776f5d825ccde568b6e59e7ab2b34334-gantry.scn[39m[0m
[  33% ] [90m[1msavepack[22m | Storing File: res://.godot/exported/133200997/export-11d9120b705bc2ed8c651df4c57ecab0-repair-cradle.scn[39m[0m
[  34% ] [90m[1msavepack[22m | Storing File: res://.godot/exported/133200997/export-7b147c169f1ae140088ce5a894fd3516-room-shell.scn[39m[0m
[  35% ] [90m[1msavepack[22m | Storing File: res://.godot/exported/133200997/export-92248cc8d9b498c659fd376804afe4c8-trial-apparatus.scn[39m[0m
[  36% ] [90m[1msavepack[22m | Storing File: res://.godot/exported/133200997/export-1890a3c34c2b0a5aea48853f4bdfe870-work-console.scn[39m[0m
[  38% ] [90m[1msavepack[22m | Storing File: res://.godot/exported/133200997/export-06744c9660509fe080c006268f78e11e-colony.scn[39m[0m
[  39% ] [90m[1msavepack[22m | Storing File: res://.godot/exported/133200997/export-cab7a9d511f7175c38bb553183b7e240-module.scn[39m[0m
[  40% ] [90m[1msavepack[22m | Storing File: res://.godot/exported/133200997/export-1fd0e0740975d90edb9853f0ae0dad17-showroom.scn[39m[0m
[  41% ] [90m[1msavepack[22m | Storing File: res://.godot/exported/133200997/export-d59704efa719b0100e2785374b1d11d6-workshop_exterior.scn[39m[0m
[  42% ] [90m[1msavepack[22m | Storing File: res://.godot/exported/133200997/export-8ba3818a85531f1c423617f6a3b4ed14-workshop_interior.scn[39m[0m
[  43% ] [90m[1msavepack[22m | Storing File: res://.godot/exported/133200997/export-6ed84a21db7716f7009fb3a05a24983b-station.scn[39m[0m
[  44% ] [90m[1msavepack[22m | Storing File: res://actor.gdc[39m[0m
[  45% ] [90m[1msavepack[22m | Storing File: res://art.gdc[39m[0m
[  46% ] [90m[1msavepack[22m | Storing File: res://building_catalog.gdc[39m[0m
[  47% ] [90m[1msavepack[22m | Storing File: res://building_definition.gdc[39m[0m
[  48% ] [90m[1msavepack[22m | Storing File: res://building_gallery.gdc[39m[0m
[  50% ] [90m[1msavepack[22m | Storing File: res://canyon.gdshader[39m[0m
[  51% ] [90m[1msavepack[22m | Storing File: res://cliff_landform.gdc[39m[0m
[  52% ] [90m[1msavepack[22m | Storing File: res://cliff_rim.gdshader[39m[0m
[  53% ] [90m[1msavepack[22m | Storing File: res://coastal_backdrop.gdc[39m[0m
[  54% ] [90m[1msavepack[22m | Storing File: res://colony_paths.gdc[39m[0m
[  55% ] [90m[1msavepack[22m | Storing File: res://colony_room.gdc[39m[0m
[  56% ] [90m[1msavepack[22m | Storing File: res://commands.gdc[39m[0m
[  57% ] [90m[1msavepack[22m | Storing File: res://crater.gdshader[39m[0m
[  58% ] [90m[1msavepack[22m | Storing File: res://crew_art.gdc[39m[0m
[  59% ] [90m[1msavepack[22m | Storing File: res://crew_gallery.gdc[39m[0m
[  60% ] [90m[1msavepack[22m | Storing File: res://geography.gdc[39m[0m
[  61% ] [90m[1msavepack[22m | Storing File: res://hud.gdc[39m[0m
[  63% ] [90m[1msavepack[22m | Storing File: res://kit_art.gdc[39m[0m
[  64% ] [90m[1msavepack[22m | Storing File: res://kit_module.gdc[39m[0m
[  65% ] [90m[1msavepack[22m | Storing File: res://kit_room.gdc[39m[0m
[  66% ] [90m[1msavepack[22m | Storing File: res://kit_shell.gdc[39m[0m
[  66% ] [90m[1msavepack[22m | Storing File: res://kit_showroom.gdc[39m[0m
[  67% ] [90m[1msavepack[22m | Storing File: res://kit_surface.gdshader[39m[0m
[  68% ] [90m[1msavepack[22m | Storing File: res://landscape.gdc[39m[0m
[  69% ] [90m[1msavepack[22m | Storing File: res://.godot/exported/133200997/export-3070c538c03ee49b7677ff960a3f5195-main.scn[39m[0m
[  70% ] [90m[1msavepack[22m | Storing File: res://mineral_basin.gdc[39m[0m
[  71% ] [90m[1msavepack[22m | Storing File: res://mineral_pool.gdshader[39m[0m
[  72% ] [90m[1msavepack[22m | Storing File: res://navigation.gdc[39m[0m
[  74% ] [90m[1msavepack[22m | Storing File: res://path.gdshader[39m[0m
[  75% ] [90m[1msavepack[22m | Storing File: res://space.gdshader[39m[0m
[  76% ] [90m[1msavepack[22m | Storing File: res://state.gdc[39m[0m
[  77% ] [90m[1msavepack[22m | Storing File: res://station.gdc[39m[0m
[  78% ] [90m[1msavepack[22m | Storing File: res://strata.gdshader[39m[0m
[  79% ] [90m[1msavepack[22m | Storing File: res://surface_layout.gdc[39m[0m
[  80% ] [90m[1msavepack[22m | Storing File: res://terrain.gdshader[39m[0m
[  81% ] [90m[1msavepack[22m | Storing File: res://test_buildings.gdc[39m[0m
[  82% ] [90m[1msavepack[22m | Storing File: res://test_coast.gdc[39m[0m
[  83% ] [90m[1msavepack[22m | Storing File: res://test_colony.gdc[39m[0m
[  84% ] [90m[1msavepack[22m | Storing File: res://test_commands.gdc[39m[0m
[  85% ] [90m[1msavepack[22m | Storing File: res://test_crew.gdc[39m[0m
[  87% ] [90m[1msavepack[22m | Storing File: res://test_environment.gdc[39m[0m
[  88% ] [90m[1msavepack[22m | Storing File: res://test_interaction.gdc[39m[0m
[  89% ] [90m[1msavepack[22m | Storing File: res://test_kit.gdc[39m[0m
[  90% ] [90m[1msavepack[22m | Storing File: res://test_navigation.gdc[39m[0m
[  91% ] [90m[1msavepack[22m | Storing File: res://test_paths.gdc[39m[0m
[  92% ] [90m[1msavepack[22m | Storing File: res://test_rooms.gdc[39m[0m
[  93% ] [90m[1msavepack[22m | Storing File: res://test_shelf_shape.gdc[39m[0m
[  94% ] [90m[1msavepack[22m | Storing File: res://test_state.gdc[39m[0m
[  95% ] [90m[1msavepack[22m | Storing File: res://test_surface_scatter.gdc[39m[0m
[  96% ] [90m[1msavepack[22m | Storing File: res://test_uplands.gdc[39m[0m
[  97% ] [90m[1msavepack[22m | Storing File: res://world.gdc[39m[0m
[  97% ] [90m[1msavepack[22m | Storing File: res://buildings/definitions/gym.tres.remap[39m[0m
[  97% ] [90m[1msavepack[22m | Storing File: res://buildings/definitions/repair.tres.remap[39m[0m
[  97% ] [90m[1msavepack[22m | Storing File: res://buildings/definitions/review.tres.remap[39m[0m
[  97% ] [90m[1msavepack[22m | Storing File: res://buildings/exteriors/gym.tscn.remap[39m[0m
[  97% ] [90m[1msavepack[22m | Storing File: res://buildings/exteriors/hangar-yard.tscn.remap[39m[0m
[  97% ] [90m[1msavepack[22m | Storing File: res://buildings/exteriors/review.tscn.remap[39m[0m
[  97% ] [90m[1msavepack[22m | Storing File: res://buildings/interiors/gym.tscn.remap[39m[0m
[  97% ] [90m[1msavepack[22m | Storing File: res://buildings/interiors/repair.tscn.remap[39m[0m
[  97% ] [90m[1msavepack[22m | Storing File: res://buildings/interiors/review.tscn.remap[39m[0m
[  97% ] [90m[1msavepack[22m | Storing File: res://buildings/parts/cabinet.tscn.remap[39m[0m
[  97% ] [90m[1msavepack[22m | Storing File: res://buildings/parts/chair.tscn.remap[39m[0m
[  97% ] [90m[1msavepack[22m | Storing File: res://buildings/parts/gantry.tscn.remap[39m[0m
[  97% ] [90m[1msavepack[22m | Storing File: res://buildings/parts/repair-cradle.tscn.remap[39m[0m
[  97% ] [90m[1msavepack[22m | Storing File: res://buildings/parts/room-shell.tscn.remap[39m[0m
[  97% ] [90m[1msavepack[22m | Storing File: res://buildings/parts/trial-apparatus.tscn.remap[39m[0m
[  97% ] [90m[1msavepack[22m | Storing File: res://buildings/parts/work-console.tscn.remap[39m[0m
[  97% ] [90m[1msavepack[22m | Storing File: res://buildings/colony.tscn.remap[39m[0m
[  97% ] [90m[1msavepack[22m | Storing File: res://scenes/kit/module.tscn.remap[39m[0m
[  97% ] [90m[1msavepack[22m | Storing File: res://scenes/kit/showroom.tscn.remap[39m[0m
[  97% ] [90m[1msavepack[22m | Storing File: res://scenes/kit/workshop_exterior.tscn.remap[39m[0m
[  97% ] [90m[1msavepack[22m | Storing File: res://scenes/kit/workshop_interior.tscn.remap[39m[0m
[  97% ] [90m[1msavepack[22m | Storing File: res://scenes/station.tscn.remap[39m[0m
[  97% ] [90m[1msavepack[22m | Storing File: res://actor.gd.remap[39m[0m
[  97% ] [90m[1msavepack[22m | Storing File: res://art.gd.remap[39m[0m
[  97% ] [90m[1msavepack[22m | Storing File: res://building_catalog.gd.remap[39m[0m
[  97% ] [90m[1msavepack[22m | Storing File: res://building_definition.gd.remap[39m[0m
[  97% ] [90m[1msavepack[22m | Storing File: res://building_gallery.gd.remap[39m[0m
[  97% ] [90m[1msavepack[22m | Storing File: res://cliff_landform.gd.remap[39m[0m
[  97% ] [90m[1msavepack[22m | Storing File: res://coastal_backdrop.gd.remap[39m[0m
[  97% ] [90m[1msavepack[22m | Storing File: res://colony_paths.gd.remap[39m[0m
[  97% ] [90m[1msavepack[22m | Storing File: res://colony_room.gd.remap[39m[0m
[  97% ] [90m[1msavepack[22m | Storing File: res://commands.gd.remap[39m[0m
[  97% ] [90m[1msavepack[22m | Storing File: res://crew_art.gd.remap[39m[0m
[  97% ] [90m[1msavepack[22m | Storing File: res://crew_gallery.gd.remap[39m[0m
[  97% ] [90m[1msavepack[22m | Storing File: res://geography.gd.remap[39m[0m
[  97% ] [90m[1msavepack[22m | Storing File: res://hud.gd.remap[39m[0m
[  97% ] [90m[1msavepack[22m | Storing File: res://kit_art.gd.remap[39m[0m
[  97% ] [90m[1msavepack[22m | Storing File: res://kit_module.gd.remap[39m[0m
[  97% ] [90m[1msavepack[22m | Storing File: res://kit_room.gd.remap[39m[0m
[  97% ] [90m[1msavepack[22m | Storing File: res://kit_shell.gd.remap[39m[0m
[  97% ] [90m[1msavepack[22m | Storing File: res://kit_showroom.gd.remap[39m[0m
[  97% ] [90m[1msavepack[22m | Storing File: res://landscape.gd.remap[39m[0m
[  97% ] [90m[1msavepack[22m | Storing File: res://main.tscn.remap[39m[0m
[  97% ] [90m[1msavepack[22m | Storing File: res://mineral_basin.gd.remap[39m[0m
[  97% ] [90m[1msavepack[22m | Storing File: res://navigation.gd.remap[39m[0m
[  97% ] [90m[1msavepack[22m | Storing File: res://state.gd.remap[39m[0m
[  97% ] [90m[1msavepack[22m | Storing File: res://station.gd.remap[39m[0m
[  97% ] [90m[1msavepack[22m | Storing File: res://surface_layout.gd.remap[39m[0m
[  97% ] [90m[1msavepack[22m | Storing File: res://test_buildings.gd.remap[39m[0m
[  97% ] [90m[1msavepack[22m | Storing File: res://test_coast.gd.remap[39m[0m
[  97% ] [90m[1msavepack[22m | Storing File: res://test_colony.gd.remap[39m[0m
[  97% ] [90m[1msavepack[22m | Storing File: res://test_commands.gd.remap[39m[0m
[  97% ] [90m[1msavepack[22m | Storing File: res://test_crew.gd.remap[39m[0m
[  97% ] [90m[1msavepack[22m | Storing File: res://test_environment.gd.remap[39m[0m
[  97% ] [90m[1msavepack[22m | Storing File: res://test_interaction.gd.remap[39m[0m
[  97% ] [90m[1msavepack[22m | Storing File: res://test_kit.gd.remap[39m[0m
[  97% ] [90m[1msavepack[22m | Storing File: res://test_navigation.gd.remap[39m[0m
[  97% ] [90m[1msavepack[22m | Storing File: res://test_paths.gd.remap[39m[0m
[  97% ] [90m[1msavepack[22m | Storing File: res://test_rooms.gd.remap[39m[0m
[  97% ] [90m[1msavepack[22m | Storing File: res://test_shelf_shape.gd.remap[39m[0m
[  97% ] [90m[1msavepack[22m | Storing File: res://test_state.gd.remap[39m[0m
[  97% ] [90m[1msavepack[22m | Storing File: res://test_surface_scatter.gd.remap[39m[0m
[  97% ] [90m[1msavepack[22m | Storing File: res://test_uplands.gd.remap[39m[0m
[  97% ] [90m[1msavepack[22m | Storing File: res://world.gd.remap[39m[0m
[  97% ] [90m[1msavepack[22m | Storing File: res://.godot/global_script_class_cache.cfg[39m[0m
[  97% ] [90m[1msavepack[22m | Storing File: res://.godot/uid_cache.bin[39m[0m
[  97% ] [90m[1msavepack[22m | Storing File: res://project.binary[39m[0m
[92m[ DONE ][39m [1msavepack[22m
[0m
