Godot Engine v4.7.2.stable.official.ed1daf0bf - https://godotengine.org

ERROR: Condition "ret != noErr" is true. Returning: ""
   at: get_system_ca_certificates (platform/macos/os_macos.mm:1035)
CREW_ARRIVAL repair distance=0.10833549499512 traveled=0.15166892856359 path=0 stalled=0.0
CREW_ARRIVAL review distance=0.06500131636858 traveled=0.0 path=0 stalled=0.0
CREW_ARRIVAL gym distance=0.10833328962326 traveled=0.0 path=0 stalled=0.0
CREW_ARRIVAL watchkeeper distance=0.10392178595066 traveled=25.1333217658103 path=0 stalled=0.0
CREW_ARRIVAL reviewer distance=0.10101890563965 traveled=17.9400169644505 path=0 stalled=0.0
ERROR: review initial physical route exists
   at: push_error (core/variant/variant_utility.cpp:1023)
   GDScript backtrace (most recent call first):
       [0] run (res://test_live_crew.gd:73)
ERROR: gym initial physical route exists
   at: push_error (core/variant/variant_utility.cpp:1023)
   GDScript backtrace (most recent call first):
       [0] run (res://test_live_crew.gd:73)
ERROR: repair actually traveled
   at: push_error (core/variant/variant_utility.cpp:1023)
   GDScript backtrace (most recent call first):
       [0] run (res://test_live_crew.gd:73)
ERROR: review actually traveled
   at: push_error (core/variant/variant_utility.cpp:1023)
   GDScript backtrace (most recent call first):
       [0] run (res://test_live_crew.gd:73)
ERROR: gym actually traveled
   at: push_error (core/variant/variant_utility.cpp:1023)
   GDScript backtrace (most recent call first):
       [0] run (res://test_live_crew.gd:73)
